Archive member included to satisfy reference by file (symbol)

/home/kalsifer/st/stm32cubeide_1.16.1/plugins/com.st.stm32cube.ide.mcu.externaltools.gnu-tools-for-stm32.12.3.rel1.linux64_1.0.200.202406132123/tools/bin/../lib/gcc/arm-none-eabi/12.3.1/../../../../arm-none-eabi/lib/thumb/v7e-m+fp/hard/libc_nano.a(libc_a-exit.o)
                              /home/kalsifer/st/stm32cubeide_1.16.1/plugins/com.st.stm32cube.ide.mcu.externaltools.gnu-tools-for-stm32.12.3.rel1.linux64_1.0.200.202406132123/tools/bin/../lib/gcc/arm-none-eabi/12.3.1/../../../../arm-none-eabi/lib/thumb/v7e-m+fp/hard/crt0.o (exit)
/home/kalsifer/st/stm32cubeide_1.16.1/plugins/com.st.stm32cube.ide.mcu.externaltools.gnu-tools-for-stm32.12.3.rel1.linux64_1.0.200.202406132123/tools/bin/../lib/gcc/arm-none-eabi/12.3.1/../../../../arm-none-eabi/lib/thumb/v7e-m+fp/hard/libc_nano.a(libc_a-findfp.o)
                              /home/kalsifer/st/stm32cubeide_1.16.1/plugins/com.st.stm32cube.ide.mcu.externaltools.gnu-tools-for-stm32.12.3.rel1.linux64_1.0.200.202406132123/tools/bin/../lib/gcc/arm-none-eabi/12.3.1/../../../../arm-none-eabi/lib/thumb/v7e-m+fp/hard/libc_nano.a(libc_a-exit.o) (__stdio_exit_handler)
/home/kalsifer/st/stm32cubeide_1.16.1/plugins/com.st.stm32cube.ide.mcu.externaltools.gnu-tools-for-stm32.12.3.rel1.linux64_1.0.200.202406132123/tools/bin/../lib/gcc/arm-none-eabi/12.3.1/../../../../arm-none-eabi/lib/thumb/v7e-m+fp/hard/libc_nano.a(libc_a-fwalk.o)
                              /home/kalsifer/st/stm32cubeide_1.16.1/plugins/com.st.stm32cube.ide.mcu.externaltools.gnu-tools-for-stm32.12.3.rel1.linux64_1.0.200.202406132123/tools/bin/../lib/gcc/arm-none-eabi/12.3.1/../../../../arm-none-eabi/lib/thumb/v7e-m+fp/hard/libc_nano.a(libc_a-findfp.o) (_fwalk_sglue)
/home/kalsifer/st/stm32cubeide_1.16.1/plugins/com.st.stm32cube.ide.mcu.externaltools.gnu-tools-for-stm32.12.3.rel1.linux64_1.0.200.202406132123/tools/bin/../lib/gcc/arm-none-eabi/12.3.1/../../../../arm-none-eabi/lib/thumb/v7e-m+fp/hard/libc_nano.a(libc_a-stdio.o)
                              /home/kalsifer/st/stm32cubeide_1.16.1/plugins/com.st.stm32cube.ide.mcu.externaltools.gnu-tools-for-stm32.12.3.rel1.linux64_1.0.200.202406132123/tools/bin/../lib/gcc/arm-none-eabi/12.3.1/../../../../arm-none-eabi/lib/thumb/v7e-m+fp/hard/libc_nano.a(libc_a-findfp.o) (__sread)
/home/kalsifer/st/stm32cubeide_1.16.1/plugins/com.st.stm32cube.ide.mcu.externaltools.gnu-tools-for-stm32.12.3.rel1.linux64_1.0.200.202406132123/tools/bin/../lib/gcc/arm-none-eabi/12.3.1/../../../../arm-none-eabi/lib/thumb/v7e-m+fp/hard/libc_nano.a(libc_a-memset.o)
                              /home/kalsifer/st/stm32cubeide_1.16.1/plugins/com.st.stm32cube.ide.mcu.externaltools.gnu-tools-for-stm32.12.3.rel1.linux64_1.0.200.202406132123/tools/bin/../lib/gcc/arm-none-eabi/12.3.1/../../../../arm-none-eabi/lib/thumb/v7e-m+fp/hard/crt0.o (memset)
/home/kalsifer/st/stm32cubeide_1.16.1/plugins/com.st.stm32cube.ide.mcu.externaltools.gnu-tools-for-stm32.12.3.rel1.linux64_1.0.200.202406132123/tools/bin/../lib/gcc/arm-none-eabi/12.3.1/../../../../arm-none-eabi/lib/thumb/v7e-m+fp/hard/libc_nano.a(libc_a-closer.o)
                              /home/kalsifer/st/stm32cubeide_1.16.1/plugins/com.st.stm32cube.ide.mcu.externaltools.gnu-tools-for-stm32.12.3.rel1.linux64_1.0.200.202406132123/tools/bin/../lib/gcc/arm-none-eabi/12.3.1/../../../../arm-none-eabi/lib/thumb/v7e-m+fp/hard/libc_nano.a(libc_a-stdio.o) (_close_r)
/home/kalsifer/st/stm32cubeide_1.16.1/plugins/com.st.stm32cube.ide.mcu.externaltools.gnu-tools-for-stm32.12.3.rel1.linux64_1.0.200.202406132123/tools/bin/../lib/gcc/arm-none-eabi/12.3.1/../../../../arm-none-eabi/lib/thumb/v7e-m+fp/hard/libc_nano.a(libc_a-reent.o)
                              /home/kalsifer/st/stm32cubeide_1.16.1/plugins/com.st.stm32cube.ide.mcu.externaltools.gnu-tools-for-stm32.12.3.rel1.linux64_1.0.200.202406132123/tools/bin/../lib/gcc/arm-none-eabi/12.3.1/../../../../arm-none-eabi/lib/thumb/v7e-m+fp/hard/libc_nano.a(libc_a-closer.o) (errno)
/home/kalsifer/st/stm32cubeide_1.16.1/plugins/com.st.stm32cube.ide.mcu.externaltools.gnu-tools-for-stm32.12.3.rel1.linux64_1.0.200.202406132123/tools/bin/../lib/gcc/arm-none-eabi/12.3.1/../../../../arm-none-eabi/lib/thumb/v7e-m+fp/hard/libc_nano.a(libc_a-impure.o)
                              /home/kalsifer/st/stm32cubeide_1.16.1/plugins/com.st.stm32cube.ide.mcu.externaltools.gnu-tools-for-stm32.12.3.rel1.linux64_1.0.200.202406132123/tools/bin/../lib/gcc/arm-none-eabi/12.3.1/../../../../arm-none-eabi/lib/thumb/v7e-m+fp/hard/libc_nano.a(libc_a-reent.o) (_impure_ptr)
/home/kalsifer/st/stm32cubeide_1.16.1/plugins/com.st.stm32cube.ide.mcu.externaltools.gnu-tools-for-stm32.12.3.rel1.linux64_1.0.200.202406132123/tools/bin/../lib/gcc/arm-none-eabi/12.3.1/../../../../arm-none-eabi/lib/thumb/v7e-m+fp/hard/libc_nano.a(libc_a-lseekr.o)
[...]
Memory Configuration

Name             Origin             Length             Attributes
RAM              0x20000000         0x00020000         xrw
FLASH            0x08000000         0x00080000         xr
*default*        0x00000000         0xffffffff

Linker script and memory map

LOAD /home/kalsifer/st/stm32cubeide_1.16.1/plugins/com.st.stm32cube.ide.mcu.externaltools.gnu-tools-for-stm32.12.3.rel1.linux64_1.0.200.202406132123/tools/bin/../lib/gcc/arm-none-eabi/12.3.1/thumb/v7e-m+fp/hard/crti.o
LOAD /home/kalsifer/st/stm32cubeide_1.16.1/plugins/com.st.stm32cube.ide.mcu.externaltools.gnu-tools-for-stm32.12.3.rel1.linux64_1.0.200.202406132123/tools/bin/../lib/gcc/arm-none-eabi/12.3.1/thumb/v7e-m+fp/hard/crtbegin.o
LOAD /home/kalsifer/st/stm32cubeide_1.16.1/plugins/com.st.stm32cube.ide.mcu.externaltools.gnu-tools-for-stm32.12.3.rel1.linux64_1.0.200.202406132123/tools/bin/../lib/gcc/arm-none-eabi/12.3.1/../../../../arm-none-eabi/lib/thumb/v7e-m+fp/hard/crt0.o
LOAD ./Core/Src/gpio.o
LOAD ./Core/Src/main.o
LOAD ./Core/Src/spi.o
LOAD ./Core/Src/stm32g4xx_hal_msp.o
LOAD ./Core/Src/stm32g4xx_it.o
LOAD ./Core/Src/syscalls.o
LOAD ./Core/Src/sysmem.o
LOAD ./Core/Src/system_stm32g4xx.o
LOAD ./Core/Src/usart.o
LOAD ./Core/Startup/startup_stm32g474retx.o
LOAD ./Drivers/STM32G4xx_HAL_Driver/Src/stm32g4xx_hal.o
LOAD ./Drivers/STM32G4xx_HAL_Driver/Src/stm32g4xx_hal_cortex.o
LOAD ./Drivers/STM32G4xx_HAL_Driver/Src/stm32g4xx_hal_dma.o
LOAD ./Drivers/STM32G4xx_HAL_Driver/Src/stm32g4xx_hal_dma_ex.o
LOAD ./Drivers/STM32G4xx_HAL_Driver/Src/stm32g4xx_hal_exti.o
LOAD ./Drivers/STM32G4xx_HAL_Driver/Src/stm32g4xx_hal_flash.o
LOAD ./Drivers/STM32G4xx_HAL_Driver/Src/stm32g4xx_hal_flash_ex.o
LOAD ./Drivers/STM32G4xx_HAL_Driver/Src/stm32g4xx_hal_flash_ramfunc.o
LOAD ./Drivers/STM32G4xx_HAL_Driver/Src/stm32g4xx_hal_gpio.o
LOAD ./Drivers/STM32G4xx_HAL_Driver/Src/stm32g4xx_hal_pwr.o
LOAD ./Drivers/STM32G4xx_HAL_Driver/Src/stm32g4xx_hal_pwr_ex.o
LOAD ./Drivers/STM32G4xx_HAL_Driver/Src/stm32g4xx_hal_rcc.o
LOAD ./Drivers/STM32G4xx_HAL_Driver/Src/stm32g4xx_hal_rcc_ex.o
LOAD ./Drivers/STM32G4xx_HAL_Driver/Src/stm32g4xx_hal_spi.o
LOAD ./Drivers/STM32G4xx_HAL_Driver/Src/stm32g4xx_hal_spi_ex.o
LOAD ./Drivers/STM32G4xx_HAL_Driver/Src/stm32g4xx_hal_tim.o
LOAD ./Drivers/STM32G4xx_HAL_Driver/Src/stm32g4xx_hal_tim_ex.o
LOAD ./Drivers/STM32G4xx_HAL_Driver/Src/stm32g4xx_hal_uart.o
LOAD ./Drivers/STM32G4xx_HAL_Driver/Src/stm32g4xx_hal_uart_ex.o
START GROUP
LOAD /home/kalsifer/st/stm32cubeide_1.16.1/plugins/com.st.stm32cube.ide.mcu.externaltools.gnu-tools-for-stm32.12.3.rel1.linux64_1.0.200.202406132123/tools/bin/../lib/gcc/arm-none-eabi/12.3.1/../../../../arm-none-eabi/lib/thumb/v7e-m+fp/hard/libc_nano.a
LOAD /home/kalsifer/st/stm32cubeide_1.16.1/plugins/com.st.stm32cube.ide.mcu.externaltools.gnu-tools-for-stm32.12.3.rel1.linux64_1.0.200.202406132123/tools/bin/../lib/gcc/arm-none-eabi/12.3.1/../../../../arm-none-eabi/lib/thumb/v7e-m+fp/hard/libm.a
END GROUP
START GROUP
LOAD /home/kalsifer/st/stm32cubeide_1.16.1/plugins/com.st.stm32cube.ide.mcu.externaltools.gnu-tools-for-stm32.12.3.rel1.linux64_1.0.200.202406132123/tools/bin/../lib/gcc/arm-none-eabi/12.3.1/thumb/v7e-m+fp/hard/libgcc.a
LOAD /home/kalsifer/st/stm32cubeide_1.16.1/plugins/com.st.stm32cube.ide.mcu.externaltools.gnu-tools-for-stm32.12.3.rel1.linux64_1.0.200.202406132123/tools/bin/../lib/gcc/arm-none-eabi/12.3.1/../../../../arm-none-eabi/lib/thumb/v7e-m+fp/hard/libc_nano.a
END GROUP
START GROUP
LOAD /home/kalsifer/st/stm32cubeide_1.16.1/plugins/com.st.stm32cube.ide.mcu.externaltools.gnu-tools-for-stm32.12.3.rel1.linux64_1.0.200.202406132123/tools/bin/../lib/gcc/arm-none-eabi/12.3.1/thumb/v7e-m+fp/hard/libgcc.a
LOAD /home/kalsifer/st/stm32cubeide_1.16.1/plugins/com.st.stm32cube.ide.mcu.externaltools.gnu-tools-for-stm32.12.3.rel1.linux64_1.0.200.202406132123/tools/bin/../lib/gcc/arm-none-eabi/12.3.1/../../../../arm-none-eabi/lib/thumb/v7e-m+fp/hard/libc_nano.a
LOAD /home/kalsifer/st/stm32cubeide_1.16.1/plugins/com.st.stm32cube.ide.mcu.externaltools.gnu-tools-for-stm32.12.3.rel1.linux64_1.0.200.202406132123/tools/bin/../lib/gcc/arm-none-eabi/12.3.1/../../../../arm-none-eabi/lib/thumb/v7e-m+fp/hard/libnosys.a
END GROUP
START GROUP
LOAD /home/kalsifer/st/stm32cubeide_1.16.1/plugins/com.st.stm32cube.ide.mcu.externaltools.gnu-tools-for-stm32.12.3.rel1.linux64_1.0.200.202406132123/tools/bin/../lib/gcc/arm-none-eabi/12.3.1/thumb/v7e-m+fp/hard/libgcc.a
LOAD /home/kalsifer/st/stm32cubeide_1.16.1/plugins/com.st.stm32cube.ide.mcu.externaltools.gnu-tools-for-stm32.12.3.rel1.linux64_1.0.200.202406132123/tools/bin/../lib/gcc/arm-none-eabi/12.3.1/../../../../arm-none-eabi/lib/thumb/v7e-m+fp/hard/libc_nano.a
LOAD /home/kalsifer/st/stm32cubeide_1.16.1/plugins/com.st.stm32cube.ide.mcu.externaltools.gnu-tools-for-stm32.12.3.rel1.linux64_1.0.200.202406132123/tools/bin/../lib/gcc/arm-none-eabi/12.3.1/../../../../arm-none-eabi/lib/thumb/v7e-m+fp/hard/libnosys.a
END GROUP
LOAD /home/kalsifer/st/stm32cubeide_1.16.1/plugins/com.st.stm32cube.ide.mcu.externaltools.gnu-tools-for-stm32.12.3.rel1.linux64_1.0.200.202406132123/tools/bin/../lib/gcc/arm-none-eabi/12.3.1/thumb/v7e-m+fp/hard/crtend.o
LOAD /home/kalsifer/st/stm32cubeide_1.16.1/plugins/com.st.stm32cube.ide.mcu.externaltools.gnu-tools-for-stm32.12.3.rel1.linux64_1.0.200.202406132123/tools/bin/../lib/gcc/arm-none-eabi/12.3.1/thumb/v7e-m+fp/hard/crtn.o
                0x20020000                        _estack = (ORIGIN (RAM) + LENGTH (RAM))
                0x00000200                        _Min_Heap_Size = 0x200
                0x00000400                        _Min_Stack_Size = 0x400

.isr_vector     0x08000000      0x1d8
                0x08000000                        . = ALIGN (0x4)
 *(.isr_vector)
 .isr_vector    0x08000000      0x1d8 ./Core/Startup/startup_stm32g474retx.o
                0x08000000                g_pfnVectors
                0x080001d8                        . = ALIGN (0x4)

.text           0x080001d8     0x3f74
                0x080001d8                        . = ALIGN (0x4)
 *(.text)
 .text          0x080001d8       0x40 /home/kalsifer/st/stm32cubeide_1.16.1/plugins/com.st.stm32cube.ide.mcu.externaltools.gnu-tools-for-stm32.12.3.rel1.linux64_1.0.200.202406132123/tools/bin/../lib/gcc/arm-none-eabi/12.3.1/thumb/v7e-m+fp/hard/crtbegin.o
 .text          0x08000218       0x30 /home/kalsifer/st/stm32cubeide_1.16.1/plugins/com.st.stm32cube.ide.mcu.externaltools.gnu-tools-for-stm32.12.3.rel1.linux64_1.0.200.202406132123/tools/bin/../lib/gcc/arm-none-eabi/12.3.1/thumb/v7e-m+fp/hard/libgcc.a(_aeabi_uldivmod.o)
                0x08000218                __aeabi_uldivmod
 .text          0x08000248      0x2bc /home/kalsifer/st/stm32cubeide_1.16.1/plugins/com.st.stm32cube.ide.mcu.externaltools.gnu-tools-for-stm32.12.3.rel1.linux64_1.0.200.202406132123/tools/bin/../lib/gcc/arm-none-eabi/12.3.1/thumb/v7e-m+fp/hard/libgcc.a(_udivmoddi4.o)
                0x08000248                __udivmoddi4
 .text          0x08000504        0x4 /home/kalsifer/st/stm32cubeide_1.16.1/plugins/com.st.stm32cube.ide.mcu.externaltools.gnu-tools-for-stm32.12.3.rel1.linux64_1.0.200.202406132123/tools/bin/../lib/gcc/arm-none-eabi/12.3.1/thumb/v7e-m+fp/hard/libgcc.a(_dvmd_tls.o)
                0x08000504                __aeabi_ldiv0
                0x08000504                __aeabi_idiv0
 *(.text*)
 .text.MX_GPIO_Init
                0x08000508       0xb4 ./Core/Src/gpio.o
                0x08000508                MX_GPIO_Init
 .text.main     0x080005bc       0xa0 ./Core/Src/main.o
                0x080005bc                main
 .text.SystemClock_Config
                0x0800065c       0x96 ./Core/Src/main.o
                0x0800065c                SystemClock_Config
 .text.Error_Handler
                0x080006f2        0xc ./Core/Src/main.o
                0x080006f2                Error_Handler
 *fill*         0x080006fe        0x2 
 .text.MX_SPI1_Init
                0x08000700       0x7c ./Core/Src/spi.o
                0x08000700                MX_SPI1_Init
 .text.HAL_SPI_MspInit
                0x0800077c       0x94 ./Core/Src/spi.o
                0x0800077c                HAL_SPI_MspInit
 .text.HAL_MspInit
                0x08000810       0x48 ./Core/Src/stm32g4xx_hal_msp.o
                0x08000810                HAL_MspInit
 .text.NMI_Handler
                0x08000858        0x8 ./Core/Src/stm32g4xx_it.o
                0x08000858                NMI_Handler
 .text.HardFault_Handler
                0x08000860        0x8 ./Core/Src/stm32g4xx_it.o
                0x08000860                HardFault_Handler
 .text.MemManage_Handler
                0x08000868        0x8 ./Core/Src/stm32g4xx_it.o
                0x08000868                MemManage_Handler
 .text.BusFault_Handler
                0x08000870        0x8 ./Core/Src/stm32g4xx_it.o
                0x08000870                BusFault_Handler
 .text.UsageFault_Handler
                0x08000878        0x8 ./Core/Src/stm32g4xx_it.o
                0x08000878                UsageFault_Handler
 .text.SVC_Handler
                0x08000880        0xe ./Core/Src/stm32g4xx_it.o
                0x08000880                SVC_Handler
 .text.DebugMon_Handler
                0x0800088e        0xe ./Core/Src/stm32g4xx_it.o
                0x0800088e                DebugMon_Handler
 .text.PendSV_Handler
                0x0800089c        0xe ./Core/Src/stm32g4xx_it.o
                0x0800089c                PendSV_Handler
 .text.SysTick_Handler
                0x080008aa        0xc ./Core/Src/stm32g4xx_it.o
                0x080008aa                SysTick_Handler
 *fill*         0x080008b6        0x2 
 .text.SPI1_IRQHandler
                0x080008b8       0x14 ./Core/Src/stm32g4xx_it.o
                0x080008b8                SPI1_IRQHandler
 .text.EXTI15_10_IRQHandler
                0x080008cc       0x10 ./Core/Src/stm32g4xx_it.o
                0x080008cc                EXTI15_10_IRQHandler
 .text.SystemInit
                0x080008dc       0x24 ./Core/Src/system_stm32g4xx.o
                0x080008dc                SystemInit
 .text.MX_LPUART1_UART_Init
                0x08000900       0x94 ./Core/Src/usart.o
                0x08000900                MX_LPUART1_UART_Init
 .text.HAL_UART_MspInit
                0x08000994       0xb0 ./Core/Src/usart.o
                0x08000994                HAL_UART_MspInit
 .text.Reset_Handler
                0x08000a44       0x50 ./Core/Startup/startup_stm32g474retx.o
                0x08000a44                Reset_Handler
 .text.Default_Handler
                0x08000a94        0x2 ./Core/Startup/startup_stm32g474retx.o
                0x08000a94                RTC_Alarm_IRQHandler
                0x08000a94                EXTI2_IRQHandler
                0x08000a94                TIM8_TRG_COM_IRQHandler
                0x08000a94                TIM8_CC_IRQHandler
                0x08000a94                HRTIM1_Master_IRQHandler
                0x08000a94                SPI4_IRQHandler
                0x08000a94                FDCAN3_IT0_IRQHandler
                0x08000a94                TIM1_CC_IRQHandler
                0x08000a94                HRTIM1_FLT_IRQHandler
                0x08000a94                HRTIM1_TIMF_IRQHandler
                0x08000a94                USB_HP_IRQHandler
                0x08000a94                CORDIC_IRQHandler
                0x08000a94                HRTIM1_TIMD_IRQHandler
                0x08000a94                DMA2_Channel8_IRQHandler
                0x08000a94                EXTI3_IRQHandler
                0x08000a94                I2C3_ER_IRQHandler
                0x08000a94                EXTI0_IRQHandler
                0x08000a94                I2C2_EV_IRQHandler
                0x08000a94                FPU_IRQHandler
                0x08000a94                FDCAN1_IT1_IRQHandler
                0x08000a94                TIM1_UP_TIM16_IRQHandler
                0x08000a94                ADC1_2_IRQHandler
                0x08000a94                HRTIM1_TIME_IRQHandler
                0x08000a94                TIM6_DAC_IRQHandler
                0x08000a94                HRTIM1_TIMC_IRQHandler
                0x08000a94                TIM8_UP_IRQHandler
                0x08000a94                DMA2_Channel2_IRQHandler
                0x08000a94                DMA1_Channel4_IRQHandler
                0x08000a94                TIM20_TRG_COM_IRQHandler
                0x08000a94                USART3_IRQHandler
                0x08000a94                DMA1_Channel7_IRQHandler
                0x08000a94                UART5_IRQHandler
                0x08000a94                ADC3_IRQHandler
                0x08000a94                TIM4_IRQHandler
                0x08000a94                DMA2_Channel1_IRQHandler
                0x08000a94                QUADSPI_IRQHandler
                0x08000a94                I2C1_EV_IRQHandler
                0x08000a94                DMA1_Channel6_IRQHandler
                0x08000a94                UART4_IRQHandler
                0x08000a94                DMA2_Channel4_IRQHandler
                0x08000a94                TIM3_IRQHandler
                0x08000a94                RCC_IRQHandler
                0x08000a94                TIM20_UP_IRQHandler
                0x08000a94                DMA1_Channel1_IRQHandler
                0x08000a94                Default_Handler
                0x08000a94                DMA2_Channel7_IRQHandler
                0x08000a94                RTC_TAMP_LSECSS_IRQHandler
                0x08000a94                FMAC_IRQHandler
                0x08000a94                DMA1_Channel8_IRQHandler
                0x08000a94                HRTIM1_TIMA_IRQHandler
                0x08000a94                TIM7_DAC_IRQHandler
                0x08000a94                FDCAN3_IT1_IRQHandler
                0x08000a94                TIM5_IRQHandler
                0x08000a94                UCPD1_IRQHandler
                0x08000a94                I2C3_EV_IRQHandler
                0x08000a94                EXTI9_5_IRQHandler
                0x08000a94                RTC_WKUP_IRQHandler
                0x08000a94                PVD_PVM_IRQHandler
                0x08000a94                SPI2_IRQHandler
                0x08000a94                ADC5_IRQHandler
                0x08000a94                DMA2_Channel5_IRQHandler
                0x08000a94                CRS_IRQHandler
                0x08000a94                DMA1_Channel5_IRQHandler
                0x08000a94                USB_LP_IRQHandler
                0x08000a94                EXTI4_IRQHandler
                0x08000a94                RNG_IRQHandler
                0x08000a94                HRTIM1_TIMB_IRQHandler
                0x08000a94                TIM1_TRG_COM_TIM17_IRQHandler
                0x08000a94                FDCAN2_IT1_IRQHandler
                0x08000a94                DMA1_Channel3_IRQHandler
                0x08000a94                ADC4_IRQHandler
                0x08000a94                WWDG_IRQHandler
                0x08000a94                I2C4_EV_IRQHandler
                0x08000a94                FDCAN2_IT0_IRQHandler
                0x08000a94                LPUART1_IRQHandler
                0x08000a94                DMA2_Channel6_IRQHandler
                0x08000a94                FDCAN1_IT0_IRQHandler
                0x08000a94                TIM2_IRQHandler
                0x08000a94                COMP7_IRQHandler
                0x08000a94                COMP1_2_3_IRQHandler
                0x08000a94                EXTI1_IRQHandler
                0x08000a94                USART2_IRQHandler
                0x08000a94                COMP4_5_6_IRQHandler
                0x08000a94                TIM20_BRK_IRQHandler
                0x08000a94                I2C2_ER_IRQHandler
                0x08000a94                DMA1_Channel2_IRQHandler
                0x08000a94                TIM8_BRK_IRQHandler
                0x08000a94                FLASH_IRQHandler
                0x08000a94                TIM20_CC_IRQHandler
                0x08000a94                USART1_IRQHandler
                0x08000a94                SPI3_IRQHandler
                0x08000a94                I2C1_ER_IRQHandler
                0x08000a94                FMC_IRQHandler
                0x08000a94                LPTIM1_IRQHandler
                0x08000a94                DMAMUX_OVR_IRQHandler
                0x08000a94                I2C4_ER_IRQHandler
                0x08000a94                USBWakeUp_IRQHandler
                0x08000a94                SAI1_IRQHandler
                0x08000a94                DMA2_Channel3_IRQHandler
                0x08000a94                TIM1_BRK_TIM15_IRQHandler
 .text.HAL_Init
                0x08000a96       0x30 ./Drivers/STM32G4xx_HAL_Driver/Src/stm32g4xx_hal.o
                0x08000a96                HAL_Init
 *fill*         0x08000ac6        0x2 
 .text.HAL_InitTick
                0x08000ac8       0x74 ./Drivers/STM32G4xx_HAL_Driver/Src/stm32g4xx_hal.o
                0x08000ac8                HAL_InitTick
 .text.HAL_IncTick
                0x08000b3c       0x24 ./Drivers/STM32G4xx_HAL_Driver/Src/stm32g4xx_hal.o
                0x08000b3c                HAL_IncTick
 .text.HAL_GetTick
                0x08000b60       0x18 ./Drivers/STM32G4xx_HAL_Driver/Src/stm32g4xx_hal.o
                0x08000b60                HAL_GetTick
 .text.HAL_Delay
                0x08000b78       0x44 ./Drivers/STM32G4xx_HAL_Driver/Src/stm32g4xx_hal.o
                0x08000b78                HAL_Delay
 .text.__NVIC_SetPriorityGrouping
                0x08000bbc       0x48 ./Drivers/STM32G4xx_HAL_Driver/Src/stm32g4xx_hal_cortex.o
 .text.__NVIC_GetPriorityGrouping
                0x08000c04       0x1c ./Drivers/STM32G4xx_HAL_Driver/Src/stm32g4xx_hal_cortex.o
 .text.__NVIC_EnableIRQ
                0x08000c20       0x3c ./Drivers/STM32G4xx_HAL_Driver/Src/stm32g4xx_hal_cortex.o
 .text.__NVIC_SetPriority
                0x08000c5c       0x54 ./Drivers/STM32G4xx_HAL_Driver/Src/stm32g4xx_hal_cortex.o
 .text.NVIC_EncodePriority
                0x08000cb0       0x66 ./Drivers/STM32G4xx_HAL_Driver/Src/stm32g4xx_hal_cortex.o
 *fill*         0x08000d16        0x2 
 .text.SysTick_Config
                0x08000d18       0x44 ./Drivers/STM32G4xx_HAL_Driver/Src/stm32g4xx_hal_cortex.o
 .text.HAL_NVIC_SetPriorityGrouping
                0x08000d5c       0x16 ./Drivers/STM32G4xx_HAL_Driver/Src/stm32g4xx_hal_cortex.o
                0x08000d5c                HAL_NVIC_SetPriorityGrouping
 .text.HAL_NVIC_SetPriority
                0x08000d72       0x34 ./Drivers/STM32G4xx_HAL_Driver/Src/stm32g4xx_hal_cortex.o
                0x08000d72                HAL_NVIC_SetPriority
 .text.HAL_NVIC_EnableIRQ
                0x08000da6       0x1c ./Drivers/STM32G4xx_HAL_Driver/Src/stm32g4xx_hal_cortex.o
                0x08000da6                HAL_NVIC_EnableIRQ
 .text.HAL_SYSTICK_Config
                0x08000dc2       0x18 ./Drivers/STM32G4xx_HAL_Driver/Src/stm32g4xx_hal_cortex.o
                0x08000dc2                HAL_SYSTICK_Config
 .text.HAL_DMA_Abort_IT
                0x08000dda       0xce ./Drivers/STM32G4xx_HAL_Driver/Src/stm32g4xx_hal_dma.o
                0x08000dda                HAL_DMA_Abort_IT
 .text.HAL_GPIO_Init
                0x08000ea8      0x304 ./Drivers/STM32G4xx_HAL_Driver/Src/stm32g4xx_hal_gpio.o
                0x08000ea8                HAL_GPIO_Init
 .text.HAL_GPIO_EXTI_IRQHandler
                0x080011ac       0x30 ./Drivers/STM32G4xx_HAL_Driver/Src/stm32g4xx_hal_gpio.o
                0x080011ac                HAL_GPIO_EXTI_IRQHandler
 .text.HAL_GPIO_EXTI_Callback
                0x080011dc       0x16 ./Drivers/STM32G4xx_HAL_Driver/Src/stm32g4xx_hal_gpio.o
                0x080011dc                HAL_GPIO_EXTI_Callback
 *fill*         0x080011f2        0x2 
 .text.HAL_PWREx_ControlVoltageScaling
                0x080011f4      0x148 ./Drivers/STM32G4xx_HAL_Driver/Src/stm32g4xx_hal_pwr_ex.o
                0x080011f4                HAL_PWREx_ControlVoltageScaling
 .text.HAL_PWREx_DisableUCPDDeadBattery
                0x0800133c       0x20 ./Drivers/STM32G4xx_HAL_Driver/Src/stm32g4xx_hal_pwr_ex.o
                0x0800133c                HAL_PWREx_DisableUCPDDeadBattery
 .text.HAL_RCC_OscConfig
                0x0800135c      0x624 ./Drivers/STM32G4xx_HAL_Driver/Src/stm32g4xx_hal_rcc.o
                0x0800135c                HAL_RCC_OscConfig
 .text.HAL_RCC_ClockConfig
                0x08001980      0x278 ./Drivers/STM32G4xx_HAL_Driver/Src/stm32g4xx_hal_rcc.o
                0x08001980                HAL_RCC_ClockConfig
 .text.HAL_RCC_GetSysClockFreq
                0x08001bf8       0xc4 ./Drivers/STM32G4xx_HAL_Driver/Src/stm32g4xx_hal_rcc.o
                0x08001bf8                HAL_RCC_GetSysClockFreq
 .text.HAL_RCC_GetHCLKFreq
                0x08001cbc       0x18 ./Drivers/STM32G4xx_HAL_Driver/Src/stm32g4xx_hal_rcc.o
                0x08001cbc                HAL_RCC_GetHCLKFreq
 .text.HAL_RCC_GetPCLK1Freq
                0x08001cd4       0x2c ./Drivers/STM32G4xx_HAL_Driver/Src/stm32g4xx_hal_rcc.o
                0x08001cd4                HAL_RCC_GetPCLK1Freq
 .text.HAL_RCC_GetPCLK2Freq
                0x08001d00       0x2c ./Drivers/STM32G4xx_HAL_Driver/Src/stm32g4xx_hal_rcc.o
                0x08001d00                HAL_RCC_GetPCLK2Freq
 .text.RCC_GetSysClockFreqFromPLLSource
                0x08001d2c       0x8c ./Drivers/STM32G4xx_HAL_Driver/Src/stm32g4xx_hal_rcc.o
 .text.HAL_RCCEx_PeriphCLKConfig
                0x08001db8      0x49c ./Drivers/STM32G4xx_HAL_Driver/Src/stm32g4xx_hal_rcc_ex.o
                0x08001db8                HAL_RCCEx_PeriphCLKConfig
 .text.HAL_SPI_Init
                0x08002254      0x156 ./Drivers/STM32G4xx_HAL_Driver/Src/stm32g4xx_hal_spi.o
                0x08002254                HAL_SPI_Init
 .text.HAL_SPI_Transmit
                0x080023aa      0x2ec ./Drivers/STM32G4xx_HAL_Driver/Src/stm32g4xx_hal_spi.o
                0x080023aa                HAL_SPI_Transmit
 .text.HAL_SPI_Receive
                0x08002696      0x270 ./Drivers/STM32G4xx_HAL_Driver/Src/stm32g4xx_hal_spi.o
                0x08002696                HAL_SPI_Receive
 .text.HAL_SPI_TransmitReceive
                0x08002906      0x43e ./Drivers/STM32G4xx_HAL_Driver/Src/stm32g4xx_hal_spi.o
                0x08002906                HAL_SPI_TransmitReceive
 .text.HAL_SPI_IRQHandler
                0x08002d44      0x1e8 ./Drivers/STM32G4xx_HAL_Driver/Src/stm32g4xx_hal_spi.o
                0x08002d44                HAL_SPI_IRQHandler
 .text.HAL_SPI_ErrorCallback
                0x08002f2c       0x14 ./Drivers/STM32G4xx_HAL_Driver/Src/stm32g4xx_hal_spi.o
                0x08002f2c                HAL_SPI_ErrorCallback
 .text.SPI_DMAAbortOnError
                0x08002f40       0x2a ./Drivers/STM32G4xx_HAL_Driver/Src/stm32g4xx_hal_spi.o
 *fill*         0x08002f6a        0x2 
 .text.SPI_WaitFlagStateUntilTimeout
                0x08002f6c      0x110 ./Drivers/STM32G4xx_HAL_Driver/Src/stm32g4xx_hal_spi.o
 .text.SPI_WaitFifoStateUntilTimeout
                0x0800307c      0x12c ./Drivers/STM32G4xx_HAL_Driver/Src/stm32g4xx_hal_spi.o
 .text.SPI_EndRxTransaction
                0x080031a8       0xb0 ./Drivers/STM32G4xx_HAL_Driver/Src/stm32g4xx_hal_spi.o
 .text.SPI_EndRxTxTransaction
                0x08003258       0x8c ./Drivers/STM32G4xx_HAL_Driver/Src/stm32g4xx_hal_spi.o
 .text.HAL_UART_Init
                0x080032e4       0xa0 ./Drivers/STM32G4xx_HAL_Driver/Src/stm32g4xx_hal_uart.o
                0x080032e4                HAL_UART_Init
 .text.HAL_UART_Transmit
                0x08003384      0x11c ./Drivers/STM32G4xx_HAL_Driver/Src/stm32g4xx_hal_uart.o
                0x08003384                HAL_UART_Transmit
 .text.UART_SetConfig
                0x080034a0      0x5f8 ./Drivers/STM32G4xx_HAL_Driver/Src/stm32g4xx_hal_uart.o
                0x080034a0                UART_SetConfig
 .text.UART_AdvFeatureConfig
                0x08003a98      0x144 ./Drivers/STM32G4xx_HAL_Driver/Src/stm32g4xx_hal_uart.o
                0x08003a98                UART_AdvFeatureConfig
 .text.UART_CheckIdleState
                0x08003bdc      0x154 ./Drivers/STM32G4xx_HAL_Driver/Src/stm32g4xx_hal_uart.o
                0x08003bdc                UART_CheckIdleState
 .text.UART_WaitOnFlagUntilTimeout
                0x08003d30       0xda ./Drivers/STM32G4xx_HAL_Driver/Src/stm32g4xx_hal_uart.o
                0x08003d30                UART_WaitOnFlagUntilTimeout
 .text.UART_EndRxTransfer
                0x08003e0a       0xcc ./Drivers/STM32G4xx_HAL_Driver/Src/stm32g4xx_hal_uart.o
 .text.HAL_UARTEx_DisableFifoMode
                0x08003ed6       0x72 ./Drivers/STM32G4xx_HAL_Driver/Src/stm32g4xx_hal_uart_ex.o
                0x08003ed6                HAL_UARTEx_DisableFifoMode
 .text.HAL_UARTEx_SetTxFifoThreshold
                0x08003f48       0x7c ./Drivers/STM32G4xx_HAL_Driver/Src/stm32g4xx_hal_uart_ex.o
                0x08003f48                HAL_UARTEx_SetTxFifoThreshold
 .text.HAL_UARTEx_SetRxFifoThreshold
                0x08003fc4       0x7c ./Drivers/STM32G4xx_HAL_Driver/Src/stm32g4xx_hal_uart_ex.o
                0x08003fc4                HAL_UARTEx_SetRxFifoThreshold
 .text.UARTEx_SetNbDataToProcess
                0x08004040       0x9c ./Drivers/STM32G4xx_HAL_Driver/Src/stm32g4xx_hal_uart_ex.o
 .text.memset   0x080040dc       0x10 /home/kalsifer/st/stm32cubeide_1.16.1/plugins/com.st.stm32cube.ide.mcu.externaltools.gnu-tools-for-stm32.12.3.rel1.linux64_1.0.200.202406132123/tools/bin/../lib/gcc/arm-none-eabi/12.3.1/../../../../arm-none-eabi/lib/thumb/v7e-m+fp/hard/libc_nano.a(libc_a-memset.o)
                0x080040dc                memset
 .text.__libc_init_array
                0x080040ec       0x48 /home/kalsifer/st/stm32cubeide_1.16.1/plugins/com.st.stm32cube.ide.mcu.externaltools.gnu-tools-for-stm32.12.3.rel1.linux64_1.0.200.202406132123/tools/bin/../lib/gcc/arm-none-eabi/12.3.1/../../../../arm-none-eabi/lib/thumb/v7e-m+fp/hard/libc_nano.a(libc_a-init.o)
                0x080040ec                __libc_init_array
 *(.glue_7)
 .glue_7        0x08004134        0x0 linker stubs
 *(.glue_7t)
 .glue_7t       0x08004134        0x0 linker stubs
 *(.eh_frame)
 .eh_frame      0x08004134        0x0 /home/kalsifer/st/stm32cubeide_1.16.1/plugins/com.st.stm32cube.ide.mcu.externaltools.gnu-tools-for-stm32.12.3.rel1.linux64_1.0.200.202406132123/tools/bin/../lib/gcc/arm-none-eabi/12.3.1/thumb/v7e-m+fp/hard/crtbegin.o
 *(.init)
 .init          0x08004134        0x4 /home/kalsifer/st/stm32cubeide_1.16.1/plugins/com.st.stm32cube.ide.mcu.externaltools.gnu-tools-for-stm32.12.3.rel1.linux64_1.0.200.202406132123/tools/bin/../lib/gcc/arm-none-eabi/12.3.1/thumb/v7e-m+fp/hard/crti.o
                0x08004134                _init
 .init          0x08004138        0x8 /home/kalsifer/st/stm32cubeide_1.16.1/plugins/com.st.stm32cube.ide.mcu.externaltools.gnu-tools-for-stm32.12.3.rel1.linux64_1.0.200.202406132123/tools/bin/../lib/gcc/arm-none-eabi/12.3.1/thumb/v7e-m+fp/hard/crtn.o
 *(.fini)
 .fini          0x08004140        0x4 /home/kalsifer/st/stm32cubeide_1.16.1/plugins/com.st.stm32cube.ide.mcu.externaltools.gnu-tools-for-stm32.12.3.rel1.linux64_1.0.200.202406132123/tools/bin/../lib/gcc/arm-none-eabi/12.3.1/thumb/v7e-m+fp/hard/crti.o
                0x08004140                _fini
 .fini          0x08004144        0x8 /home/kalsifer/st/stm32cubeide_1.16.1/plugins/com.st.stm32cube.ide.mcu.externaltools.gnu-tools-for-stm32.12.3.rel1.linux64_1.0.200.202406132123/tools/bin/../lib/gcc/arm-none-eabi/12.3.1/thumb/v7e-m+fp/hard/crtn.o
                0x0800414c                        . = ALIGN (0x4)
                0x0800414c                        _etext = .

.vfp11_veneer   0x0800414c        0x0
 .vfp11_veneer  0x0800414c        0x0 linker stubs

.v4_bx          0x0800414c        0x0
 .v4_bx         0x0800414c        0x0 linker stubs

.iplt           0x0800414c        0x0
 .iplt          0x0800414c        0x0 /home/kalsifer/st/stm32cubeide_1.16.1/plugins/com.st.stm32cube.ide.mcu.externaltools.gnu-tools-for-stm32.12.3.rel1.linux64_1.0.200.202406132123/tools/bin/../lib/gcc/arm-none-eabi/12.3.1/thumb/v7e-m+fp/hard/crtbegin.o

.rodata         0x0800414c       0x54
                0x0800414c                        . = ALIGN (0x4)
 *(.rodata)
 .rodata        0x0800414c       0x12 ./Core/Src/main.o
 *(.rodata*)
 *fill*         0x0800415e        0x2 
 .rodata.AHBPrescTable
                0x08004160       0x10 ./Core/Src/system_stm32g4xx.o
                0x08004160                AHBPrescTable
 .rodata.APBPrescTable
                0x08004170        0x8 ./Core/Src/system_stm32g4xx.o
                0x08004170                APBPrescTable
 .rodata.UARTPrescTable
                0x08004178       0x18 ./Drivers/STM32G4xx_HAL_Driver/Src/stm32g4xx_hal_uart.o
                0x08004178                UARTPrescTable
 .rodata.numerator.1
                0x08004190        0x8 ./Drivers/STM32G4xx_HAL_Driver/Src/stm32g4xx_hal_uart_ex.o
 .rodata.denominator.0
                0x08004198        0x8 ./Drivers/STM32G4xx_HAL_Driver/Src/stm32g4xx_hal_uart_ex.o
                0x080041a0                        . = ALIGN (0x4)

.ARM.extab      0x080041a0        0x0
                0x080041a0                        . = ALIGN (0x4)
 *(.ARM.extab* .gnu.linkonce.armextab.*)
                0x080041a0                        . = ALIGN (0x4)

.ARM            0x080041a0        0x8
                0x080041a0                        . = ALIGN (0x4)
                0x080041a0                        __exidx_start = .
 *(.ARM.exidx*)
 .ARM.exidx     0x080041a0        0x8 /home/kalsifer/st/stm32cubeide_1.16.1/plugins/com.st.stm32cube.ide.mcu.externaltools.gnu-tools-for-stm32.12.3.rel1.linux64_1.0.200.202406132123/tools/bin/../lib/gcc/arm-none-eabi/12.3.1/thumb/v7e-m+fp/hard/libgcc.a(_udivmoddi4.o)
                0x080041a8                        __exidx_end = .
                0x080041a8                        . = ALIGN (0x4)

.preinit_array  0x080041a8        0x0
                0x080041a8                        . = ALIGN (0x4)
                0x080041a8                        PROVIDE (__preinit_array_start = .)
 *(.preinit_array*)
                0x080041a8                        PROVIDE (__preinit_array_end = .)
                0x080041a8                        . = ALIGN (0x4)

.init_array     0x080041a8        0x4
                0x080041a8                        . = ALIGN (0x4)
                0x080041a8                        PROVIDE (__init_array_start = .)
 *(SORT_BY_NAME(.init_array.*))
 *(.init_array*)
 .init_array    0x080041a8        0x4 /home/kalsifer/st/stm32cubeide_1.16.1/plugins/com.st.stm32cube.ide.mcu.externaltools.gnu-tools-for-stm32.12.3.rel1.linux64_1.0.200.202406132123/tools/bin/../lib/gcc/arm-none-eabi/12.3.1/thumb/v7e-m+fp/hard/crtbegin.o
                0x080041ac                        PROVIDE (__init_array_end = .)
                0x080041ac                        . = ALIGN (0x4)

.fini_array     0x080041ac        0x4
                0x080041ac                        . = ALIGN (0x4)
                [!provide]                        PROVIDE (__fini_array_start = .)
 *(SORT_BY_NAME(.fini_array.*))
 *(.fini_array*)
 .fini_array    0x080041ac        0x4 /home/kalsifer/st/stm32cubeide_1.16.1/plugins/com.st.stm32cube.ide.mcu.externaltools.gnu-tools-for-stm32.12.3.rel1.linux64_1.0.200.202406132123/tools/bin/../lib/gcc/arm-none-eabi/12.3.1/thumb/v7e-m+fp/hard/crtbegin.o
                [!provide]                        PROVIDE (__fini_array_end = .)
                0x080041b0                        . = ALIGN (0x4)
                0x080041b0                        _sidata = LOADADDR (.data)

.rel.dyn        0x080041b0        0x0
 .rel.iplt      0x080041b0        0x0 /home/kalsifer/st/stm32cubeide_1.16.1/plugins/com.st.stm32cube.ide.mcu.externaltools.gnu-tools-for-stm32.12.3.rel1.linux64_1.0.200.202406132123/tools/bin/../lib/gcc/arm-none-eabi/12.3.1/thumb/v7e-m+fp/hard/crtbegin.o

.data           0x20000000       0x1c load address 0x080041b0
                0x20000000                        . = ALIGN (0x4)
                0x20000000                        _sdata = .
 *(.data)
 *(.data*)
 .data.tx_buffer
                0x20000000        0x5 ./Core/Src/main.o
                0x20000000                tx_buffer
 *fill*         0x20000005        0x3 
 .data.rx_buffer
                0x20000008        0x5 ./Core/Src/main.o
                0x20000008                rx_buffer
 *fill*         0x2000000d        0x3 
 .data.SystemCoreClock
                0x20000010        0x4 ./Core/Src/system_stm32g4xx.o
                0x20000010                SystemCoreClock
 .data.uwTickPrio
                0x20000014        0x4 ./Drivers/STM32G4xx_HAL_Driver/Src/stm32g4xx_hal.o
                0x20000014                uwTickPrio
 .data.uwTickFreq
                0x20000018        0x4 ./Drivers/STM32G4xx_HAL_Driver/Src/stm32g4xx_hal.o
                0x20000018                uwTickFreq
 *(.RamFunc)
 *(.RamFunc*)
                0x2000001c                        . = ALIGN (0x4)
                0x2000001c                        _edata = .

.igot.plt       0x2000001c        0x0 load address 0x080041cc
 .igot.plt      0x2000001c        0x0 /home/kalsifer/st/stm32cubeide_1.16.1/plugins/com.st.stm32cube.ide.mcu.externaltools.gnu-tools-for-stm32.12.3.rel1.linux64_1.0.200.202406132123/tools/bin/../lib/gcc/arm-none-eabi/12.3.1/thumb/v7e-m+fp/hard/crtbegin.o
                0x2000001c                        . = ALIGN (0x4)

.bss            0x2000001c      0x118 load address 0x080041cc
                0x2000001c                        _sbss = .
                0x2000001c                        __bss_start__ = _sbss
 *(.bss)
 .bss           0x2000001c       0x1c /home/kalsifer/st/stm32cubeide_1.16.1/plugins/com.st.stm32cube.ide.mcu.externaltools.gnu-tools-for-stm32.12.3.rel1.linux64_1.0.200.202406132123/tools/bin/../lib/gcc/arm-none-eabi/12.3.1/thumb/v7e-m+fp/hard/crtbegin.o
 *(.bss*)
 .bss.hspi1     0x20000038       0x64 ./Core/Src/spi.o
                0x20000038                hspi1
 .bss.hlpuart1  0x2000009c       0x94 ./Core/Src/usart.o
                0x2000009c                hlpuart1
 .bss.uwTick    0x20000130        0x4 ./Drivers/STM32G4xx_HAL_Driver/Src/stm32g4xx_hal.o
                0x20000130                uwTick
 *(COMMON)
                0x20000134                        . = ALIGN (0x4)
                0x20000134                        _ebss = .
                0x20000134                        __bss_end__ = _ebss

._user_heap_stack
                0x20000134      0x604 load address 0x080041cc
                0x20000138                        . = ALIGN (0x8)
 *fill*         0x20000134        0x4 
                [!provide]                        PROVIDE (end = .)
                0x20000138                        PROVIDE (_end = .)
                0x20000338                        . = (. + _Min_Heap_Size)
 *fill*         0x20000138      0x200 
                0x20000738                        . = (. + _Min_Stack_Size)
 *fill*         0x20000338      0x400 
                0x20000738                        . = ALIGN (0x8)

/DISCARD/
 libc.a(*)
 libm.a(*)
 libgcc.a(*)

.ARM.attributes
                0x00000000       0x30
 *(.ARM.attributes)
 .ARM.attributes
                0x00000000       0x22 /home/kalsifer/st/stm32cubeide_1.16.1/plugins/com.st.stm32cube.ide.mcu.externaltools.gnu-tools-for-stm32.12.3.rel1.linux64_1.0.200.202406132123/tools/bin/../lib/gcc/arm-none-eabi/12.3.1/thumb/v7e-m+fp/hard/crti.o
 .ARM.attributes
                0x00000022       0x34 /home/kalsifer/st/stm32cubeide_1.16.1/plugins/com.st.stm32cube.ide.mcu.externaltools.gnu-tools-for-stm32.12.3.rel1.linux64_1.0.200.202406132123/tools/bin/../lib/gcc/arm-none-eabi/12.3.1/thumb/v7e-m+fp/hard/crtbegin.o
 .ARM.attributes
                0x00000056       0x34 ./Core/Src/gpio.o
 .ARM.attributes
                0x0000008a       0x34 ./Core/Src/main.o
 .ARM.attributes
                0x000000be       0x34 ./Core/Src/spi.o
 .ARM.attributes
                0x000000f2       0x34 ./Core/Src/stm32g4xx_hal_msp.o
 .ARM.attributes
                0x00000126       0x34 ./Core/Src/stm32g4xx_it.o
 .ARM.attributes
                0x0000015a       0x34 ./Core/Src/system_stm32g4xx.o
 .ARM.attributes
                0x0000018e       0x34 ./Core/Src/usart.o
 .ARM.attributes
                0x000001c2       0x21 ./Core/Startup/startup_stm32g474retx.o
 .ARM.attributes
                0x000001e3       0x34 ./Drivers/STM32G4xx_HAL_Driver/Src/stm32g4xx_hal.o
 .ARM.attributes
                0x00000217       0x34 ./Drivers/STM32G4xx_HAL_Driver/Src/stm32g4xx_hal_cortex.o
 .ARM.attributes
                0x0000024b       0x34 ./Drivers/STM32G4xx_HAL_Driver/Src/stm32g4xx_hal_dma.o
 .ARM.attributes
                0x0000027f       0x34 ./Drivers/STM32G4xx_HAL_Driver/Src/stm32g4xx_hal_gpio.o
 .ARM.attributes
                0x000002b3       0x34 ./Drivers/STM32G4xx_HAL_Driver/Src/stm32g4xx_hal_pwr_ex.o
 .ARM.attributes
                0x000002e7       0x34 ./Drivers/STM32G4xx_HAL_Driver/Src/stm32g4xx_hal_rcc.o
 .ARM.attributes
                0x0000031b       0x34 ./Drivers/STM32G4xx_HAL_Driver/Src/stm32g4xx_hal_rcc_ex.o
 .ARM.attributes
                0x0000034f       0x34 ./Drivers/STM32G4xx_HAL_Driver/Src/stm32g4xx_hal_spi.o
 .ARM.attributes
                0x00000383       0x34 ./Drivers/STM32G4xx_HAL_Driver/Src/stm32g4xx_hal_uart.o
 .ARM.attributes
                0x000003b7       0x34 ./Drivers/STM32G4xx_HAL_Driver/Src/stm32g4xx_hal_uart_ex.o
 .ARM.attributes
                0x000003eb       0x34 /home/kalsifer/st/stm32cubeide_1.16.1/plugins/com.st.stm32cube.ide.mcu.externaltools.gnu-tools-for-stm32.12.3.rel1.linux64_1.0.200.202406132123/tools/bin/../lib/gcc/arm-none-eabi/12.3.1/../../../../arm-none-eabi/lib/thumb/v7e-m+fp/hard/libc_nano.a(libc_a-memset.o)
 .ARM.attributes
                0x0000041f       0x34 /home/kalsifer/st/stm32cubeide_1.16.1/plugins/com.st.stm32cube.ide.mcu.externaltools.gnu-tools-for-stm32.12.3.rel1.linux64_1.0.200.202406132123/tools/bin/../lib/gcc/arm-none-eabi/12.3.1/../../../../arm-none-eabi/lib/thumb/v7e-m+fp/hard/libc_nano.a(libc_a-init.o)
 .ARM.attributes
                0x00000453       0x22 /home/kalsifer/st/stm32cubeide_1.16.1/plugins/com.st.stm32cube.ide.mcu.externaltools.gnu-tools-for-stm32.12.3.rel1.linux64_1.0.200.202406132123/tools/bin/../lib/gcc/arm-none-eabi/12.3.1/thumb/v7e-m+fp/hard/libgcc.a(_aeabi_uldivmod.o)
 .ARM.attributes
                0x00000475       0x34 /home/kalsifer/st/stm32cubeide_1.16.1/plugins/com.st.stm32cube.ide.mcu.externaltools.gnu-tools-for-stm32.12.3.rel1.linux64_1.0.200.202406132123/tools/bin/../lib/gcc/arm-none-eabi/12.3.1/thumb/v7e-m+fp/hard/libgcc.a(_udivmoddi4.o)
 .ARM.attributes
                0x000004a9       0x22 /home/kalsifer/st/stm32cubeide_1.16.1/plugins/com.st.stm32cube.ide.mcu.externaltools.gnu-tools-for-stm32.12.3.rel1.linux64_1.0.200.202406132123/tools/bin/../lib/gcc/arm-none-eabi/12.3.1/thumb/v7e-m+fp/hard/libgcc.a(_dvmd_tls.o)
 .ARM.attributes
                0x000004cb       0x22 /home/kalsifer/st/stm32cubeide_1.16.1/plugins/com.st.stm32cube.ide.mcu.externaltools.gnu-tools-for-stm32.12.3.rel1.linux64_1.0.200.202406132123/tools/bin/../lib/gcc/arm-none-eabi/12.3.1/thumb/v7e-m+fp/hard/crtn.o
OUTPUT(dpcu.elf elf32-littlearm)
LOAD linker stubs
LOAD /home/kalsifer/st/stm32cubeide_1.16.1/plugins/com.st.stm32cube.ide.mcu.externaltools.gnu-tools-for-stm32.12.3.rel1.linux64_1.0.200.202406132123/tools/bin/../lib/gcc/arm-none-eabi/12.3.1/../../../../arm-none-eabi/lib/thumb/v7e-m+fp/hard/libc.a
LOAD /home/kalsifer/st/stm32cubeide_1.16.1/plugins/com.st.stm32cube.ide.mcu.externaltools.gnu-tools-for-stm32.12.3.rel1.linux64_1.0.200.202406132123/tools/bin/../lib/gcc/arm-none-eabi/12.3.1/../../../../arm-none-eabi/lib/thumb/v7e-m+fp/hard/libm.a
LOAD /home/kalsifer/st/stm32cubeide_1.16.1/plugins/com.st.stm32cube.ide.mcu.externaltools.gnu-tools-for-stm32.12.3.rel1.linux64_1.0.200.202406132123/tools/bin/../lib/gcc/arm-none-eabi/12.3.1/thumb/v7e-m+fp/hard/libgcc.a

.debug_info     0x00000000     0xf944
 .debug_info    0x00000000      0x71e ./Core/Src/gpio.o
 .debug_info    0x0000071e      0xd4d ./Core/Src/main.o
 .debug_info    0x0000146b      0xdee ./Core/Src/spi.o
 .debug_info    0x00002259      0x2da ./Core/Src/stm32g4xx_hal_msp.o
 .debug_info    0x00002533      0x78a ./Core/Src/stm32g4xx_it.o
 .debug_info    0x00002cbd      0x58e ./Core/Src/system_stm32g4xx.o
 .debug_info    0x0000324b      0xda3 ./Core/Src/usart.o
 .debug_info    0x00003fee       0x30 ./Core/Startup/startup_stm32g474retx.o
 .debug_info    0x0000401e      0xb95 ./Drivers/STM32G4xx_HAL_Driver/Src/stm32g4xx_hal.o
 .debug_info    0x00004bb3      0xdf9 ./Drivers/STM32G4xx_HAL_Driver/Src/stm32g4xx_hal_cortex.o
 .debug_info    0x000059ac      0x85f ./Drivers/STM32G4xx_HAL_Driver/Src/stm32g4xx_hal_dma.o
 .debug_info    0x0000620b      0x763 ./Drivers/STM32G4xx_HAL_Driver/Src/stm32g4xx_hal_gpio.o
 .debug_info    0x0000696e      0x93f ./Drivers/STM32G4xx_HAL_Driver/Src/stm32g4xx_hal_pwr_ex.o
 .debug_info    0x000072ad      0xbe0 ./Drivers/STM32G4xx_HAL_Driver/Src/stm32g4xx_hal_rcc.o
 .debug_info    0x00007e8d      0xc45 ./Drivers/STM32G4xx_HAL_Driver/Src/stm32g4xx_hal_rcc_ex.o
 .debug_info    0x00008ad2     0x1677 ./Drivers/STM32G4xx_HAL_Driver/Src/stm32g4xx_hal_spi.o
 .debug_info    0x0000a149     0x481e ./Drivers/STM32G4xx_HAL_Driver/Src/stm32g4xx_hal_uart.o
 .debug_info    0x0000e967      0xfdd ./Drivers/STM32G4xx_HAL_Driver/Src/stm32g4xx_hal_uart_ex.o

.debug_abbrev   0x00000000     0x23de
 .debug_abbrev  0x00000000      0x159 ./Core/Src/gpio.o
 .debug_abbrev  0x00000159      0x227 ./Core/Src/main.o
 .debug_abbrev  0x00000380      0x1fc ./Core/Src/spi.o
 .debug_abbrev  0x0000057c       0xd9 ./Core/Src/stm32g4xx_hal_msp.o
 .debug_abbrev  0x00000655      0x184 ./Core/Src/stm32g4xx_it.o
 .debug_abbrev  0x000007d9      0x11a ./Core/Src/system_stm32g4xx.o
 .debug_abbrev  0x000008f3      0x20d ./Core/Src/usart.o
 .debug_abbrev  0x00000b00       0x24 ./Core/Startup/startup_stm32g474retx.o
 .debug_abbrev  0x00000b24      0x271 ./Drivers/STM32G4xx_HAL_Driver/Src/stm32g4xx_hal.o
 .debug_abbrev  0x00000d95      0x31c ./Drivers/STM32G4xx_HAL_Driver/Src/stm32g4xx_hal_cortex.o
 .debug_abbrev  0x000010b1      0x1e2 ./Drivers/STM32G4xx_HAL_Driver/Src/stm32g4xx_hal_dma.o
 .debug_abbrev  0x00001293      0x1cb ./Drivers/STM32G4xx_HAL_Driver/Src/stm32g4xx_hal_gpio.o
 .debug_abbrev  0x0000145e      0x22c ./Drivers/STM32G4xx_HAL_Driver/Src/stm32g4xx_hal_pwr_ex.o
 .debug_abbrev  0x0000168a      0x2c9 ./Drivers/STM32G4xx_HAL_Driver/Src/stm32g4xx_hal_rcc.o
 .debug_abbrev  0x00001953      0x258 ./Drivers/STM32G4xx_HAL_Driver/Src/stm32g4xx_hal_rcc_ex.o
 .debug_abbrev  0x00001bab      0x25d ./Drivers/STM32G4xx_HAL_Driver/Src/stm32g4xx_hal_spi.o
 .debug_abbrev  0x00001e08      0x304 ./Drivers/STM32G4xx_HAL_Driver/Src/stm32g4xx_hal_uart.o
 .debug_abbrev  0x0000210c      0x2d2 ./Drivers/STM32G4xx_HAL_Driver/Src/stm32g4xx_hal_uart_ex.o

.debug_aranges  0x00000000      0xc38
 .debug_aranges
                0x00000000       0x20 ./Core/Src/gpio.o
 .debug_aranges
                0x00000020       0x30 ./Core/Src/main.o
 .debug_aranges
                0x00000050       0x30 ./Core/Src/spi.o
 .debug_aranges
                0x00000080       0x20 ./Core/Src/stm32g4xx_hal_msp.o
 .debug_aranges
                0x000000a0       0x70 ./Core/Src/stm32g4xx_it.o
 .debug_aranges
                0x00000110       0x28 ./Core/Src/system_stm32g4xx.o
 .debug_aranges
                0x00000138       0x30 ./Core/Src/usart.o
 .debug_aranges
                0x00000168       0x28 ./Core/Startup/startup_stm32g474retx.o
 .debug_aranges
                0x00000190      0x148 ./Drivers/STM32G4xx_HAL_Driver/Src/stm32g4xx_hal.o
 .debug_aranges
                0x000002d8      0x128 ./Drivers/STM32G4xx_HAL_Driver/Src/stm32g4xx_hal_cortex.o
 .debug_aranges
                0x00000400       0x90 ./Drivers/STM32G4xx_HAL_Driver/Src/stm32g4xx_hal_dma.o
 .debug_aranges
                0x00000490       0x58 ./Drivers/STM32G4xx_HAL_Driver/Src/stm32g4xx_hal_gpio.o
 .debug_aranges
                0x000004e8      0x140 ./Drivers/STM32G4xx_HAL_Driver/Src/stm32g4xx_hal_pwr_ex.o
 .debug_aranges
                0x00000628       0x98 ./Drivers/STM32G4xx_HAL_Driver/Src/stm32g4xx_hal_rcc.o
 .debug_aranges
                0x000006c0       0xb0 ./Drivers/STM32G4xx_HAL_Driver/Src/stm32g4xx_hal_rcc_ex.o
 .debug_aranges
                0x00000770      0x1d8 ./Drivers/STM32G4xx_HAL_Driver/Src/stm32g4xx_hal_spi.o
 .debug_aranges
                0x00000948      0x248 ./Drivers/STM32G4xx_HAL_Driver/Src/stm32g4xx_hal_uart.o
 .debug_aranges
                0x00000b90       0xa8 ./Drivers/STM32G4xx_HAL_Driver/Src/stm32g4xx_hal_uart_ex.o

.debug_rnglists
                0x00000000      0x963
 .debug_rnglists
                0x00000000       0x14 ./Core/Src/gpio.o
 .debug_rnglists
                0x00000014       0x21 ./Core/Src/main.o
 .debug_rnglists
                0x00000035       0x20 ./Core/Src/spi.o
 .debug_rnglists
                0x00000055       0x13 ./Core/Src/stm32g4xx_hal_msp.o
 .debug_rnglists
                0x00000068       0x4f ./Core/Src/stm32g4xx_it.o
 .debug_rnglists
                0x000000b7       0x1a ./Core/Src/system_stm32g4xx.o
 .debug_rnglists
                0x000000d1       0x21 ./Core/Src/usart.o
 .debug_rnglists
                0x000000f2       0x19 ./Core/Startup/startup_stm32g474retx.o
 .debug_rnglists
                0x0000010b       0xf1 ./Drivers/STM32G4xx_HAL_Driver/Src/stm32g4xx_hal.o
 .debug_rnglists
                0x000001fc       0xda ./Drivers/STM32G4xx_HAL_Driver/Src/stm32g4xx_hal_cortex.o
 .debug_rnglists
                0x000002d6       0x71 ./Drivers/STM32G4xx_HAL_Driver/Src/stm32g4xx_hal_dma.o
 .debug_rnglists
                0x00000347       0x3f ./Drivers/STM32G4xx_HAL_Driver/Src/stm32g4xx_hal_gpio.o
 .debug_rnglists
                0x00000386       0xf1 ./Drivers/STM32G4xx_HAL_Driver/Src/stm32g4xx_hal_pwr_ex.o
 .debug_rnglists
                0x00000477       0x74 ./Drivers/STM32G4xx_HAL_Driver/Src/stm32g4xx_hal_rcc.o
 .debug_rnglists
                0x000004eb       0x87 ./Drivers/STM32G4xx_HAL_Driver/Src/stm32g4xx_hal_rcc_ex.o
 .debug_rnglists
                0x00000572      0x178 ./Drivers/STM32G4xx_HAL_Driver/Src/stm32g4xx_hal_spi.o
 .debug_rnglists
                0x000006ea      0x1fa ./Drivers/STM32G4xx_HAL_Driver/Src/stm32g4xx_hal_uart.o
 .debug_rnglists
                0x000008e4       0x7f ./Drivers/STM32G4xx_HAL_Driver/Src/stm32g4xx_hal_uart_ex.o

.debug_macro    0x00000000    0x24cfc
 .debug_macro   0x00000000      0x1e8 ./Core/Src/gpio.o
 .debug_macro   0x000001e8      0xab4 ./Core/Src/gpio.o
 .debug_macro   0x00000c9c      0x15b ./Core/Src/gpio.o
 .debug_macro   0x00000df7       0x2e ./Core/Src/gpio.o
 .debug_macro   0x00000e25       0x28 ./Core/Src/gpio.o
 .debug_macro   0x00000e4d       0x22 ./Core/Src/gpio.o
 .debug_macro   0x00000e6f       0x8e ./Core/Src/gpio.o
 .debug_macro   0x00000efd       0x51 ./Core/Src/gpio.o
 .debug_macro   0x00000f4e      0x103 ./Core/Src/gpio.o
 .debug_macro   0x00001051       0x6a ./Core/Src/gpio.o
 .debug_macro   0x000010bb      0x1df ./Core/Src/gpio.o
 .debug_macro   0x0000129a       0x1c ./Core/Src/gpio.o
 .debug_macro   0x000012b6       0x22 ./Core/Src/gpio.o
 .debug_macro   0x000012d8       0xfb ./Core/Src/gpio.o
 .debug_macro   0x000013d3     0x1011 ./Core/Src/gpio.o
 .debug_macro   0x000023e4      0x11f ./Core/Src/gpio.o
 .debug_macro   0x00002503    0x18b8c ./Core/Src/gpio.o
 .debug_macro   0x0001b08f       0x6d ./Core/Src/gpio.o
 .debug_macro   0x0001b0fc     0x3558 ./Core/Src/gpio.o
 .debug_macro   0x0001e654      0x189 ./Core/Src/gpio.o
 .debug_macro   0x0001e7dd       0x5c ./Core/Src/gpio.o
 .debug_macro   0x0001e839     0x171f ./Core/Src/gpio.o
 .debug_macro   0x0001ff58      0x600 ./Core/Src/gpio.o
 .debug_macro   0x00020558      0x1b6 ./Core/Src/gpio.o
 .debug_macro   0x0002070e      0x34a ./Core/Src/gpio.o
 .debug_macro   0x00020a58      0x53c ./Core/Src/gpio.o
 .debug_macro   0x00020f94      0x18b ./Core/Src/gpio.o
 .debug_macro   0x0002111f       0x43 ./Core/Src/gpio.o
 .debug_macro   0x00021162      0x23d ./Core/Src/gpio.o
 .debug_macro   0x0002139f      0x211 ./Core/Src/gpio.o
 .debug_macro   0x000215b0      0x45c ./Core/Src/gpio.o
 .debug_macro   0x00021a0c      0x11c ./Core/Src/gpio.o
 .debug_macro   0x00021b28      0x122 ./Core/Src/gpio.o
 .debug_macro   0x00021c4a      0x3d1 ./Core/Src/gpio.o
 .debug_macro   0x0002201b      0x2fe ./Core/Src/gpio.o
 .debug_macro   0x00022319      0x693 ./Core/Src/gpio.o
 .debug_macro   0x000229ac       0xa6 ./Core/Src/gpio.o
 .debug_macro   0x00022a52      0x358 ./Core/Src/gpio.o
 .debug_macro   0x00022daa       0x82 ./Core/Src/gpio.o
 .debug_macro   0x00022e2c      0x209 ./Core/Src/main.o
 .debug_macro   0x00023035       0x22 ./Core/Src/main.o
 .debug_macro   0x00023057      0x1e8 ./Core/Src/spi.o
 .debug_macro   0x0002323f      0x1de ./Core/Src/stm32g4xx_hal_msp.o
 .debug_macro   0x0002341d      0x1e8 ./Core/Src/stm32g4xx_it.o
 .debug_macro   0x00023605      0x1cf ./Core/Src/system_stm32g4xx.o
 .debug_macro   0x000237d4      0x1e8 ./Core/Src/usart.o
 .debug_macro   0x000239bc      0x21d ./Drivers/STM32G4xx_HAL_Driver/Src/stm32g4xx_hal.o
 .debug_macro   0x00023bd9      0x1cf ./Drivers/STM32G4xx_HAL_Driver/Src/stm32g4xx_hal_cortex.o
 .debug_macro   0x00023da8      0x1cf ./Drivers/STM32G4xx_HAL_Driver/Src/stm32g4xx_hal_dma.o
 .debug_macro   0x00023f77      0x1d6 ./Drivers/STM32G4xx_HAL_Driver/Src/stm32g4xx_hal_gpio.o
 .debug_macro   0x0002414d      0x1f9 ./Drivers/STM32G4xx_HAL_Driver/Src/stm32g4xx_hal_pwr_ex.o
 .debug_macro   0x00024346      0x211 ./Drivers/STM32G4xx_HAL_Driver/Src/stm32g4xx_hal_rcc.o
 .debug_macro   0x00024557      0x1f9 ./Drivers/STM32G4xx_HAL_Driver/Src/stm32g4xx_hal_rcc_ex.o
 .debug_macro   0x00024750      0x1d7 ./Drivers/STM32G4xx_HAL_Driver/Src/stm32g4xx_hal_spi.o
 .debug_macro   0x00024927      0x1fa ./Drivers/STM32G4xx_HAL_Driver/Src/stm32g4xx_hal_uart.o
 .debug_macro   0x00024b21      0x1db ./Drivers/STM32G4xx_HAL_Driver/Src/stm32g4xx_hal_uart_ex.o

.debug_line     0x00000000     0xf9dd
 .debug_line    0x00000000      0x6e4 ./Core/Src/gpio.o
 .debug_line    0x000006e4      0x78b ./Core/Src/main.o
 .debug_line    0x00000e6f      0x752 ./Core/Src/spi.o
 .debug_line    0x000015c1      0x6d8 ./Core/Src/stm32g4xx_hal_msp.o
 .debug_line    0x00001c99      0x7c9 ./Core/Src/stm32g4xx_it.o
 .debug_line    0x00002462      0x743 ./Core/Src/system_stm32g4xx.o
 .debug_line    0x00002ba5      0x774 ./Core/Src/usart.o
 .debug_line    0x00003319       0x7b ./Core/Startup/startup_stm32g474retx.o
 .debug_line    0x00003394      0xaff ./Drivers/STM32G4xx_HAL_Driver/Src/stm32g4xx_hal.o
 .debug_line    0x00003e93      0xc92 ./Drivers/STM32G4xx_HAL_Driver/Src/stm32g4xx_hal_cortex.o
 .debug_line    0x00004b25      0xe29 ./Drivers/STM32G4xx_HAL_Driver/Src/stm32g4xx_hal_dma.o
 .debug_line    0x0000594e      0xb18 ./Drivers/STM32G4xx_HAL_Driver/Src/stm32g4xx_hal_gpio.o
 .debug_line    0x00006466      0xc6e ./Drivers/STM32G4xx_HAL_Driver/Src/stm32g4xx_hal_pwr_ex.o
 .debug_line    0x000070d4      0xeca ./Drivers/STM32G4xx_HAL_Driver/Src/stm32g4xx_hal_rcc.o
 .debug_line    0x00007f9e     0x11db ./Drivers/STM32G4xx_HAL_Driver/Src/stm32g4xx_hal_rcc_ex.o
 .debug_line    0x00009179     0x1fa3 ./Drivers/STM32G4xx_HAL_Driver/Src/stm32g4xx_hal_spi.o
 .debug_line    0x0000b11c     0x3b9c ./Drivers/STM32G4xx_HAL_Driver/Src/stm32g4xx_hal_uart.o
 .debug_line    0x0000ecb8      0xd25 ./Drivers/STM32G4xx_HAL_Driver/Src/stm32g4xx_hal_uart_ex.o

.debug_str      0x00000000    0xe8126
 .debug_str     0x00000000    0xe4643 ./Core/Src/gpio.o
                              0xe48ef (size before relaxing)
 .debug_str     0x000e4643      0x914 ./Core/Src/main.o
                              0xe4a6a (size before relaxing)
 .debug_str     0x000e4f57       0x6f ./Core/Src/spi.o
                              0xe4e74 (size before relaxing)
 .debug_str     0x000e4fc6       0x4d ./Core/Src/stm32g4xx_hal_msp.o
                              0xe4227 (size before relaxing)
 .debug_str     0x000e5013      0x11a ./Core/Src/stm32g4xx_it.o
                              0xe4698 (size before relaxing)
 .debug_str     0x000e512d       0xdb ./Core/Src/system_stm32g4xx.o
                              0xe409d (size before relaxing)
 .debug_str     0x000e5208      0x287 ./Core/Src/usart.o
                              0xe4ac3 (size before relaxing)
 .debug_str     0x000e548f       0x44 ./Core/Startup/startup_stm32g474retx.o
                                 0x71 (size before relaxing)
 .debug_str     0x000e54d3      0x5d9 ./Drivers/STM32G4xx_HAL_Driver/Src/stm32g4xx_hal.o
                              0xe4daf (size before relaxing)
 .debug_str     0x000e5aac      0x355 ./Drivers/STM32G4xx_HAL_Driver/Src/stm32g4xx_hal_cortex.o
                              0xe4a6b (size before relaxing)
 .debug_str     0x000e5e01      0x2d3 ./Drivers/STM32G4xx_HAL_Driver/Src/stm32g4xx_hal_dma.o
                              0xe4477 (size before relaxing)
 .debug_str     0x000e60d4      0x146 ./Drivers/STM32G4xx_HAL_Driver/Src/stm32g4xx_hal_gpio.o
                              0xe4228 (size before relaxing)
 .debug_str     0x000e621a      0x4a5 ./Drivers/STM32G4xx_HAL_Driver/Src/stm32g4xx_hal_pwr_ex.o
                              0xe458b (size before relaxing)
 .debug_str     0x000e66bf      0x506 ./Drivers/STM32G4xx_HAL_Driver/Src/stm32g4xx_hal_rcc.o
                              0xe47bc (size before relaxing)
 .debug_str     0x000e6bc5      0x40b ./Drivers/STM32G4xx_HAL_Driver/Src/stm32g4xx_hal_rcc_ex.o
                              0xe47e6 (size before relaxing)
 .debug_str     0x000e6fd0      0x553 ./Drivers/STM32G4xx_HAL_Driver/Src/stm32g4xx_hal_spi.o
                              0xe49cf (size before relaxing)
 .debug_str     0x000e7523      0x998 ./Drivers/STM32G4xx_HAL_Driver/Src/stm32g4xx_hal_uart.o
                              0xe5058 (size before relaxing)
 .debug_str     0x000e7ebb      0x26b ./Drivers/STM32G4xx_HAL_Driver/Src/stm32g4xx_hal_uart_ex.o
                              0xe4856 (size before relaxing)

.comment        0x00000000       0x43
 .comment       0x00000000       0x43 ./Core/Src/gpio.o
                                 0x44 (size before relaxing)
 .comment       0x00000043       0x44 ./Core/Src/main.o
 .comment       0x00000043       0x44 ./Core/Src/spi.o
 .comment       0x00000043       0x44 ./Core/Src/stm32g4xx_hal_msp.o
 .comment       0x00000043       0x44 ./Core/Src/stm32g4xx_it.o
 .comment       0x00000043       0x44 ./Core/Src/system_stm32g4xx.o
 .comment       0x00000043       0x44 ./Core/Src/usart.o
 .comment       0x00000043       0x44 ./Drivers/STM32G4xx_HAL_Driver/Src/stm32g4xx_hal.o
 .comment       0x00000043       0x44 ./Drivers/STM32G4xx_HAL_Driver/Src/stm32g4xx_hal_cortex.o
 .comment       0x00000043       0x44 ./Drivers/STM32G4xx_HAL_Driver/Src/stm32g4xx_hal_dma.o
 .comment       0x00000043       0x44 ./Drivers/STM32G4xx_HAL_Driver/Src/stm32g4xx_hal_gpio.o
 .comment       0x00000043       0x44 ./Drivers/STM32G4xx_HAL_Driver/Src/stm32g4xx_hal_pwr_ex.o
 .comment       0x00000043       0x44 ./Drivers/STM32G4xx_HAL_Driver/Src/stm32g4xx_hal_rcc.o
 .comment       0x00000043       0x44 ./Drivers/STM32G4xx_HAL_Driver/Src/stm32g4xx_hal_rcc_ex.o
 .comment       0x00000043       0x44 ./Drivers/STM32G4xx_HAL_Driver/Src/stm32g4xx_hal_spi.o
 .comment       0x00000043       0x44 ./Drivers/STM32G4xx_HAL_Driver/Src/stm32g4xx_hal_uart.o
 .comment       0x00000043       0x44 ./Drivers/STM32G4xx_HAL_Driver/Src/stm32g4xx_hal_uart_ex.o

.debug_frame    0x00000000     0x3114
 .debug_frame   0x00000000       0x34 ./Core/Src/gpio.o
 .debug_frame   0x00000034       0x68 ./Core/Src/main.o
 .debug_frame   0x0000009c       0x74 ./Core/Src/spi.o
 .debug_frame   0x00000110       0x34 ./Core/Src/stm32g4xx_hal_msp.o
 .debug_frame   0x00000144      0x13c ./Core/Src/stm32g4xx_it.o
 .debug_frame   0x00000280       0x58 ./Core/Src/system_stm32g4xx.o
 .debug_frame   0x000002d8       0x78 ./Core/Src/usart.o
 .debug_frame   0x00000350      0x500 ./Drivers/STM32G4xx_HAL_Driver/Src/stm32g4xx_hal.o
 .debug_frame   0x00000850      0x4e8 ./Drivers/STM32G4xx_HAL_Driver/Src/stm32g4xx_hal_cortex.o
 .debug_frame   0x00000d38      0x24c ./Drivers/STM32G4xx_HAL_Driver/Src/stm32g4xx_hal_dma.o
 .debug_frame   0x00000f84      0x14c ./Drivers/STM32G4xx_HAL_Driver/Src/stm32g4xx_hal_gpio.o
 .debug_frame   0x000010d0      0x4fc ./Drivers/STM32G4xx_HAL_Driver/Src/stm32g4xx_hal_pwr_ex.o
 .debug_frame   0x000015cc      0x23c ./Drivers/STM32G4xx_HAL_Driver/Src/stm32g4xx_hal_rcc.o
 .debug_frame   0x00001808      0x2ac ./Drivers/STM32G4xx_HAL_Driver/Src/stm32g4xx_hal_rcc_ex.o
 .debug_frame   0x00001ab4      0x860 ./Drivers/STM32G4xx_HAL_Driver/Src/stm32g4xx_hal_spi.o
 .debug_frame   0x00002314      0xa94 ./Drivers/STM32G4xx_HAL_Driver/Src/stm32g4xx_hal_uart.o
 .debug_frame   0x00002da8      0x2c0 ./Drivers/STM32G4xx_HAL_Driver/Src/stm32g4xx_hal_uart_ex.o
 .debug_frame   0x00003068       0x20 /home/kalsifer/st/stm32cubeide_1.16.1/plugins/com.st.stm32cube.ide.mcu.externaltools.gnu-tools-for-stm32.12.3.rel1.linux64_1.0.200.202406132123/tools/bin/../lib/gcc/arm-none-eabi/12.3.1/../../../../arm-none-eabi/lib/thumb/v7e-m+fp/hard/libc_nano.a(libc_a-memset.o)
 .debug_frame   0x00003088       0x2c /home/kalsifer/st/stm32cubeide_1.16.1/plugins/com.st.stm32cube.ide.mcu.externaltools.gnu-tools-for-stm32.12.3.rel1.linux64_1.0.200.202406132123/tools/bin/../lib/gcc/arm-none-eabi/12.3.1/../../../../arm-none-eabi/lib/thumb/v7e-m+fp/hard/libc_nano.a(libc_a-init.o)
 .debug_frame   0x000030b4       0x2c /home/kalsifer/st/stm32cubeide_1.16.1/plugins/com.st.stm32cube.ide.mcu.externaltools.gnu-tools-for-stm32.12.3.rel1.linux64_1.0.200.202406132123/tools/bin/../lib/gcc/arm-none-eabi/12.3.1/thumb/v7e-m+fp/hard/libgcc.a(_aeabi_uldivmod.o)
 .debug_frame   0x000030e0       0x34 /home/kalsifer/st/stm32cubeide_1.16.1/plugins/com.st.stm32cube.ide.mcu.externaltools.gnu-tools-for-stm32.12.3.rel1.linux64_1.0.200.202406132123/tools/bin/../lib/gcc/arm-none-eabi/12.3.1/thumb/v7e-m+fp/hard/libgcc.a(_udivmoddi4.o)

.debug_line_str
                0x00000000       0x55
 .debug_line_str
                0x00000000       0x55 ./Core/Startup/startup_stm32g474retx.o
