Archive member included to satisfy reference by file (symbol)

/home/kalsifer/st/stm32cubeide_1.16.1/plugins/com.st.stm32cube.ide.mcu.externaltools.gnu-tools-for-stm32.12.3.rel1.linux64_1.0.200.202406132123/tools/bin/../lib/gcc/arm-none-eabi/12.3.1/../../../../arm-none-eabi/lib/thumb/v7e-m+fp/hard/libc_nano.a(libc_a-exit.o)
                              /home/kalsifer/st/stm32cubeide_1.16.1/plugins/com.st.stm32cube.ide.mcu.externaltools.gnu-tools-for-stm32.12.3.rel1.linux64_1.0.200.202406132123/tools/bin/../lib/gcc/arm-none-eabi/12.3.1/../../../../arm-none-eabi/lib/thumb/v7e-m+fp/hard/crt0.o (exit)
/home/kalsifer/st/stm32cubeide_1.16.1/plugins/com.st.stm32cube.ide.mcu.externaltools.gnu-tools-for-stm32.12.3.rel1.linux64_1.0.200.202406132123/tools/bin/../lib/gcc/arm-none-eabi/12.3.1/../../../../arm-none-eabi/lib/thumb/v7e-m+fp/hard/libc_nano.a(libc_a-rand.o)
                              ./Core/Src/main.o (rand)
/home/kalsifer/st/stm32cubeide_1.16.1/plugins/com.st.stm32cube.ide.mcu.externaltools.gnu-tools-for-stm32.12.3.rel1.linux64_1.0.200.202406132123/tools/bin/../lib/gcc/arm-none-eabi/12.3.1/../../../../arm-none-eabi/lib/thumb/v7e-m+fp/hard/libc_nano.a(libc_a-findfp.o)
                              /home/kalsifer/st/stm32cubeide_1.16.1/plugins/com.st.stm32cube.ide.mcu.externaltools.gnu-tools-for-stm32.12.3.rel1.linux64_1.0.200.202406132123/tools/bin/../lib/gcc/arm-none-eabi/12.3.1/../../../../arm-none-eabi/lib/thumb/v7e-m+fp/hard/libc_nano.a(libc_a-exit.o) (__stdio_exit_handler)
/home/kalsifer/st/stm32cubeide_1.16.1/plugins/com.st.stm32cube.ide.mcu.externaltools.gnu-tools-for-stm32.12.3.rel1.linux64_1.0.200.202406132123/tools/bin/../lib/gcc/arm-none-eabi/12.3.1/../../../../arm-none-eabi/lib/thumb/v7e-m+fp/hard/libc_nano.a(libc_a-fwalk.o)
                              /home/kalsifer/st/stm32cubeide_1.16.1/plugins/com.st.stm32cube.ide.mcu.externaltools.gnu-tools-for-stm32.12.3.rel1.linux64_1.0.200.202406132123/tools/bin/../lib/gcc/arm-none-eabi/12.3.1/../../../../arm-none-eabi/lib/thumb/v7e-m+fp/hard/libc_nano.a(libc_a-findfp.o) (_fwalk_sglue)
/home/kalsifer/st/stm32cubeide_1.16.1/plugins/com.st.stm32cube.ide.mcu.externaltools.gnu-tools-for-stm32.12.3.rel1.linux64_1.0.200.202406132123/tools/bin/../lib/gcc/arm-none-eabi/12.3.1/../../../../arm-none-eabi/lib/thumb/v7e-m+fp/hard/libc_nano.a(libc_a-stdio.o)
                              /home/kalsifer/st/stm32cubeide_1.16.1/plugins/com.st.stm32cube.ide.mcu.externaltools.gnu-tools-for-stm32.12.3.rel1.linux64_1.0.200.202406132123/tools/bin/../lib/gcc/arm-none-eabi/12.3.1/../../../../arm-none-eabi/lib/thumb/v7e-m+fp/hard/libc_nano.a(libc_a-findfp.o) (__sread)
/home/kalsifer/st/stm32cubeide_1.16.1/plugins/com.st.stm32cube.ide.mcu.externaltools.gnu-tools-for-stm32.12.3.rel1.linux64_1.0.200.202406132123/tools/bin/../lib/gcc/arm-none-eabi/12.3.1/../../../../arm-none-eabi/lib/thumb/v7e-m+fp/hard/libc_nano.a(libc_a-memset.o)
                              /home/kalsifer/st/stm32cubeide_1.16.1/plugins/com.st.stm32cube.ide.mcu.externaltools.gnu-tools-for-stm32.12.3.rel1.linux64_1.0.200.202406132123/tools/bin/../lib/gcc/arm-none-eabi/12.3.1/../../../../arm-none-eabi/lib/thumb/v7e-m+fp/hard/crt0.o (memset)
/home/kalsifer/st/stm32cubeide_1.16.1/plugins/com.st.stm32cube.ide.mcu.externaltools.gnu-tools-for-stm32.12.3.rel1.linux64_1.0.200.202406132123/tools/bin/../lib/gcc/arm-none-eabi/12.3.1/../../../../arm-none-eabi/lib/thumb/v7e-m+fp/hard/libc_nano.a(libc_a-closer.o)
                              /home/kalsifer/st/stm32cubeide_1.16.1/plugins/com.st.stm32cube.ide.mcu.externaltools.gnu-tools-for-stm32.12.3.rel1.linux64_1.0.200.202406132123/tools/bin/../lib/gcc/arm-none-eabi/12.3.1/../../../../arm-none-eabi/lib/thumb/v7e-m+fp/hard/libc_nano.a(libc_a-stdio.o) (_close_r)
/home/kalsifer/st/stm32cubeide_1.16.1/plugins/com.st.stm32cube.ide.mcu.externaltools.gnu-tools-for-stm32.12.3.rel1.linux64_1.0.200.202406132123/tools/bin/../lib/gcc/arm-none-eabi/12.3.1/../../../../arm-none-eabi/lib/thumb/v7e-m+fp/hard/libc_nano.a(libc_a-reent.o)
                              /home/kalsifer/st/stm32cubeide_1.16.1/plugins/com.st.stm32cube.ide.mcu.externaltools.gnu-tools-for-stm32.12.3.rel1.linux64_1.0.200.202406132123/tools/bin/../lib/gcc/arm-none-eabi/12.3.1/../../../../arm-none-eabi/lib/thumb/v7e-m+fp/hard/libc_nano.a(libc_a-closer.o) (errno)
/home/kalsifer/st/stm32cubeide_1.16.1/plugins/com.st.stm32cube.ide.mcu.externaltools.gnu-tools-for-stm32.12.3.rel1.linux64_1.0.200.202406132123/tools/bin/../lib/gcc/arm-none-eabi/12.3.1/../../../../arm-none-eabi/lib/thumb/v7e-m+fp/hard/libc_nano.a(libc_a-impure.o)
                              /home/kalsifer/st/stm32cubeide_1.16.1/plugins/com.st.stm32cube.ide.mcu.externaltools.gnu-tools-for-stm32.12.3.rel1.linux64_1.0.200.202406132123/tools/bin/../lib/gcc/arm-none-eabi/12.3.1/../../../../arm-none-eabi/lib/thumb/v7e-m+fp/hard/libc_nano.a(libc_a-rand.o) (_impure_ptr)
[...]
Memory Configuration

Name             Origin             Length             Attributes
RAM              0x20000000         0x00020000         xrw
FLASH            0x08000000         0x00080000         xr
*default*        0x00000000         0xffffffff

Linker script and memory map

LOAD /home/kalsifer/st/stm32cubeide_1.16.1/plugins/com.st.stm32cube.ide.mcu.externaltools.gnu-tools-for-stm32.12.3.rel1.linux64_1.0.200.202406132123/tools/bin/../lib/gcc/arm-none-eabi/12.3.1/thumb/v7e-m+fp/hard/crti.o
LOAD /home/kalsifer/st/stm32cubeide_1.16.1/plugins/com.st.stm32cube.ide.mcu.externaltools.gnu-tools-for-stm32.12.3.rel1.linux64_1.0.200.202406132123/tools/bin/../lib/gcc/arm-none-eabi/12.3.1/thumb/v7e-m+fp/hard/crtbegin.o
LOAD /home/kalsifer/st/stm32cubeide_1.16.1/plugins/com.st.stm32cube.ide.mcu.externaltools.gnu-tools-for-stm32.12.3.rel1.linux64_1.0.200.202406132123/tools/bin/../lib/gcc/arm-none-eabi/12.3.1/../../../../arm-none-eabi/lib/thumb/v7e-m+fp/hard/crt0.o
LOAD ./Core/Src/dac.o
LOAD ./Core/Src/gpio.o
LOAD ./Core/Src/main.o
LOAD ./Core/Src/spi.o
LOAD ./Core/Src/stm32g4xx_hal_msp.o
LOAD ./Core/Src/stm32g4xx_it.o
LOAD ./Core/Src/syscalls.o
LOAD ./Core/Src/sysmem.o
LOAD ./Core/Src/system_stm32g4xx.o
LOAD ./Core/Src/usart.o
LOAD ./Core/Startup/startup_stm32g474retx.o
LOAD ./Drivers/STM32G4xx_HAL_Driver/Src/stm32g4xx_hal.o
LOAD ./Drivers/STM32G4xx_HAL_Driver/Src/stm32g4xx_hal_cortex.o
LOAD ./Drivers/STM32G4xx_HAL_Driver/Src/stm32g4xx_hal_dac.o
LOAD ./Drivers/STM32G4xx_HAL_Driver/Src/stm32g4xx_hal_dac_ex.o
LOAD ./Drivers/STM32G4xx_HAL_Driver/Src/stm32g4xx_hal_dma.o
LOAD ./Drivers/STM32G4xx_HAL_Driver/Src/stm32g4xx_hal_dma_ex.o
LOAD ./Drivers/STM32G4xx_HAL_Driver/Src/stm32g4xx_hal_exti.o
LOAD ./Drivers/STM32G4xx_HAL_Driver/Src/stm32g4xx_hal_flash.o
LOAD ./Drivers/STM32G4xx_HAL_Driver/Src/stm32g4xx_hal_flash_ex.o
LOAD ./Drivers/STM32G4xx_HAL_Driver/Src/stm32g4xx_hal_flash_ramfunc.o
LOAD ./Drivers/STM32G4xx_HAL_Driver/Src/stm32g4xx_hal_gpio.o
LOAD ./Drivers/STM32G4xx_HAL_Driver/Src/stm32g4xx_hal_pwr.o
LOAD ./Drivers/STM32G4xx_HAL_Driver/Src/stm32g4xx_hal_pwr_ex.o
LOAD ./Drivers/STM32G4xx_HAL_Driver/Src/stm32g4xx_hal_rcc.o
LOAD ./Drivers/STM32G4xx_HAL_Driver/Src/stm32g4xx_hal_rcc_ex.o
LOAD ./Drivers/STM32G4xx_HAL_Driver/Src/stm32g4xx_hal_spi.o
LOAD ./Drivers/STM32G4xx_HAL_Driver/Src/stm32g4xx_hal_spi_ex.o
LOAD ./Drivers/STM32G4xx_HAL_Driver/Src/stm32g4xx_hal_tim.o
LOAD ./Drivers/STM32G4xx_HAL_Driver/Src/stm32g4xx_hal_tim_ex.o
LOAD ./Drivers/STM32G4xx_HAL_Driver/Src/stm32g4xx_hal_uart.o
LOAD ./Drivers/STM32G4xx_HAL_Driver/Src/stm32g4xx_hal_uart_ex.o
START GROUP
LOAD /home/kalsifer/st/stm32cubeide_1.16.1/plugins/com.st.stm32cube.ide.mcu.externaltools.gnu-tools-for-stm32.12.3.rel1.linux64_1.0.200.202406132123/tools/bin/../lib/gcc/arm-none-eabi/12.3.1/../../../../arm-none-eabi/lib/thumb/v7e-m+fp/hard/libc_nano.a
LOAD /home/kalsifer/st/stm32cubeide_1.16.1/plugins/com.st.stm32cube.ide.mcu.externaltools.gnu-tools-for-stm32.12.3.rel1.linux64_1.0.200.202406132123/tools/bin/../lib/gcc/arm-none-eabi/12.3.1/../../../../arm-none-eabi/lib/thumb/v7e-m+fp/hard/libm.a
END GROUP
START GROUP
LOAD /home/kalsifer/st/stm32cubeide_1.16.1/plugins/com.st.stm32cube.ide.mcu.externaltools.gnu-tools-for-stm32.12.3.rel1.linux64_1.0.200.202406132123/tools/bin/../lib/gcc/arm-none-eabi/12.3.1/thumb/v7e-m+fp/hard/libgcc.a
LOAD /home/kalsifer/st/stm32cubeide_1.16.1/plugins/com.st.stm32cube.ide.mcu.externaltools.gnu-tools-for-stm32.12.3.rel1.linux64_1.0.200.202406132123/tools/bin/../lib/gcc/arm-none-eabi/12.3.1/../../../../arm-none-eabi/lib/thumb/v7e-m+fp/hard/libc_nano.a
END GROUP
START GROUP
LOAD /home/kalsifer/st/stm32cubeide_1.16.1/plugins/com.st.stm32cube.ide.mcu.externaltools.gnu-tools-for-stm32.12.3.rel1.linux64_1.0.200.202406132123/tools/bin/../lib/gcc/arm-none-eabi/12.3.1/thumb/v7e-m+fp/hard/libgcc.a
LOAD /home/kalsifer/st/stm32cubeide_1.16.1/plugins/com.st.stm32cube.ide.mcu.externaltools.gnu-tools-for-stm32.12.3.rel1.linux64_1.0.200.202406132123/tools/bin/../lib/gcc/arm-none-eabi/12.3.1/../../../../arm-none-eabi/lib/thumb/v7e-m+fp/hard/libc_nano.a
LOAD /home/kalsifer/st/stm32cubeide_1.16.1/plugins/com.st.stm32cube.ide.mcu.externaltools.gnu-tools-for-stm32.12.3.rel1.linux64_1.0.200.202406132123/tools/bin/../lib/gcc/arm-none-eabi/12.3.1/../../../../arm-none-eabi/lib/thumb/v7e-m+fp/hard/libnosys.a
END GROUP
START GROUP
LOAD /home/kalsifer/st/stm32cubeide_1.16.1/plugins/com.st.stm32cube.ide.mcu.externaltools.gnu-tools-for-stm32.12.3.rel1.linux64_1.0.200.202406132123/tools/bin/../lib/gcc/arm-none-eabi/12.3.1/thumb/v7e-m+fp/hard/libgcc.a
LOAD /home/kalsifer/st/stm32cubeide_1.16.1/plugins/com.st.stm32cube.ide.mcu.externaltools.gnu-tools-for-stm32.12.3.rel1.linux64_1.0.200.202406132123/tools/bin/../lib/gcc/arm-none-eabi/12.3.1/../../../../arm-none-eabi/lib/thumb/v7e-m+fp/hard/libc_nano.a
LOAD /home/kalsifer/st/stm32cubeide_1.16.1/plugins/com.st.stm32cube.ide.mcu.externaltools.gnu-tools-for-stm32.12.3.rel1.linux64_1.0.200.202406132123/tools/bin/../lib/gcc/arm-none-eabi/12.3.1/../../../../arm-none-eabi/lib/thumb/v7e-m+fp/hard/libnosys.a
END GROUP
LOAD /home/kalsifer/st/stm32cubeide_1.16.1/plugins/com.st.stm32cube.ide.mcu.externaltools.gnu-tools-for-stm32.12.3.rel1.linux64_1.0.200.202406132123/tools/bin/../lib/gcc/arm-none-eabi/12.3.1/thumb/v7e-m+fp/hard/crtend.o
LOAD /home/kalsifer/st/stm32cubeide_1.16.1/plugins/com.st.stm32cube.ide.mcu.externaltools.gnu-tools-for-stm32.12.3.rel1.linux64_1.0.200.202406132123/tools/bin/../lib/gcc/arm-none-eabi/12.3.1/thumb/v7e-m+fp/hard/crtn.o
                0x20020000                        _estack = (ORIGIN (RAM) + LENGTH (RAM))
                0x00000200                        _Min_Heap_Size = 0x200
                0x00000400                        _Min_Stack_Size = 0x400

.isr_vector     0x08000000      0x1d8
                0x08000000                        . = ALIGN (0x4)
 *(.isr_vector)
 .isr_vector    0x08000000      0x1d8 ./Core/Startup/startup_stm32g474retx.o
                0x08000000                g_pfnVectors
                0x080001d8                        . = ALIGN (0x4)

.text           0x080001e0     0x581c
                0x080001e0                        . = ALIGN (0x4)
 *(.text)
 .text          0x080001e0       0x40 /home/kalsifer/st/stm32cubeide_1.16.1/plugins/com.st.stm32cube.ide.mcu.externaltools.gnu-tools-for-stm32.12.3.rel1.linux64_1.0.200.202406132123/tools/bin/../lib/gcc/arm-none-eabi/12.3.1/thumb/v7e-m+fp/hard/crtbegin.o
 .text          0x08000220       0xa0 /home/kalsifer/st/stm32cubeide_1.16.1/plugins/com.st.stm32cube.ide.mcu.externaltools.gnu-tools-for-stm32.12.3.rel1.linux64_1.0.200.202406132123/tools/bin/../lib/gcc/arm-none-eabi/12.3.1/../../../../arm-none-eabi/lib/thumb/v7e-m+fp/hard/libc_nano.a(libc_a-memchr.o)
                0x08000220                memchr
 .text          0x080002c0       0x30 /home/kalsifer/st/stm32cubeide_1.16.1/plugins/com.st.stm32cube.ide.mcu.externaltools.gnu-tools-for-stm32.12.3.rel1.linux64_1.0.200.202406132123/tools/bin/../lib/gcc/arm-none-eabi/12.3.1/thumb/v7e-m+fp/hard/libgcc.a(_aeabi_uldivmod.o)
                0x080002c0                __aeabi_uldivmod
 .text          0x080002f0      0x2bc /home/kalsifer/st/stm32cubeide_1.16.1/plugins/com.st.stm32cube.ide.mcu.externaltools.gnu-tools-for-stm32.12.3.rel1.linux64_1.0.200.202406132123/tools/bin/../lib/gcc/arm-none-eabi/12.3.1/thumb/v7e-m+fp/hard/libgcc.a(_udivmoddi4.o)
                0x080002f0                __udivmoddi4
 .text          0x080005ac        0x4 /home/kalsifer/st/stm32cubeide_1.16.1/plugins/com.st.stm32cube.ide.mcu.externaltools.gnu-tools-for-stm32.12.3.rel1.linux64_1.0.200.202406132123/tools/bin/../lib/gcc/arm-none-eabi/12.3.1/thumb/v7e-m+fp/hard/libgcc.a(_dvmd_tls.o)
                0x080005ac                __aeabi_ldiv0
                0x080005ac                __aeabi_idiv0
 *(.text*)
 .text.MX_DAC1_Init
                0x080005b0       0x74 ./Core/Src/dac.o
                0x080005b0                MX_DAC1_Init
 .text.HAL_DAC_MspInit
                0x08000624       0x7c ./Core/Src/dac.o
                0x08000624                HAL_DAC_MspInit
 .text.MX_GPIO_Init
                0x080006a0       0xdc ./Core/Src/gpio.o
                0x080006a0                MX_GPIO_Init
 .text.main     0x0800077c      0x14c ./Core/Src/main.o
                0x0800077c                main
 .text.SystemClock_Config
                0x080008c8       0x96 ./Core/Src/main.o
                0x080008c8                SystemClock_Config
 .text.Error_Handler
                0x0800095e        0xc ./Core/Src/main.o
                0x0800095e                Error_Handler
 *fill*         0x0800096a        0x2 
 .text.MX_SPI1_Init
                0x0800096c       0x7c ./Core/Src/spi.o
                0x0800096c                MX_SPI1_Init
 .text.HAL_SPI_MspInit
                0x080009e8       0x94 ./Core/Src/spi.o
                0x080009e8                HAL_SPI_MspInit
 .text.HAL_MspInit
                0x08000a7c       0x48 ./Core/Src/stm32g4xx_hal_msp.o
                0x08000a7c                HAL_MspInit
 .text.NMI_Handler
                0x08000ac4        0x8 ./Core/Src/stm32g4xx_it.o
                0x08000ac4                NMI_Handler
 .text.HardFault_Handler
                0x08000acc        0x8 ./Core/Src/stm32g4xx_it.o
                0x08000acc                HardFault_Handler
 .text.MemManage_Handler
                0x08000ad4        0x8 ./Core/Src/stm32g4xx_it.o
                0x08000ad4                MemManage_Handler
 .text.BusFault_Handler
                0x08000adc        0x8 ./Core/Src/stm32g4xx_it.o
                0x08000adc                BusFault_Handler
 .text.UsageFault_Handler
                0x08000ae4        0x8 ./Core/Src/stm32g4xx_it.o
                0x08000ae4                UsageFault_Handler
 .text.SVC_Handler
                0x08000aec        0xe ./Core/Src/stm32g4xx_it.o
                0x08000aec                SVC_Handler
 .text.DebugMon_Handler
                0x08000afa        0xe ./Core/Src/stm32g4xx_it.o
                0x08000afa                DebugMon_Handler
 .text.PendSV_Handler
                0x08000b08        0xe ./Core/Src/stm32g4xx_it.o
                0x08000b08                PendSV_Handler
 .text.SysTick_Handler
                0x08000b16        0xc ./Core/Src/stm32g4xx_it.o
                0x08000b16                SysTick_Handler
 *fill*         0x08000b22        0x2 
 .text.SPI1_IRQHandler
                0x08000b24       0x14 ./Core/Src/stm32g4xx_it.o
                0x08000b24                SPI1_IRQHandler
 .text.EXTI15_10_IRQHandler
                0x08000b38       0x10 ./Core/Src/stm32g4xx_it.o
                0x08000b38                EXTI15_10_IRQHandler
 .text._getpid  0x08000b48       0x10 ./Core/Src/syscalls.o
                0x08000b48                _getpid
 .text._kill    0x08000b58       0x20 ./Core/Src/syscalls.o
                0x08000b58                _kill
 .text._exit    0x08000b78       0x16 ./Core/Src/syscalls.o
                0x08000b78                _exit
 .text._read    0x08000b8e       0x3a ./Core/Src/syscalls.o
                0x08000b8e                _read
 .text._write   0x08000bc8       0x38 ./Core/Src/syscalls.o
                0x08000bc8                _write
 .text._close   0x08000c00       0x18 ./Core/Src/syscalls.o
                0x08000c00                _close
 .text._fstat   0x08000c18       0x20 ./Core/Src/syscalls.o
                0x08000c18                _fstat
 .text._isatty  0x08000c38       0x16 ./Core/Src/syscalls.o
                0x08000c38                _isatty
 .text._lseek   0x08000c4e       0x1a ./Core/Src/syscalls.o
                0x08000c4e                _lseek
 .text._sbrk    0x08000c68       0x6c ./Core/Src/sysmem.o
                0x08000c68                _sbrk
 .text.SystemInit
                0x08000cd4       0x24 ./Core/Src/system_stm32g4xx.o
                0x08000cd4                SystemInit
 .text.MX_LPUART1_UART_Init
                0x08000cf8       0x94 ./Core/Src/usart.o
                0x08000cf8                MX_LPUART1_UART_Init
 .text.HAL_UART_MspInit
                0x08000d8c       0xb0 ./Core/Src/usart.o
                0x08000d8c                HAL_UART_MspInit
 .text.Reset_Handler
                0x08000e3c       0x50 ./Core/Startup/startup_stm32g474retx.o
                0x08000e3c                Reset_Handler
 .text.Default_Handler
                0x08000e8c        0x2 ./Core/Startup/startup_stm32g474retx.o
                0x08000e8c                RTC_Alarm_IRQHandler
                0x08000e8c                EXTI2_IRQHandler
                0x08000e8c                TIM8_TRG_COM_IRQHandler
                0x08000e8c                TIM8_CC_IRQHandler
                0x08000e8c                HRTIM1_Master_IRQHandler
                0x08000e8c                SPI4_IRQHandler
                0x08000e8c                FDCAN3_IT0_IRQHandler
                0x08000e8c                TIM1_CC_IRQHandler
                0x08000e8c                HRTIM1_FLT_IRQHandler
                0x08000e8c                HRTIM1_TIMF_IRQHandler
                0x08000e8c                USB_HP_IRQHandler
                0x08000e8c                CORDIC_IRQHandler
                0x08000e8c                HRTIM1_TIMD_IRQHandler
                0x08000e8c                DMA2_Channel8_IRQHandler
                0x08000e8c                EXTI3_IRQHandler
                0x08000e8c                I2C3_ER_IRQHandler
                0x08000e8c                EXTI0_IRQHandler
                0x08000e8c                I2C2_EV_IRQHandler
                0x08000e8c                FPU_IRQHandler
                0x08000e8c                FDCAN1_IT1_IRQHandler
                0x08000e8c                TIM1_UP_TIM16_IRQHandler
                0x08000e8c                ADC1_2_IRQHandler
                0x08000e8c                HRTIM1_TIME_IRQHandler
                0x08000e8c                TIM6_DAC_IRQHandler
                0x08000e8c                HRTIM1_TIMC_IRQHandler
                0x08000e8c                TIM8_UP_IRQHandler
                0x08000e8c                DMA2_Channel2_IRQHandler
                0x08000e8c                DMA1_Channel4_IRQHandler
                0x08000e8c                TIM20_TRG_COM_IRQHandler
                0x08000e8c                USART3_IRQHandler
                0x08000e8c                DMA1_Channel7_IRQHandler
                0x08000e8c                UART5_IRQHandler
                0x08000e8c                ADC3_IRQHandler
                0x08000e8c                TIM4_IRQHandler
                0x08000e8c                DMA2_Channel1_IRQHandler
                0x08000e8c                QUADSPI_IRQHandler
                0x08000e8c                I2C1_EV_IRQHandler
                0x08000e8c                DMA1_Channel6_IRQHandler
                0x08000e8c                UART4_IRQHandler
                0x08000e8c                DMA2_Channel4_IRQHandler
                0x08000e8c                TIM3_IRQHandler
                0x08000e8c                RCC_IRQHandler
                0x08000e8c                TIM20_UP_IRQHandler
                0x08000e8c                DMA1_Channel1_IRQHandler
                0x08000e8c                Default_Handler
                0x08000e8c                DMA2_Channel7_IRQHandler
                0x08000e8c                RTC_TAMP_LSECSS_IRQHandler
                0x08000e8c                FMAC_IRQHandler
                0x08000e8c                DMA1_Channel8_IRQHandler
                0x08000e8c                HRTIM1_TIMA_IRQHandler
                0x08000e8c                TIM7_DAC_IRQHandler
                0x08000e8c                FDCAN3_IT1_IRQHandler
                0x08000e8c                TIM5_IRQHandler
                0x08000e8c                UCPD1_IRQHandler
                0x08000e8c                I2C3_EV_IRQHandler
                0x08000e8c                EXTI9_5_IRQHandler
                0x08000e8c                RTC_WKUP_IRQHandler
                0x08000e8c                PVD_PVM_IRQHandler
                0x08000e8c                SPI2_IRQHandler
                0x08000e8c                ADC5_IRQHandler
                0x08000e8c                DMA2_Channel5_IRQHandler
                0x08000e8c                CRS_IRQHandler
                0x08000e8c                DMA1_Channel5_IRQHandler
                0x08000e8c                USB_LP_IRQHandler
                0x08000e8c                EXTI4_IRQHandler
                0x08000e8c                RNG_IRQHandler
                0x08000e8c                HRTIM1_TIMB_IRQHandler
                0x08000e8c                TIM1_TRG_COM_TIM17_IRQHandler
                0x08000e8c                FDCAN2_IT1_IRQHandler
                0x08000e8c                DMA1_Channel3_IRQHandler
                0x08000e8c                ADC4_IRQHandler
                0x08000e8c                WWDG_IRQHandler
                0x08000e8c                I2C4_EV_IRQHandler
                0x08000e8c                FDCAN2_IT0_IRQHandler
                0x08000e8c                LPUART1_IRQHandler
                0x08000e8c                DMA2_Channel6_IRQHandler
                0x08000e8c                FDCAN1_IT0_IRQHandler
                0x08000e8c                TIM2_IRQHandler
                0x08000e8c                COMP7_IRQHandler
                0x08000e8c                COMP1_2_3_IRQHandler
                0x08000e8c                EXTI1_IRQHandler
                0x08000e8c                USART2_IRQHandler
                0x08000e8c                COMP4_5_6_IRQHandler
                0x08000e8c                TIM20_BRK_IRQHandler
                0x08000e8c                I2C2_ER_IRQHandler
                0x08000e8c                DMA1_Channel2_IRQHandler
                0x08000e8c                TIM8_BRK_IRQHandler
                0x08000e8c                FLASH_IRQHandler
                0x08000e8c                TIM20_CC_IRQHandler
                0x08000e8c                USART1_IRQHandler
                0x08000e8c                SPI3_IRQHandler
                0x08000e8c                I2C1_ER_IRQHandler
                0x08000e8c                FMC_IRQHandler
                0x08000e8c                LPTIM1_IRQHandler
                0x08000e8c                DMAMUX_OVR_IRQHandler
                0x08000e8c                I2C4_ER_IRQHandler
                0x08000e8c                USBWakeUp_IRQHandler
                0x08000e8c                SAI1_IRQHandler
                0x08000e8c                DMA2_Channel3_IRQHandler
                0x08000e8c                TIM1_BRK_TIM15_IRQHandler
 .text.HAL_Init
                0x08000e8e       0x30 ./Drivers/STM32G4xx_HAL_Driver/Src/stm32g4xx_hal.o
                0x08000e8e                HAL_Init
 *fill*         0x08000ebe        0x2 
 .text.HAL_InitTick
                0x08000ec0       0x74 ./Drivers/STM32G4xx_HAL_Driver/Src/stm32g4xx_hal.o
                0x08000ec0                HAL_InitTick
 .text.HAL_IncTick
                0x08000f34       0x24 ./Drivers/STM32G4xx_HAL_Driver/Src/stm32g4xx_hal.o
                0x08000f34                HAL_IncTick
 .text.HAL_GetTick
                0x08000f58       0x18 ./Drivers/STM32G4xx_HAL_Driver/Src/stm32g4xx_hal.o
                0x08000f58                HAL_GetTick
 .text.HAL_Delay
                0x08000f70       0x44 ./Drivers/STM32G4xx_HAL_Driver/Src/stm32g4xx_hal.o
                0x08000f70                HAL_Delay
 .text.__NVIC_SetPriorityGrouping
                0x08000fb4       0x48 ./Drivers/STM32G4xx_HAL_Driver/Src/stm32g4xx_hal_cortex.o
 .text.__NVIC_GetPriorityGrouping
                0x08000ffc       0x1c ./Drivers/STM32G4xx_HAL_Driver/Src/stm32g4xx_hal_cortex.o
 .text.__NVIC_EnableIRQ
                0x08001018       0x3c ./Drivers/STM32G4xx_HAL_Driver/Src/stm32g4xx_hal_cortex.o
 .text.__NVIC_SetPriority
                0x08001054       0x54 ./Drivers/STM32G4xx_HAL_Driver/Src/stm32g4xx_hal_cortex.o
 .text.NVIC_EncodePriority
                0x080010a8       0x66 ./Drivers/STM32G4xx_HAL_Driver/Src/stm32g4xx_hal_cortex.o
 *fill*         0x0800110e        0x2 
 .text.SysTick_Config
                0x08001110       0x44 ./Drivers/STM32G4xx_HAL_Driver/Src/stm32g4xx_hal_cortex.o
 .text.HAL_NVIC_SetPriorityGrouping
                0x08001154       0x16 ./Drivers/STM32G4xx_HAL_Driver/Src/stm32g4xx_hal_cortex.o
                0x08001154                HAL_NVIC_SetPriorityGrouping
 .text.HAL_NVIC_SetPriority
                0x0800116a       0x34 ./Drivers/STM32G4xx_HAL_Driver/Src/stm32g4xx_hal_cortex.o
                0x0800116a                HAL_NVIC_SetPriority
 .text.HAL_NVIC_EnableIRQ
                0x0800119e       0x1c ./Drivers/STM32G4xx_HAL_Driver/Src/stm32g4xx_hal_cortex.o
                0x0800119e                HAL_NVIC_EnableIRQ
 .text.HAL_SYSTICK_Config
                0x080011ba       0x18 ./Drivers/STM32G4xx_HAL_Driver/Src/stm32g4xx_hal_cortex.o
                0x080011ba                HAL_SYSTICK_Config
 .text.HAL_DAC_Init
                0x080011d2       0x44 ./Drivers/STM32G4xx_HAL_Driver/Src/stm32g4xx_hal_dac.o
                0x080011d2                HAL_DAC_Init
 *fill*         0x08001216        0x2 
 .text.HAL_DAC_Start
                0x08001218       0xd8 ./Drivers/STM32G4xx_HAL_Driver/Src/stm32g4xx_hal_dac.o
                0x08001218                HAL_DAC_Start
 .text.HAL_DAC_SetValue
                0x080012f0       0x5a ./Drivers/STM32G4xx_HAL_Driver/Src/stm32g4xx_hal_dac.o
                0x080012f0                HAL_DAC_SetValue
 *fill*         0x0800134a        0x2 
 .text.HAL_DAC_ConfigChannel
                0x0800134c      0x374 ./Drivers/STM32G4xx_HAL_Driver/Src/stm32g4xx_hal_dac.o
                0x0800134c                HAL_DAC_ConfigChannel
 .text.HAL_DMA_Abort_IT
                0x080016c0       0xce ./Drivers/STM32G4xx_HAL_Driver/Src/stm32g4xx_hal_dma.o
                0x080016c0                HAL_DMA_Abort_IT
 *fill*         0x0800178e        0x2 
 .text.HAL_GPIO_Init
                0x08001790      0x304 ./Drivers/STM32G4xx_HAL_Driver/Src/stm32g4xx_hal_gpio.o
                0x08001790                HAL_GPIO_Init
 .text.HAL_GPIO_WritePin
                0x08001a94       0x30 ./Drivers/STM32G4xx_HAL_Driver/Src/stm32g4xx_hal_gpio.o
                0x08001a94                HAL_GPIO_WritePin
 .text.HAL_GPIO_TogglePin
                0x08001ac4       0x34 ./Drivers/STM32G4xx_HAL_Driver/Src/stm32g4xx_hal_gpio.o
                0x08001ac4                HAL_GPIO_TogglePin
 .text.HAL_GPIO_EXTI_IRQHandler
                0x08001af8       0x30 ./Drivers/STM32G4xx_HAL_Driver/Src/stm32g4xx_hal_gpio.o
                0x08001af8                HAL_GPIO_EXTI_IRQHandler
 .text.HAL_GPIO_EXTI_Callback
                0x08001b28       0x16 ./Drivers/STM32G4xx_HAL_Driver/Src/stm32g4xx_hal_gpio.o
                0x08001b28                HAL_GPIO_EXTI_Callback
 *fill*         0x08001b3e        0x2 
 .text.HAL_PWREx_ControlVoltageScaling
                0x08001b40      0x148 ./Drivers/STM32G4xx_HAL_Driver/Src/stm32g4xx_hal_pwr_ex.o
                0x08001b40                HAL_PWREx_ControlVoltageScaling
 .text.HAL_PWREx_DisableUCPDDeadBattery
                0x08001c88       0x20 ./Drivers/STM32G4xx_HAL_Driver/Src/stm32g4xx_hal_pwr_ex.o
                0x08001c88                HAL_PWREx_DisableUCPDDeadBattery
 .text.HAL_RCC_OscConfig
                0x08001ca8      0x624 ./Drivers/STM32G4xx_HAL_Driver/Src/stm32g4xx_hal_rcc.o
                0x08001ca8                HAL_RCC_OscConfig
 .text.HAL_RCC_ClockConfig
                0x080022cc      0x278 ./Drivers/STM32G4xx_HAL_Driver/Src/stm32g4xx_hal_rcc.o
                0x080022cc                HAL_RCC_ClockConfig
 .text.HAL_RCC_GetSysClockFreq
                0x08002544       0xc4 ./Drivers/STM32G4xx_HAL_Driver/Src/stm32g4xx_hal_rcc.o
                0x08002544                HAL_RCC_GetSysClockFreq
 .text.HAL_RCC_GetHCLKFreq
                0x08002608       0x18 ./Drivers/STM32G4xx_HAL_Driver/Src/stm32g4xx_hal_rcc.o
                0x08002608                HAL_RCC_GetHCLKFreq
 .text.HAL_RCC_GetPCLK1Freq
                0x08002620       0x2c ./Drivers/STM32G4xx_HAL_Driver/Src/stm32g4xx_hal_rcc.o
                0x08002620                HAL_RCC_GetPCLK1Freq
 .text.HAL_RCC_GetPCLK2Freq
                0x0800264c       0x2c ./Drivers/STM32G4xx_HAL_Driver/Src/stm32g4xx_hal_rcc.o
                0x0800264c                HAL_RCC_GetPCLK2Freq
 .text.RCC_GetSysClockFreqFromPLLSource
                0x08002678       0x8c ./Drivers/STM32G4xx_HAL_Driver/Src/stm32g4xx_hal_rcc.o
 .text.HAL_RCCEx_PeriphCLKConfig
                0x08002704      0x49c ./Drivers/STM32G4xx_HAL_Driver/Src/stm32g4xx_hal_rcc_ex.o
                0x08002704                HAL_RCCEx_PeriphCLKConfig
 .text.HAL_SPI_Init
                0x08002ba0      0x156 ./Drivers/STM32G4xx_HAL_Driver/Src/stm32g4xx_hal_spi.o
                0x08002ba0                HAL_SPI_Init
 .text.HAL_SPI_Transmit
                0x08002cf6      0x2ec ./Drivers/STM32G4xx_HAL_Driver/Src/stm32g4xx_hal_spi.o
                0x08002cf6                HAL_SPI_Transmit
 .text.HAL_SPI_Receive
                0x08002fe2      0x270 ./Drivers/STM32G4xx_HAL_Driver/Src/stm32g4xx_hal_spi.o
                0x08002fe2                HAL_SPI_Receive
 .text.HAL_SPI_TransmitReceive
                0x08003252      0x43e ./Drivers/STM32G4xx_HAL_Driver/Src/stm32g4xx_hal_spi.o
                0x08003252                HAL_SPI_TransmitReceive
 .text.HAL_SPI_IRQHandler
                0x08003690      0x1e8 ./Drivers/STM32G4xx_HAL_Driver/Src/stm32g4xx_hal_spi.o
                0x08003690                HAL_SPI_IRQHandler
 .text.HAL_SPI_ErrorCallback
                0x08003878       0x14 ./Drivers/STM32G4xx_HAL_Driver/Src/stm32g4xx_hal_spi.o
                0x08003878                HAL_SPI_ErrorCallback
 .text.SPI_DMAAbortOnError
                0x0800388c       0x2a ./Drivers/STM32G4xx_HAL_Driver/Src/stm32g4xx_hal_spi.o
 *fill*         0x080038b6        0x2 
 .text.SPI_WaitFlagStateUntilTimeout
                0x080038b8      0x110 ./Drivers/STM32G4xx_HAL_Driver/Src/stm32g4xx_hal_spi.o
 .text.SPI_WaitFifoStateUntilTimeout
                0x080039c8      0x12c ./Drivers/STM32G4xx_HAL_Driver/Src/stm32g4xx_hal_spi.o
 .text.SPI_EndRxTransaction
                0x08003af4       0xb0 ./Drivers/STM32G4xx_HAL_Driver/Src/stm32g4xx_hal_spi.o
 .text.SPI_EndRxTxTransaction
                0x08003ba4       0x8c ./Drivers/STM32G4xx_HAL_Driver/Src/stm32g4xx_hal_spi.o
 .text.HAL_UART_Init
                0x08003c30       0xa0 ./Drivers/STM32G4xx_HAL_Driver/Src/stm32g4xx_hal_uart.o
                0x08003c30                HAL_UART_Init
 .text.HAL_UART_Transmit
                0x08003cd0      0x11c ./Drivers/STM32G4xx_HAL_Driver/Src/stm32g4xx_hal_uart.o
                0x08003cd0                HAL_UART_Transmit
 .text.UART_SetConfig
                0x08003dec      0x5f8 ./Drivers/STM32G4xx_HAL_Driver/Src/stm32g4xx_hal_uart.o
                0x08003dec                UART_SetConfig
 .text.UART_AdvFeatureConfig
                0x080043e4      0x144 ./Drivers/STM32G4xx_HAL_Driver/Src/stm32g4xx_hal_uart.o
                0x080043e4                UART_AdvFeatureConfig
 .text.UART_CheckIdleState
                0x08004528      0x154 ./Drivers/STM32G4xx_HAL_Driver/Src/stm32g4xx_hal_uart.o
                0x08004528                UART_CheckIdleState
 .text.UART_WaitOnFlagUntilTimeout
                0x0800467c       0xda ./Drivers/STM32G4xx_HAL_Driver/Src/stm32g4xx_hal_uart.o
                0x0800467c                UART_WaitOnFlagUntilTimeout
 .text.UART_EndRxTransfer
                0x08004756       0xcc ./Drivers/STM32G4xx_HAL_Driver/Src/stm32g4xx_hal_uart.o
 .text.HAL_UARTEx_DisableFifoMode
                0x08004822       0x72 ./Drivers/STM32G4xx_HAL_Driver/Src/stm32g4xx_hal_uart_ex.o
                0x08004822                HAL_UARTEx_DisableFifoMode
 .text.HAL_UARTEx_SetTxFifoThreshold
                0x08004894       0x7c ./Drivers/STM32G4xx_HAL_Driver/Src/stm32g4xx_hal_uart_ex.o
                0x08004894                HAL_UARTEx_SetTxFifoThreshold
 .text.HAL_UARTEx_SetRxFifoThreshold
                0x08004910       0x7c ./Drivers/STM32G4xx_HAL_Driver/Src/stm32g4xx_hal_uart_ex.o
                0x08004910                HAL_UARTEx_SetRxFifoThreshold
 .text.UARTEx_SetNbDataToProcess
                0x0800498c       0x9c ./Drivers/STM32G4xx_HAL_Driver/Src/stm32g4xx_hal_uart_ex.o
 .text.rand     0x08004a28       0x7c /home/kalsifer/st/stm32cubeide_1.16.1/plugins/com.st.stm32cube.ide.mcu.externaltools.gnu-tools-for-stm32.12.3.rel1.linux64_1.0.200.202406132123/tools/bin/../lib/gcc/arm-none-eabi/12.3.1/../../../../arm-none-eabi/lib/thumb/v7e-m+fp/hard/libc_nano.a(libc_a-rand.o)
                0x08004a28                rand
 .text.std      0x08004aa4       0x6c /home/kalsifer/st/stm32cubeide_1.16.1/plugins/com.st.stm32cube.ide.mcu.externaltools.gnu-tools-for-stm32.12.3.rel1.linux64_1.0.200.202406132123/tools/bin/../lib/gcc/arm-none-eabi/12.3.1/../../../../arm-none-eabi/lib/thumb/v7e-m+fp/hard/libc_nano.a(libc_a-findfp.o)
 .text.stdio_exit_handler
                0x08004b10       0x18 /home/kalsifer/st/stm32cubeide_1.16.1/plugins/com.st.stm32cube.ide.mcu.externaltools.gnu-tools-for-stm32.12.3.rel1.linux64_1.0.200.202406132123/tools/bin/../lib/gcc/arm-none-eabi/12.3.1/../../../../arm-none-eabi/lib/thumb/v7e-m+fp/hard/libc_nano.a(libc_a-findfp.o)
 .text.cleanup_stdio
                0x08004b28       0x40 /home/kalsifer/st/stm32cubeide_1.16.1/plugins/com.st.stm32cube.ide.mcu.externaltools.gnu-tools-for-stm32.12.3.rel1.linux64_1.0.200.202406132123/tools/bin/../lib/gcc/arm-none-eabi/12.3.1/../../../../arm-none-eabi/lib/thumb/v7e-m+fp/hard/libc_nano.a(libc_a-findfp.o)
 .text.global_stdio_init.part.0
                0x08004b68       0x3c /home/kalsifer/st/stm32cubeide_1.16.1/plugins/com.st.stm32cube.ide.mcu.externaltools.gnu-tools-for-stm32.12.3.rel1.linux64_1.0.200.202406132123/tools/bin/../lib/gcc/arm-none-eabi/12.3.1/../../../../arm-none-eabi/lib/thumb/v7e-m+fp/hard/libc_nano.a(libc_a-findfp.o)
 .text.__sfp_lock_acquire
                0x08004ba4        0xc /home/kalsifer/st/stm32cubeide_1.16.1/plugins/com.st.stm32cube.ide.mcu.externaltools.gnu-tools-for-stm32.12.3.rel1.linux64_1.0.200.202406132123/tools/bin/../lib/gcc/arm-none-eabi/12.3.1/../../../../arm-none-eabi/lib/thumb/v7e-m+fp/hard/libc_nano.a(libc_a-findfp.o)
                0x08004ba4                __sfp_lock_acquire
 .text.__sfp_lock_release
                0x08004bb0        0xc /home/kalsifer/st/stm32cubeide_1.16.1/plugins/com.st.stm32cube.ide.mcu.externaltools.gnu-tools-for-stm32.12.3.rel1.linux64_1.0.200.202406132123/tools/bin/../lib/gcc/arm-none-eabi/12.3.1/../../../../arm-none-eabi/lib/thumb/v7e-m+fp/hard/libc_nano.a(libc_a-findfp.o)
                0x08004bb0                __sfp_lock_release
 .text.__sinit  0x08004bbc       0x30 /home/kalsifer/st/stm32cubeide_1.16.1/plugins/com.st.stm32cube.ide.mcu.externaltools.gnu-tools-for-stm32.12.3.rel1.linux64_1.0.200.202406132123/tools/bin/../lib/gcc/arm-none-eabi/12.3.1/../../../../arm-none-eabi/lib/thumb/v7e-m+fp/hard/libc_nano.a(libc_a-findfp.o)
                0x08004bbc                __sinit
 .text._fwalk_sglue
                0x08004bec       0x3c /home/kalsifer/st/stm32cubeide_1.16.1/plugins/com.st.stm32cube.ide.mcu.externaltools.gnu-tools-for-stm32.12.3.rel1.linux64_1.0.200.202406132123/tools/bin/../lib/gcc/arm-none-eabi/12.3.1/../../../../arm-none-eabi/lib/thumb/v7e-m+fp/hard/libc_nano.a(libc_a-fwalk.o)
                0x08004bec                _fwalk_sglue
 .text.__sread  0x08004c28       0x22 /home/kalsifer/st/stm32cubeide_1.16.1/plugins/com.st.stm32cube.ide.mcu.externaltools.gnu-tools-for-stm32.12.3.rel1.linux64_1.0.200.202406132123/tools/bin/../lib/gcc/arm-none-eabi/12.3.1/../../../../arm-none-eabi/lib/thumb/v7e-m+fp/hard/libc_nano.a(libc_a-stdio.o)
                0x08004c28                __sread
 .text.__swrite
                0x08004c4a       0x38 /home/kalsifer/st/stm32cubeide_1.16.1/plugins/com.st.stm32cube.ide.mcu.externaltools.gnu-tools-for-stm32.12.3.rel1.linux64_1.0.200.202406132123/tools/bin/../lib/gcc/arm-none-eabi/12.3.1/../../../../arm-none-eabi/lib/thumb/v7e-m+fp/hard/libc_nano.a(libc_a-stdio.o)
                0x08004c4a                __swrite
 .text.__sseek  0x08004c82       0x24 /home/kalsifer/st/stm32cubeide_1.16.1/plugins/com.st.stm32cube.ide.mcu.externaltools.gnu-tools-for-stm32.12.3.rel1.linux64_1.0.200.202406132123/tools/bin/../lib/gcc/arm-none-eabi/12.3.1/../../../../arm-none-eabi/lib/thumb/v7e-m+fp/hard/libc_nano.a(libc_a-stdio.o)
                0x08004c82                __sseek
 .text.__sclose
                0x08004ca6        0x8 /home/kalsifer/st/stm32cubeide_1.16.1/plugins/com.st.stm32cube.ide.mcu.externaltools.gnu-tools-for-stm32.12.3.rel1.linux64_1.0.200.202406132123/tools/bin/../lib/gcc/arm-none-eabi/12.3.1/../../../../arm-none-eabi/lib/thumb/v7e-m+fp/hard/libc_nano.a(libc_a-stdio.o)
                0x08004ca6                __sclose
 .text.memset   0x08004cae       0x10 /home/kalsifer/st/stm32cubeide_1.16.1/plugins/com.st.stm32cube.ide.mcu.externaltools.gnu-tools-for-stm32.12.3.rel1.linux64_1.0.200.202406132123/tools/bin/../lib/gcc/arm-none-eabi/12.3.1/../../../../arm-none-eabi/lib/thumb/v7e-m+fp/hard/libc_nano.a(libc_a-memset.o)
                0x08004cae                memset
 *fill*         0x08004cbe        0x2 
 .text._close_r
                0x08004cc0       0x20 /home/kalsifer/st/stm32cubeide_1.16.1/plugins/com.st.stm32cube.ide.mcu.externaltools.gnu-tools-for-stm32.12.3.rel1.linux64_1.0.200.202406132123/tools/bin/../lib/gcc/arm-none-eabi/12.3.1/../../../../arm-none-eabi/lib/thumb/v7e-m+fp/hard/libc_nano.a(libc_a-closer.o)
                0x08004cc0                _close_r
 .text._lseek_r
                0x08004ce0       0x24 /home/kalsifer/st/stm32cubeide_1.16.1/plugins/com.st.stm32cube.ide.mcu.externaltools.gnu-tools-for-stm32.12.3.rel1.linux64_1.0.200.202406132123/tools/bin/../lib/gcc/arm-none-eabi/12.3.1/../../../../arm-none-eabi/lib/thumb/v7e-m+fp/hard/libc_nano.a(libc_a-lseekr.o)
                0x08004ce0                _lseek_r
 .text._read_r  0x08004d04       0x24 /home/kalsifer/st/stm32cubeide_1.16.1/plugins/com.st.stm32cube.ide.mcu.externaltools.gnu-tools-for-stm32.12.3.rel1.linux64_1.0.200.202406132123/tools/bin/../lib/gcc/arm-none-eabi/12.3.1/../../../../arm-none-eabi/lib/thumb/v7e-m+fp/hard/libc_nano.a(libc_a-readr.o)
                0x08004d04                _read_r
 .text._write_r
                0x08004d28       0x24 /home/kalsifer/st/stm32cubeide_1.16.1/plugins/com.st.stm32cube.ide.mcu.externaltools.gnu-tools-for-stm32.12.3.rel1.linux64_1.0.200.202406132123/tools/bin/../lib/gcc/arm-none-eabi/12.3.1/../../../../arm-none-eabi/lib/thumb/v7e-m+fp/hard/libc_nano.a(libc_a-writer.o)
                0x08004d28                _write_r
 .text.__errno  0x08004d4c        0xc /home/kalsifer/st/stm32cubeide_1.16.1/plugins/com.st.stm32cube.ide.mcu.externaltools.gnu-tools-for-stm32.12.3.rel1.linux64_1.0.200.202406132123/tools/bin/../lib/gcc/arm-none-eabi/12.3.1/../../../../arm-none-eabi/lib/thumb/v7e-m+fp/hard/libc_nano.a(libc_a-errno.o)
                0x08004d4c                __errno
 .text.__libc_init_array
                0x08004d58       0x48 /home/kalsifer/st/stm32cubeide_1.16.1/plugins/com.st.stm32cube.ide.mcu.externaltools.gnu-tools-for-stm32.12.3.rel1.linux64_1.0.200.202406132123/tools/bin/../lib/gcc/arm-none-eabi/12.3.1/../../../../arm-none-eabi/lib/thumb/v7e-m+fp/hard/libc_nano.a(libc_a-init.o)
                0x08004d58                __libc_init_array
 .text.__retarget_lock_init_recursive
                0x08004da0        0x2 /home/kalsifer/st/stm32cubeide_1.16.1/plugins/com.st.stm32cube.ide.mcu.externaltools.gnu-tools-for-stm32.12.3.rel1.linux64_1.0.200.202406132123/tools/bin/../lib/gcc/arm-none-eabi/12.3.1/../../../../arm-none-eabi/lib/thumb/v7e-m+fp/hard/libc_nano.a(libc_a-lock.o)
                0x08004da0                __retarget_lock_init_recursive
 .text.__retarget_lock_acquire_recursive
                0x08004da2        0x2 /home/kalsifer/st/stm32cubeide_1.16.1/plugins/com.st.stm32cube.ide.mcu.externaltools.gnu-tools-for-stm32.12.3.rel1.linux64_1.0.200.202406132123/tools/bin/../lib/gcc/arm-none-eabi/12.3.1/../../../../arm-none-eabi/lib/thumb/v7e-m+fp/hard/libc_nano.a(libc_a-lock.o)
                0x08004da2                __retarget_lock_acquire_recursive
 .text.__retarget_lock_release_recursive
                0x08004da4        0x2 /home/kalsifer/st/stm32cubeide_1.16.1/plugins/com.st.stm32cube.ide.mcu.externaltools.gnu-tools-for-stm32.12.3.rel1.linux64_1.0.200.202406132123/tools/bin/../lib/gcc/arm-none-eabi/12.3.1/../../../../arm-none-eabi/lib/thumb/v7e-m+fp/hard/libc_nano.a(libc_a-lock.o)
                0x08004da4                __retarget_lock_release_recursive
 *fill*         0x08004da6        0x2 
 .text.__assert_func
                0x08004da8       0x3c /home/kalsifer/st/stm32cubeide_1.16.1/plugins/com.st.stm32cube.ide.mcu.externaltools.gnu-tools-for-stm32.12.3.rel1.linux64_1.0.200.202406132123/tools/bin/../lib/gcc/arm-none-eabi/12.3.1/../../../../arm-none-eabi/lib/thumb/v7e-m+fp/hard/libc_nano.a(libc_a-assert.o)
                0x08004da8                __assert_func
 .text._free_r  0x08004de4       0x94 /home/kalsifer/st/stm32cubeide_1.16.1/plugins/com.st.stm32cube.ide.mcu.externaltools.gnu-tools-for-stm32.12.3.rel1.linux64_1.0.200.202406132123/tools/bin/../lib/gcc/arm-none-eabi/12.3.1/../../../../arm-none-eabi/lib/thumb/v7e-m+fp/hard/libc_nano.a(libc_a-freer.o)
                0x08004de4                _free_r
 .text.malloc   0x08004e78       0x10 /home/kalsifer/st/stm32cubeide_1.16.1/plugins/com.st.stm32cube.ide.mcu.externaltools.gnu-tools-for-stm32.12.3.rel1.linux64_1.0.200.202406132123/tools/bin/../lib/gcc/arm-none-eabi/12.3.1/../../../../arm-none-eabi/lib/thumb/v7e-m+fp/hard/libc_nano.a(libc_a-malloc.o)
                0x08004e78                malloc
 .text.sbrk_aligned
                0x08004e88       0x44 /home/kalsifer/st/stm32cubeide_1.16.1/plugins/com.st.stm32cube.ide.mcu.externaltools.gnu-tools-for-stm32.12.3.rel1.linux64_1.0.200.202406132123/tools/bin/../lib/gcc/arm-none-eabi/12.3.1/../../../../arm-none-eabi/lib/thumb/v7e-m+fp/hard/libc_nano.a(libc_a-mallocr.o)
 .text._malloc_r
                0x08004ecc      0x100 /home/kalsifer/st/stm32cubeide_1.16.1/plugins/com.st.stm32cube.ide.mcu.externaltools.gnu-tools-for-stm32.12.3.rel1.linux64_1.0.200.202406132123/tools/bin/../lib/gcc/arm-none-eabi/12.3.1/../../../../arm-none-eabi/lib/thumb/v7e-m+fp/hard/libc_nano.a(libc_a-mallocr.o)
                0x08004ecc                _malloc_r
 .text.__malloc_lock
                0x08004fcc        0xc /home/kalsifer/st/stm32cubeide_1.16.1/plugins/com.st.stm32cube.ide.mcu.externaltools.gnu-tools-for-stm32.12.3.rel1.linux64_1.0.200.202406132123/tools/bin/../lib/gcc/arm-none-eabi/12.3.1/../../../../arm-none-eabi/lib/thumb/v7e-m+fp/hard/libc_nano.a(libc_a-mlock.o)
                0x08004fcc                __malloc_lock
 .text.__malloc_unlock
                0x08004fd8        0xc /home/kalsifer/st/stm32cubeide_1.16.1/plugins/com.st.stm32cube.ide.mcu.externaltools.gnu-tools-for-stm32.12.3.rel1.linux64_1.0.200.202406132123/tools/bin/../lib/gcc/arm-none-eabi/12.3.1/../../../../arm-none-eabi/lib/thumb/v7e-m+fp/hard/libc_nano.a(libc_a-mlock.o)
                0x08004fd8                __malloc_unlock
 .text.__sflush_r
                0x08004fe4      0x108 /home/kalsifer/st/stm32cubeide_1.16.1/plugins/com.st.stm32cube.ide.mcu.externaltools.gnu-tools-for-stm32.12.3.rel1.linux64_1.0.200.202406132123/tools/bin/../lib/gcc/arm-none-eabi/12.3.1/../../../../arm-none-eabi/lib/thumb/v7e-m+fp/hard/libc_nano.a(libc_a-fflush.o)
                0x08004fe4                __sflush_r
 .text._fflush_r
                0x080050ec       0x50 /home/kalsifer/st/stm32cubeide_1.16.1/plugins/com.st.stm32cube.ide.mcu.externaltools.gnu-tools-for-stm32.12.3.rel1.linux64_1.0.200.202406132123/tools/bin/../lib/gcc/arm-none-eabi/12.3.1/../../../../arm-none-eabi/lib/thumb/v7e-m+fp/hard/libc_nano.a(libc_a-fflush.o)
                0x080050ec                _fflush_r
 .text.fprintf  0x0800513c       0x24 /home/kalsifer/st/stm32cubeide_1.16.1/plugins/com.st.stm32cube.ide.mcu.externaltools.gnu-tools-for-stm32.12.3.rel1.linux64_1.0.200.202406132123/tools/bin/../lib/gcc/arm-none-eabi/12.3.1/../../../../arm-none-eabi/lib/thumb/v7e-m+fp/hard/libc_nano.a(libc_a-fprintf.o)
                0x0800513c                fprintf
                0x0800513c                fiprintf
 .text._sbrk_r  0x08005160       0x20 /home/kalsifer/st/stm32cubeide_1.16.1/plugins/com.st.stm32cube.ide.mcu.externaltools.gnu-tools-for-stm32.12.3.rel1.linux64_1.0.200.202406132123/tools/bin/../lib/gcc/arm-none-eabi/12.3.1/../../../../arm-none-eabi/lib/thumb/v7e-m+fp/hard/libc_nano.a(libc_a-sbrkr.o)
                0x08005160                _sbrk_r
 .text.abort    0x08005180        0xe /home/kalsifer/st/stm32cubeide_1.16.1/plugins/com.st.stm32cube.ide.mcu.externaltools.gnu-tools-for-stm32.12.3.rel1.linux64_1.0.200.202406132123/tools/bin/../lib/gcc/arm-none-eabi/12.3.1/../../../../arm-none-eabi/lib/thumb/v7e-m+fp/hard/libc_nano.a(libc_a-abort.o)
                0x08005180                abort
 .text.__sfputc_r
                0x0800518e       0x2e /home/kalsifer/st/stm32cubeide_1.16.1/plugins/com.st.stm32cube.ide.mcu.externaltools.gnu-tools-for-stm32.12.3.rel1.linux64_1.0.200.202406132123/tools/bin/../lib/gcc/arm-none-eabi/12.3.1/../../../../arm-none-eabi/lib/thumb/v7e-m+fp/hard/libc_nano.a(libc_a-nano-vfprintf.o)
 .text.__sfputs_r
                0x080051bc       0x24 /home/kalsifer/st/stm32cubeide_1.16.1/plugins/com.st.stm32cube.ide.mcu.externaltools.gnu-tools-for-stm32.12.3.rel1.linux64_1.0.200.202406132123/tools/bin/../lib/gcc/arm-none-eabi/12.3.1/../../../../arm-none-eabi/lib/thumb/v7e-m+fp/hard/libc_nano.a(libc_a-nano-vfprintf.o)
                0x080051bc                __sfputs_r
 .text._vfprintf_r
                0x080051e0      0x230 /home/kalsifer/st/stm32cubeide_1.16.1/plugins/com.st.stm32cube.ide.mcu.externaltools.gnu-tools-for-stm32.12.3.rel1.linux64_1.0.200.202406132123/tools/bin/../lib/gcc/arm-none-eabi/12.3.1/../../../../arm-none-eabi/lib/thumb/v7e-m+fp/hard/libc_nano.a(libc_a-nano-vfprintf.o)
                0x080051e0                _vfiprintf_r
                0x080051e0                _vfprintf_r
 .text._printf_common
                0x08005410       0xda /home/kalsifer/st/stm32cubeide_1.16.1/plugins/com.st.stm32cube.ide.mcu.externaltools.gnu-tools-for-stm32.12.3.rel1.linux64_1.0.200.202406132123/tools/bin/../lib/gcc/arm-none-eabi/12.3.1/../../../../arm-none-eabi/lib/thumb/v7e-m+fp/hard/libc_nano.a(libc_a-nano-vfprintf_i.o)
                0x08005410                _printf_common
 *fill*         0x080054ea        0x2 
 .text._printf_i
                0x080054ec      0x240 /home/kalsifer/st/stm32cubeide_1.16.1/plugins/com.st.stm32cube.ide.mcu.externaltools.gnu-tools-for-stm32.12.3.rel1.linux64_1.0.200.202406132123/tools/bin/../lib/gcc/arm-none-eabi/12.3.1/../../../../arm-none-eabi/lib/thumb/v7e-m+fp/hard/libc_nano.a(libc_a-nano-vfprintf_i.o)
                0x080054ec                _printf_i
 .text.__swbuf_r
                0x0800572c       0x7c /home/kalsifer/st/stm32cubeide_1.16.1/plugins/com.st.stm32cube.ide.mcu.externaltools.gnu-tools-for-stm32.12.3.rel1.linux64_1.0.200.202406132123/tools/bin/../lib/gcc/arm-none-eabi/12.3.1/../../../../arm-none-eabi/lib/thumb/v7e-m+fp/hard/libc_nano.a(libc_a-wbuf.o)
                0x0800572c                __swbuf_r
 .text.__swsetup_r
                0x080057a8       0xac /home/kalsifer/st/stm32cubeide_1.16.1/plugins/com.st.stm32cube.ide.mcu.externaltools.gnu-tools-for-stm32.12.3.rel1.linux64_1.0.200.202406132123/tools/bin/../lib/gcc/arm-none-eabi/12.3.1/../../../../arm-none-eabi/lib/thumb/v7e-m+fp/hard/libc_nano.a(libc_a-wsetup.o)
                0x080057a8                __swsetup_r
 .text._raise_r
                0x08005854       0x50 /home/kalsifer/st/stm32cubeide_1.16.1/plugins/com.st.stm32cube.ide.mcu.externaltools.gnu-tools-for-stm32.12.3.rel1.linux64_1.0.200.202406132123/tools/bin/../lib/gcc/arm-none-eabi/12.3.1/../../../../arm-none-eabi/lib/thumb/v7e-m+fp/hard/libc_nano.a(libc_a-signal.o)
                0x08005854                _raise_r
 .text.raise    0x080058a4       0x10 /home/kalsifer/st/stm32cubeide_1.16.1/plugins/com.st.stm32cube.ide.mcu.externaltools.gnu-tools-for-stm32.12.3.rel1.linux64_1.0.200.202406132123/tools/bin/../lib/gcc/arm-none-eabi/12.3.1/../../../../arm-none-eabi/lib/thumb/v7e-m+fp/hard/libc_nano.a(libc_a-signal.o)
                0x080058a4                raise
 .text._kill_r  0x080058b4       0x24 /home/kalsifer/st/stm32cubeide_1.16.1/plugins/com.st.stm32cube.ide.mcu.externaltools.gnu-tools-for-stm32.12.3.rel1.linux64_1.0.200.202406132123/tools/bin/../lib/gcc/arm-none-eabi/12.3.1/../../../../arm-none-eabi/lib/thumb/v7e-m+fp/hard/libc_nano.a(libc_a-signalr.o)
                0x080058b4                _kill_r
 .text._getpid_r
                0x080058d8        0x4 /home/kalsifer/st/stm32cubeide_1.16.1/plugins/com.st.stm32cube.ide.mcu.externaltools.gnu-tools-for-stm32.12.3.rel1.linux64_1.0.200.202406132123/tools/bin/../lib/gcc/arm-none-eabi/12.3.1/../../../../arm-none-eabi/lib/thumb/v7e-m+fp/hard/libc_nano.a(libc_a-signalr.o)
                0x080058d8                _getpid_r
 .text.__swhatbuf_r
                0x080058dc       0x4c /home/kalsifer/st/stm32cubeide_1.16.1/plugins/com.st.stm32cube.ide.mcu.externaltools.gnu-tools-for-stm32.12.3.rel1.linux64_1.0.200.202406132123/tools/bin/../lib/gcc/arm-none-eabi/12.3.1/../../../../arm-none-eabi/lib/thumb/v7e-m+fp/hard/libc_nano.a(libc_a-makebuf.o)
                0x080058dc                __swhatbuf_r
 .text.__smakebuf_r
                0x08005928       0x78 /home/kalsifer/st/stm32cubeide_1.16.1/plugins/com.st.stm32cube.ide.mcu.externaltools.gnu-tools-for-stm32.12.3.rel1.linux64_1.0.200.202406132123/tools/bin/../lib/gcc/arm-none-eabi/12.3.1/../../../../arm-none-eabi/lib/thumb/v7e-m+fp/hard/libc_nano.a(libc_a-makebuf.o)
                0x08005928                __smakebuf_r
 .text._fstat_r
                0x080059a0       0x24 /home/kalsifer/st/stm32cubeide_1.16.1/plugins/com.st.stm32cube.ide.mcu.externaltools.gnu-tools-for-stm32.12.3.rel1.linux64_1.0.200.202406132123/tools/bin/../lib/gcc/arm-none-eabi/12.3.1/../../../../arm-none-eabi/lib/thumb/v7e-m+fp/hard/libc_nano.a(libc_a-fstatr.o)
                0x080059a0                _fstat_r
 .text._isatty_r
                0x080059c4       0x20 /home/kalsifer/st/stm32cubeide_1.16.1/plugins/com.st.stm32cube.ide.mcu.externaltools.gnu-tools-for-stm32.12.3.rel1.linux64_1.0.200.202406132123/tools/bin/../lib/gcc/arm-none-eabi/12.3.1/../../../../arm-none-eabi/lib/thumb/v7e-m+fp/hard/libc_nano.a(libc_a-isattyr.o)
                0x080059c4                _isatty_r
 *(.glue_7)
 .glue_7        0x080059e4        0x0 linker stubs
 *(.glue_7t)
 .glue_7t       0x080059e4        0x0 linker stubs
 *(.eh_frame)
 .eh_frame      0x080059e4        0x0 /home/kalsifer/st/stm32cubeide_1.16.1/plugins/com.st.stm32cube.ide.mcu.externaltools.gnu-tools-for-stm32.12.3.rel1.linux64_1.0.200.202406132123/tools/bin/../lib/gcc/arm-none-eabi/12.3.1/thumb/v7e-m+fp/hard/crtbegin.o
 *(.init)
 .init          0x080059e4        0x4 /home/kalsifer/st/stm32cubeide_1.16.1/plugins/com.st.stm32cube.ide.mcu.externaltools.gnu-tools-for-stm32.12.3.rel1.linux64_1.0.200.202406132123/tools/bin/../lib/gcc/arm-none-eabi/12.3.1/thumb/v7e-m+fp/hard/crti.o
                0x080059e4                _init
 .init          0x080059e8        0x8 /home/kalsifer/st/stm32cubeide_1.16.1/plugins/com.st.stm32cube.ide.mcu.externaltools.gnu-tools-for-stm32.12.3.rel1.linux64_1.0.200.202406132123/tools/bin/../lib/gcc/arm-none-eabi/12.3.1/thumb/v7e-m+fp/hard/crtn.o
 *(.fini)
 .fini          0x080059f0        0x4 /home/kalsifer/st/stm32cubeide_1.16.1/plugins/com.st.stm32cube.ide.mcu.externaltools.gnu-tools-for-stm32.12.3.rel1.linux64_1.0.200.202406132123/tools/bin/../lib/gcc/arm-none-eabi/12.3.1/thumb/v7e-m+fp/hard/crti.o
                0x080059f0                _fini
 .fini          0x080059f4        0x8 /home/kalsifer/st/stm32cubeide_1.16.1/plugins/com.st.stm32cube.ide.mcu.externaltools.gnu-tools-for-stm32.12.3.rel1.linux64_1.0.200.202406132123/tools/bin/../lib/gcc/arm-none-eabi/12.3.1/thumb/v7e-m+fp/hard/crtn.o
                0x080059fc                        . = ALIGN (0x4)
                0x080059fc                        _etext = .

.vfp11_veneer   0x080059fc        0x0
 .vfp11_veneer  0x080059fc        0x0 linker stubs

.v4_bx          0x080059fc        0x0
 .v4_bx         0x080059fc        0x0 linker stubs

.iplt           0x080059fc        0x0
 .iplt          0x080059fc        0x0 /home/kalsifer/st/stm32cubeide_1.16.1/plugins/com.st.stm32cube.ide.mcu.externaltools.gnu-tools-for-stm32.12.3.rel1.linux64_1.0.200.202406132123/tools/bin/../lib/gcc/arm-none-eabi/12.3.1/thumb/v7e-m+fp/hard/crtbegin.o

.rodata         0x080059fc      0x134
                0x080059fc                        . = ALIGN (0x4)
 *(.rodata)
 .rodata        0x080059fc       0x12 ./Core/Src/main.o
 *(.rodata*)
 *fill*         0x08005a0e        0x2 
 .rodata.AHBPrescTable
                0x08005a10       0x10 ./Core/Src/system_stm32g4xx.o
                0x08005a10                AHBPrescTable
 .rodata.APBPrescTable
                0x08005a20        0x8 ./Core/Src/system_stm32g4xx.o
                0x08005a20                APBPrescTable
 .rodata.UARTPrescTable
                0x08005a28       0x18 ./Drivers/STM32G4xx_HAL_Driver/Src/stm32g4xx_hal_uart.o
                0x08005a28                UARTPrescTable
 .rodata.numerator.1
                0x08005a40        0x8 ./Drivers/STM32G4xx_HAL_Driver/Src/stm32g4xx_hal_uart_ex.o
 .rodata.denominator.0
                0x08005a48        0x8 ./Drivers/STM32G4xx_HAL_Driver/Src/stm32g4xx_hal_uart_ex.o
 .rodata.srand.str1.1
                0x08005a50       0x6f /home/kalsifer/st/stm32cubeide_1.16.1/plugins/com.st.stm32cube.ide.mcu.externaltools.gnu-tools-for-stm32.12.3.rel1.linux64_1.0.200.202406132123/tools/bin/../lib/gcc/arm-none-eabi/12.3.1/../../../../arm-none-eabi/lib/thumb/v7e-m+fp/hard/libc_nano.a(libc_a-rand.o)
 .rodata.__assert_func.str1.1
                0x08005abf       0x3c /home/kalsifer/st/stm32cubeide_1.16.1/plugins/com.st.stm32cube.ide.mcu.externaltools.gnu-tools-for-stm32.12.3.rel1.linux64_1.0.200.202406132123/tools/bin/../lib/gcc/arm-none-eabi/12.3.1/../../../../arm-none-eabi/lib/thumb/v7e-m+fp/hard/libc_nano.a(libc_a-assert.o)
                                 0x3d (size before relaxing)
 .rodata._vfprintf_r.str1.1
                0x08005afb       0x11 /home/kalsifer/st/stm32cubeide_1.16.1/plugins/com.st.stm32cube.ide.mcu.externaltools.gnu-tools-for-stm32.12.3.rel1.linux64_1.0.200.202406132123/tools/bin/../lib/gcc/arm-none-eabi/12.3.1/../../../../arm-none-eabi/lib/thumb/v7e-m+fp/hard/libc_nano.a(libc_a-nano-vfprintf.o)
 .rodata._printf_i.str1.1
                0x08005b0c       0x22 /home/kalsifer/st/stm32cubeide_1.16.1/plugins/com.st.stm32cube.ide.mcu.externaltools.gnu-tools-for-stm32.12.3.rel1.linux64_1.0.200.202406132123/tools/bin/../lib/gcc/arm-none-eabi/12.3.1/../../../../arm-none-eabi/lib/thumb/v7e-m+fp/hard/libc_nano.a(libc_a-nano-vfprintf_i.o)
                0x08005b30                        . = ALIGN (0x4)
 *fill*         0x08005b2e        0x2 

.ARM.extab      0x08005b30        0x0
                0x08005b30                        . = ALIGN (0x4)
 *(.ARM.extab* .gnu.linkonce.armextab.*)
                0x08005b30                        . = ALIGN (0x4)

.ARM            0x08005b30        0x8
                0x08005b30                        . = ALIGN (0x4)
                0x08005b30                        __exidx_start = .
 *(.ARM.exidx*)
 .ARM.exidx     0x08005b30        0x8 /home/kalsifer/st/stm32cubeide_1.16.1/plugins/com.st.stm32cube.ide.mcu.externaltools.gnu-tools-for-stm32.12.3.rel1.linux64_1.0.200.202406132123/tools/bin/../lib/gcc/arm-none-eabi/12.3.1/../../../../arm-none-eabi/lib/thumb/v7e-m+fp/hard/libc_nano.a(libc_a-memchr.o)
 .ARM.exidx     0x08005b38        0x0 /home/kalsifer/st/stm32cubeide_1.16.1/plugins/com.st.stm32cube.ide.mcu.externaltools.gnu-tools-for-stm32.12.3.rel1.linux64_1.0.200.202406132123/tools/bin/../lib/gcc/arm-none-eabi/12.3.1/thumb/v7e-m+fp/hard/libgcc.a(_udivmoddi4.o)
                                  0x8 (size before relaxing)
                0x08005b38                        __exidx_end = .
                0x08005b38                        . = ALIGN (0x4)

.preinit_array  0x08005b38        0x0
                0x08005b38                        . = ALIGN (0x4)
                0x08005b38                        PROVIDE (__preinit_array_start = .)
 *(.preinit_array*)
                0x08005b38                        PROVIDE (__preinit_array_end = .)
                0x08005b38                        . = ALIGN (0x4)

.init_array     0x08005b38        0x4
                0x08005b38                        . = ALIGN (0x4)
                0x08005b38                        PROVIDE (__init_array_start = .)
 *(SORT_BY_NAME(.init_array.*))
 *(.init_array*)
 .init_array    0x08005b38        0x4 /home/kalsifer/st/stm32cubeide_1.16.1/plugins/com.st.stm32cube.ide.mcu.externaltools.gnu-tools-for-stm32.12.3.rel1.linux64_1.0.200.202406132123/tools/bin/../lib/gcc/arm-none-eabi/12.3.1/thumb/v7e-m+fp/hard/crtbegin.o
                0x08005b3c                        PROVIDE (__init_array_end = .)
                0x08005b3c                        . = ALIGN (0x4)

.fini_array     0x08005b3c        0x4
                0x08005b3c                        . = ALIGN (0x4)
                [!provide]                        PROVIDE (__fini_array_start = .)
 *(SORT_BY_NAME(.fini_array.*))
 *(.fini_array*)
 .fini_array    0x08005b3c        0x4 /home/kalsifer/st/stm32cubeide_1.16.1/plugins/com.st.stm32cube.ide.mcu.externaltools.gnu-tools-for-stm32.12.3.rel1.linux64_1.0.200.202406132123/tools/bin/../lib/gcc/arm-none-eabi/12.3.1/thumb/v7e-m+fp/hard/crtbegin.o
                [!provide]                        PROVIDE (__fini_array_end = .)
                0x08005b40                        . = ALIGN (0x4)
                0x08005b40                        _sidata = LOADADDR (.data)

.rel.dyn        0x08005b40        0x0
 .rel.iplt      0x08005b40        0x0 /home/kalsifer/st/stm32cubeide_1.16.1/plugins/com.st.stm32cube.ide.mcu.externaltools.gnu-tools-for-stm32.12.3.rel1.linux64_1.0.200.202406132123/tools/bin/../lib/gcc/arm-none-eabi/12.3.1/thumb/v7e-m+fp/hard/crtbegin.o

.data           0x20000000       0x78 load address 0x08005b40
                0x20000000                        . = ALIGN (0x4)
                0x20000000                        _sdata = .
 *(.data)
 *(.data*)
 .data.tx_buffer
                0x20000000        0x5 ./Core/Src/main.o
                0x20000000                tx_buffer
 *fill*         0x20000005        0x3 
 .data.rx_buffer
                0x20000008        0x5 ./Core/Src/main.o
                0x20000008                rx_buffer
 *fill*         0x2000000d        0x3 
 .data.SystemCoreClock
                0x20000010        0x4 ./Core/Src/system_stm32g4xx.o
                0x20000010                SystemCoreClock
 .data.uwTickPrio
                0x20000014        0x4 ./Drivers/STM32G4xx_HAL_Driver/Src/stm32g4xx_hal.o
                0x20000014                uwTickPrio
 .data.uwTickFreq
                0x20000018        0x4 ./Drivers/STM32G4xx_HAL_Driver/Src/stm32g4xx_hal.o
                0x20000018                uwTickFreq
 .data.__sglue  0x2000001c        0xc /home/kalsifer/st/stm32cubeide_1.16.1/plugins/com.st.stm32cube.ide.mcu.externaltools.gnu-tools-for-stm32.12.3.rel1.linux64_1.0.200.202406132123/tools/bin/../lib/gcc/arm-none-eabi/12.3.1/../../../../arm-none-eabi/lib/thumb/v7e-m+fp/hard/libc_nano.a(libc_a-findfp.o)
                0x2000001c                __sglue
 .data._impure_ptr
                0x20000028        0x4 /home/kalsifer/st/stm32cubeide_1.16.1/plugins/com.st.stm32cube.ide.mcu.externaltools.gnu-tools-for-stm32.12.3.rel1.linux64_1.0.200.202406132123/tools/bin/../lib/gcc/arm-none-eabi/12.3.1/../../../../arm-none-eabi/lib/thumb/v7e-m+fp/hard/libc_nano.a(libc_a-impure.o)
                0x20000028                _impure_ptr
 .data._impure_data
                0x2000002c       0x4c /home/kalsifer/st/stm32cubeide_1.16.1/plugins/com.st.stm32cube.ide.mcu.externaltools.gnu-tools-for-stm32.12.3.rel1.linux64_1.0.200.202406132123/tools/bin/../lib/gcc/arm-none-eabi/12.3.1/../../../../arm-none-eabi/lib/thumb/v7e-m+fp/hard/libc_nano.a(libc_a-impure.o)
                0x2000002c                _impure_data
 *(.RamFunc)
 *(.RamFunc*)
                0x20000078                        . = ALIGN (0x4)
                0x20000078                        _edata = .

.igot.plt       0x20000078        0x0 load address 0x08005bb8
 .igot.plt      0x20000078        0x0 /home/kalsifer/st/stm32cubeide_1.16.1/plugins/com.st.stm32cube.ide.mcu.externaltools.gnu-tools-for-stm32.12.3.rel1.linux64_1.0.200.202406132123/tools/bin/../lib/gcc/arm-none-eabi/12.3.1/thumb/v7e-m+fp/hard/crtbegin.o
                0x20000078                        . = ALIGN (0x4)

.bss            0x20000078      0x280 load address 0x08005bb8
                0x20000078                        _sbss = .
                0x20000078                        __bss_start__ = _sbss
 *(.bss)
 .bss           0x20000078       0x1c /home/kalsifer/st/stm32cubeide_1.16.1/plugins/com.st.stm32cube.ide.mcu.externaltools.gnu-tools-for-stm32.12.3.rel1.linux64_1.0.200.202406132123/tools/bin/../lib/gcc/arm-none-eabi/12.3.1/thumb/v7e-m+fp/hard/crtbegin.o
 *(.bss*)
 .bss.hdac1     0x20000094       0x14 ./Core/Src/dac.o
                0x20000094                hdac1
 .bss.dac_value
                0x200000a8        0x2 ./Core/Src/main.o
                0x200000a8                dac_value
 .bss.is_signal
                0x200000aa        0x1 ./Core/Src/main.o
                0x200000aa                is_signal
 *fill*         0x200000ab        0x1 
 .bss.hspi1     0x200000ac       0x64 ./Core/Src/spi.o
                0x200000ac                hspi1
 .bss.__sbrk_heap_end
                0x20000110        0x4 ./Core/Src/sysmem.o
 .bss.hlpuart1  0x20000114       0x94 ./Core/Src/usart.o
                0x20000114                hlpuart1
 .bss.uwTick    0x200001a8        0x4 ./Drivers/STM32G4xx_HAL_Driver/Src/stm32g4xx_hal.o
                0x200001a8                uwTick
 .bss.__sf      0x200001ac      0x138 /home/kalsifer/st/stm32cubeide_1.16.1/plugins/com.st.stm32cube.ide.mcu.externaltools.gnu-tools-for-stm32.12.3.rel1.linux64_1.0.200.202406132123/tools/bin/../lib/gcc/arm-none-eabi/12.3.1/../../../../arm-none-eabi/lib/thumb/v7e-m+fp/hard/libc_nano.a(libc_a-findfp.o)
                0x200001ac                __sf
 .bss.__stdio_exit_handler
                0x200002e4        0x4 /home/kalsifer/st/stm32cubeide_1.16.1/plugins/com.st.stm32cube.ide.mcu.externaltools.gnu-tools-for-stm32.12.3.rel1.linux64_1.0.200.202406132123/tools/bin/../lib/gcc/arm-none-eabi/12.3.1/../../../../arm-none-eabi/lib/thumb/v7e-m+fp/hard/libc_nano.a(libc_a-findfp.o)
                0x200002e4                __stdio_exit_handler
 .bss.errno     0x200002e8        0x4 /home/kalsifer/st/stm32cubeide_1.16.1/plugins/com.st.stm32cube.ide.mcu.externaltools.gnu-tools-for-stm32.12.3.rel1.linux64_1.0.200.202406132123/tools/bin/../lib/gcc/arm-none-eabi/12.3.1/../../../../arm-none-eabi/lib/thumb/v7e-m+fp/hard/libc_nano.a(libc_a-reent.o)
                0x200002e8                errno
 .bss.__lock___malloc_recursive_mutex
                0x200002ec        0x1 /home/kalsifer/st/stm32cubeide_1.16.1/plugins/com.st.stm32cube.ide.mcu.externaltools.gnu-tools-for-stm32.12.3.rel1.linux64_1.0.200.202406132123/tools/bin/../lib/gcc/arm-none-eabi/12.3.1/../../../../arm-none-eabi/lib/thumb/v7e-m+fp/hard/libc_nano.a(libc_a-lock.o)
                0x200002ec                __lock___malloc_recursive_mutex
 .bss.__lock___sfp_recursive_mutex
                0x200002ed        0x1 /home/kalsifer/st/stm32cubeide_1.16.1/plugins/com.st.stm32cube.ide.mcu.externaltools.gnu-tools-for-stm32.12.3.rel1.linux64_1.0.200.202406132123/tools/bin/../lib/gcc/arm-none-eabi/12.3.1/../../../../arm-none-eabi/lib/thumb/v7e-m+fp/hard/libc_nano.a(libc_a-lock.o)
                0x200002ed                __lock___sfp_recursive_mutex
 *fill*         0x200002ee        0x2 
 .bss.__malloc_sbrk_start
                0x200002f0        0x4 /home/kalsifer/st/stm32cubeide_1.16.1/plugins/com.st.stm32cube.ide.mcu.externaltools.gnu-tools-for-stm32.12.3.rel1.linux64_1.0.200.202406132123/tools/bin/../lib/gcc/arm-none-eabi/12.3.1/../../../../arm-none-eabi/lib/thumb/v7e-m+fp/hard/libc_nano.a(libc_a-mallocr.o)
                0x200002f0                __malloc_sbrk_start
 .bss.__malloc_free_list
                0x200002f4        0x4 /home/kalsifer/st/stm32cubeide_1.16.1/plugins/com.st.stm32cube.ide.mcu.externaltools.gnu-tools-for-stm32.12.3.rel1.linux64_1.0.200.202406132123/tools/bin/../lib/gcc/arm-none-eabi/12.3.1/../../../../arm-none-eabi/lib/thumb/v7e-m+fp/hard/libc_nano.a(libc_a-mallocr.o)
                0x200002f4                __malloc_free_list
 *(COMMON)
                0x200002f8                        . = ALIGN (0x4)
                0x200002f8                        _ebss = .
                0x200002f8                        __bss_end__ = _ebss

._user_heap_stack
                0x200002f8      0x600 load address 0x08005bb8
                0x200002f8                        . = ALIGN (0x8)
                [!provide]                        PROVIDE (end = .)
                0x200002f8                        PROVIDE (_end = .)
                0x200004f8                        . = (. + _Min_Heap_Size)
 *fill*         0x200002f8      0x200 
                0x200008f8                        . = (. + _Min_Stack_Size)
 *fill*         0x200004f8      0x400 
                0x200008f8                        . = ALIGN (0x8)

/DISCARD/
 libc.a(*)
 libm.a(*)
 libgcc.a(*)

.ARM.attributes
                0x00000000       0x30
 *(.ARM.attributes)
 .ARM.attributes
                0x00000000       0x22 /home/kalsifer/st/stm32cubeide_1.16.1/plugins/com.st.stm32cube.ide.mcu.externaltools.gnu-tools-for-stm32.12.3.rel1.linux64_1.0.200.202406132123/tools/bin/../lib/gcc/arm-none-eabi/12.3.1/thumb/v7e-m+fp/hard/crti.o
 .ARM.attributes
                0x00000022       0x34 /home/kalsifer/st/stm32cubeide_1.16.1/plugins/com.st.stm32cube.ide.mcu.externaltools.gnu-tools-for-stm32.12.3.rel1.linux64_1.0.200.202406132123/tools/bin/../lib/gcc/arm-none-eabi/12.3.1/thumb/v7e-m+fp/hard/crtbegin.o
 .ARM.attributes
                0x00000056       0x34 ./Core/Src/dac.o
 .ARM.attributes
                0x0000008a       0x34 ./Core/Src/gpio.o
 .ARM.attributes
                0x000000be       0x34 ./Core/Src/main.o
 .ARM.attributes
                0x000000f2       0x34 ./Core/Src/spi.o
 .ARM.attributes
                0x00000126       0x34 ./Core/Src/stm32g4xx_hal_msp.o
 .ARM.attributes
                0x0000015a       0x34 ./Core/Src/stm32g4xx_it.o
 .ARM.attributes
                0x0000018e       0x34 ./Core/Src/syscalls.o
 .ARM.attributes
                0x000001c2       0x34 ./Core/Src/sysmem.o
 .ARM.attributes
                0x000001f6       0x34 ./Core/Src/system_stm32g4xx.o
 .ARM.attributes
                0x0000022a       0x34 ./Core/Src/usart.o
 .ARM.attributes
                0x0000025e       0x21 ./Core/Startup/startup_stm32g474retx.o
 .ARM.attributes
                0x0000027f       0x34 ./Drivers/STM32G4xx_HAL_Driver/Src/stm32g4xx_hal.o
 .ARM.attributes
                0x000002b3       0x34 ./Drivers/STM32G4xx_HAL_Driver/Src/stm32g4xx_hal_cortex.o
 .ARM.attributes
                0x000002e7       0x34 ./Drivers/STM32G4xx_HAL_Driver/Src/stm32g4xx_hal_dac.o
 .ARM.attributes
                0x0000031b       0x34 ./Drivers/STM32G4xx_HAL_Driver/Src/stm32g4xx_hal_dma.o
 .ARM.attributes
                0x0000034f       0x34 ./Drivers/STM32G4xx_HAL_Driver/Src/stm32g4xx_hal_gpio.o
 .ARM.attributes
                0x00000383       0x34 ./Drivers/STM32G4xx_HAL_Driver/Src/stm32g4xx_hal_pwr_ex.o
 .ARM.attributes
                0x000003b7       0x34 ./Drivers/STM32G4xx_HAL_Driver/Src/stm32g4xx_hal_rcc.o
 .ARM.attributes
                0x000003eb       0x34 ./Drivers/STM32G4xx_HAL_Driver/Src/stm32g4xx_hal_rcc_ex.o
 .ARM.attributes
                0x0000041f       0x34 ./Drivers/STM32G4xx_HAL_Driver/Src/stm32g4xx_hal_spi.o
 .ARM.attributes
                0x00000453       0x34 ./Drivers/STM32G4xx_HAL_Driver/Src/stm32g4xx_hal_uart.o
 .ARM.attributes
                0x00000487       0x34 ./Drivers/STM32G4xx_HAL_Driver/Src/stm32g4xx_hal_uart_ex.o
 .ARM.attributes
                0x000004bb       0x34 /home/kalsifer/st/stm32cubeide_1.16.1/plugins/com.st.stm32cube.ide.mcu.externaltools.gnu-tools-for-stm32.12.3.rel1.linux64_1.0.200.202406132123/tools/bin/../lib/gcc/arm-none-eabi/12.3.1/../../../../arm-none-eabi/lib/thumb/v7e-m+fp/hard/libc_nano.a(libc_a-rand.o)
 .ARM.attributes
                0x000004ef       0x34 /home/kalsifer/st/stm32cubeide_1.16.1/plugins/com.st.stm32cube.ide.mcu.externaltools.gnu-tools-for-stm32.12.3.rel1.linux64_1.0.200.202406132123/tools/bin/../lib/gcc/arm-none-eabi/12.3.1/../../../../arm-none-eabi/lib/thumb/v7e-m+fp/hard/libc_nano.a(libc_a-findfp.o)
 .ARM.attributes
                0x00000523       0x34 /home/kalsifer/st/stm32cubeide_1.16.1/plugins/com.st.stm32cube.ide.mcu.externaltools.gnu-tools-for-stm32.12.3.rel1.linux64_1.0.200.202406132123/tools/bin/../lib/gcc/arm-none-eabi/12.3.1/../../../../arm-none-eabi/lib/thumb/v7e-m+fp/hard/libc_nano.a(libc_a-fwalk.o)
 .ARM.attributes
                0x00000557       0x34 /home/kalsifer/st/stm32cubeide_1.16.1/plugins/com.st.stm32cube.ide.mcu.externaltools.gnu-tools-for-stm32.12.3.rel1.linux64_1.0.200.202406132123/tools/bin/../lib/gcc/arm-none-eabi/12.3.1/../../../../arm-none-eabi/lib/thumb/v7e-m+fp/hard/libc_nano.a(libc_a-stdio.o)
 .ARM.attributes
                0x0000058b       0x34 /home/kalsifer/st/stm32cubeide_1.16.1/plugins/com.st.stm32cube.ide.mcu.externaltools.gnu-tools-for-stm32.12.3.rel1.linux64_1.0.200.202406132123/tools/bin/../lib/gcc/arm-none-eabi/12.3.1/../../../../arm-none-eabi/lib/thumb/v7e-m+fp/hard/libc_nano.a(libc_a-memset.o)
 .ARM.attributes
                0x000005bf       0x34 /home/kalsifer/st/stm32cubeide_1.16.1/plugins/com.st.stm32cube.ide.mcu.externaltools.gnu-tools-for-stm32.12.3.rel1.linux64_1.0.200.202406132123/tools/bin/../lib/gcc/arm-none-eabi/12.3.1/../../../../arm-none-eabi/lib/thumb/v7e-m+fp/hard/libc_nano.a(libc_a-closer.o)
 .ARM.attributes
                0x000005f3       0x34 /home/kalsifer/st/stm32cubeide_1.16.1/plugins/com.st.stm32cube.ide.mcu.externaltools.gnu-tools-for-stm32.12.3.rel1.linux64_1.0.200.202406132123/tools/bin/../lib/gcc/arm-none-eabi/12.3.1/../../../../arm-none-eabi/lib/thumb/v7e-m+fp/hard/libc_nano.a(libc_a-reent.o)
 .ARM.attributes
                0x00000627       0x34 /home/kalsifer/st/stm32cubeide_1.16.1/plugins/com.st.stm32cube.ide.mcu.externaltools.gnu-tools-for-stm32.12.3.rel1.linux64_1.0.200.202406132123/tools/bin/../lib/gcc/arm-none-eabi/12.3.1/../../../../arm-none-eabi/lib/thumb/v7e-m+fp/hard/libc_nano.a(libc_a-impure.o)
 .ARM.attributes
                0x0000065b       0x34 /home/kalsifer/st/stm32cubeide_1.16.1/plugins/com.st.stm32cube.ide.mcu.externaltools.gnu-tools-for-stm32.12.3.rel1.linux64_1.0.200.202406132123/tools/bin/../lib/gcc/arm-none-eabi/12.3.1/../../../../arm-none-eabi/lib/thumb/v7e-m+fp/hard/libc_nano.a(libc_a-lseekr.o)
 .ARM.attributes
                0x0000068f       0x34 /home/kalsifer/st/stm32cubeide_1.16.1/plugins/com.st.stm32cube.ide.mcu.externaltools.gnu-tools-for-stm32.12.3.rel1.linux64_1.0.200.202406132123/tools/bin/../lib/gcc/arm-none-eabi/12.3.1/../../../../arm-none-eabi/lib/thumb/v7e-m+fp/hard/libc_nano.a(libc_a-readr.o)
 .ARM.attributes
                0x000006c3       0x34 /home/kalsifer/st/stm32cubeide_1.16.1/plugins/com.st.stm32cube.ide.mcu.externaltools.gnu-tools-for-stm32.12.3.rel1.linux64_1.0.200.202406132123/tools/bin/../lib/gcc/arm-none-eabi/12.3.1/../../../../arm-none-eabi/lib/thumb/v7e-m+fp/hard/libc_nano.a(libc_a-writer.o)
 .ARM.attributes
                0x000006f7       0x34 /home/kalsifer/st/stm32cubeide_1.16.1/plugins/com.st.stm32cube.ide.mcu.externaltools.gnu-tools-for-stm32.12.3.rel1.linux64_1.0.200.202406132123/tools/bin/../lib/gcc/arm-none-eabi/12.3.1/../../../../arm-none-eabi/lib/thumb/v7e-m+fp/hard/libc_nano.a(libc_a-errno.o)
 .ARM.attributes
                0x0000072b       0x34 /home/kalsifer/st/stm32cubeide_1.16.1/plugins/com.st.stm32cube.ide.mcu.externaltools.gnu-tools-for-stm32.12.3.rel1.linux64_1.0.200.202406132123/tools/bin/../lib/gcc/arm-none-eabi/12.3.1/../../../../arm-none-eabi/lib/thumb/v7e-m+fp/hard/libc_nano.a(libc_a-init.o)
 .ARM.attributes
                0x0000075f       0x34 /home/kalsifer/st/stm32cubeide_1.16.1/plugins/com.st.stm32cube.ide.mcu.externaltools.gnu-tools-for-stm32.12.3.rel1.linux64_1.0.200.202406132123/tools/bin/../lib/gcc/arm-none-eabi/12.3.1/../../../../arm-none-eabi/lib/thumb/v7e-m+fp/hard/libc_nano.a(libc_a-lock.o)
 .ARM.attributes
                0x00000793       0x34 /home/kalsifer/st/stm32cubeide_1.16.1/plugins/com.st.stm32cube.ide.mcu.externaltools.gnu-tools-for-stm32.12.3.rel1.linux64_1.0.200.202406132123/tools/bin/../lib/gcc/arm-none-eabi/12.3.1/../../../../arm-none-eabi/lib/thumb/v7e-m+fp/hard/libc_nano.a(libc_a-assert.o)
 .ARM.attributes
                0x000007c7       0x34 /home/kalsifer/st/stm32cubeide_1.16.1/plugins/com.st.stm32cube.ide.mcu.externaltools.gnu-tools-for-stm32.12.3.rel1.linux64_1.0.200.202406132123/tools/bin/../lib/gcc/arm-none-eabi/12.3.1/../../../../arm-none-eabi/lib/thumb/v7e-m+fp/hard/libc_nano.a(libc_a-freer.o)
 .ARM.attributes
                0x000007fb       0x34 /home/kalsifer/st/stm32cubeide_1.16.1/plugins/com.st.stm32cube.ide.mcu.externaltools.gnu-tools-for-stm32.12.3.rel1.linux64_1.0.200.202406132123/tools/bin/../lib/gcc/arm-none-eabi/12.3.1/../../../../arm-none-eabi/lib/thumb/v7e-m+fp/hard/libc_nano.a(libc_a-malloc.o)
 .ARM.attributes
                0x0000082f       0x34 /home/kalsifer/st/stm32cubeide_1.16.1/plugins/com.st.stm32cube.ide.mcu.externaltools.gnu-tools-for-stm32.12.3.rel1.linux64_1.0.200.202406132123/tools/bin/../lib/gcc/arm-none-eabi/12.3.1/../../../../arm-none-eabi/lib/thumb/v7e-m+fp/hard/libc_nano.a(libc_a-mallocr.o)
 .ARM.attributes
                0x00000863       0x34 /home/kalsifer/st/stm32cubeide_1.16.1/plugins/com.st.stm32cube.ide.mcu.externaltools.gnu-tools-for-stm32.12.3.rel1.linux64_1.0.200.202406132123/tools/bin/../lib/gcc/arm-none-eabi/12.3.1/../../../../arm-none-eabi/lib/thumb/v7e-m+fp/hard/libc_nano.a(libc_a-mlock.o)
 .ARM.attributes
                0x00000897       0x34 /home/kalsifer/st/stm32cubeide_1.16.1/plugins/com.st.stm32cube.ide.mcu.externaltools.gnu-tools-for-stm32.12.3.rel1.linux64_1.0.200.202406132123/tools/bin/../lib/gcc/arm-none-eabi/12.3.1/../../../../arm-none-eabi/lib/thumb/v7e-m+fp/hard/libc_nano.a(libc_a-fflush.o)
 .ARM.attributes
                0x000008cb       0x34 /home/kalsifer/st/stm32cubeide_1.16.1/plugins/com.st.stm32cube.ide.mcu.externaltools.gnu-tools-for-stm32.12.3.rel1.linux64_1.0.200.202406132123/tools/bin/../lib/gcc/arm-none-eabi/12.3.1/../../../../arm-none-eabi/lib/thumb/v7e-m+fp/hard/libc_nano.a(libc_a-fprintf.o)
 .ARM.attributes
                0x000008ff       0x34 /home/kalsifer/st/stm32cubeide_1.16.1/plugins/com.st.stm32cube.ide.mcu.externaltools.gnu-tools-for-stm32.12.3.rel1.linux64_1.0.200.202406132123/tools/bin/../lib/gcc/arm-none-eabi/12.3.1/../../../../arm-none-eabi/lib/thumb/v7e-m+fp/hard/libc_nano.a(libc_a-sbrkr.o)
 .ARM.attributes
                0x00000933       0x34 /home/kalsifer/st/stm32cubeide_1.16.1/plugins/com.st.stm32cube.ide.mcu.externaltools.gnu-tools-for-stm32.12.3.rel1.linux64_1.0.200.202406132123/tools/bin/../lib/gcc/arm-none-eabi/12.3.1/../../../../arm-none-eabi/lib/thumb/v7e-m+fp/hard/libc_nano.a(libc_a-abort.o)
 .ARM.attributes
                0x00000967       0x34 /home/kalsifer/st/stm32cubeide_1.16.1/plugins/com.st.stm32cube.ide.mcu.externaltools.gnu-tools-for-stm32.12.3.rel1.linux64_1.0.200.202406132123/tools/bin/../lib/gcc/arm-none-eabi/12.3.1/../../../../arm-none-eabi/lib/thumb/v7e-m+fp/hard/libc_nano.a(libc_a-nano-vfprintf.o)
 .ARM.attributes
                0x0000099b       0x34 /home/kalsifer/st/stm32cubeide_1.16.1/plugins/com.st.stm32cube.ide.mcu.externaltools.gnu-tools-for-stm32.12.3.rel1.linux64_1.0.200.202406132123/tools/bin/../lib/gcc/arm-none-eabi/12.3.1/../../../../arm-none-eabi/lib/thumb/v7e-m+fp/hard/libc_nano.a(libc_a-nano-vfprintf_i.o)
 .ARM.attributes
                0x000009cf       0x34 /home/kalsifer/st/stm32cubeide_1.16.1/plugins/com.st.stm32cube.ide.mcu.externaltools.gnu-tools-for-stm32.12.3.rel1.linux64_1.0.200.202406132123/tools/bin/../lib/gcc/arm-none-eabi/12.3.1/../../../../arm-none-eabi/lib/thumb/v7e-m+fp/hard/libc_nano.a(libc_a-wbuf.o)
 .ARM.attributes
                0x00000a03       0x34 /home/kalsifer/st/stm32cubeide_1.16.1/plugins/com.st.stm32cube.ide.mcu.externaltools.gnu-tools-for-stm32.12.3.rel1.linux64_1.0.200.202406132123/tools/bin/../lib/gcc/arm-none-eabi/12.3.1/../../../../arm-none-eabi/lib/thumb/v7e-m+fp/hard/libc_nano.a(libc_a-wsetup.o)
 .ARM.attributes
                0x00000a37       0x34 /home/kalsifer/st/stm32cubeide_1.16.1/plugins/com.st.stm32cube.ide.mcu.externaltools.gnu-tools-for-stm32.12.3.rel1.linux64_1.0.200.202406132123/tools/bin/../lib/gcc/arm-none-eabi/12.3.1/../../../../arm-none-eabi/lib/thumb/v7e-m+fp/hard/libc_nano.a(libc_a-signal.o)
 .ARM.attributes
                0x00000a6b       0x34 /home/kalsifer/st/stm32cubeide_1.16.1/plugins/com.st.stm32cube.ide.mcu.externaltools.gnu-tools-for-stm32.12.3.rel1.linux64_1.0.200.202406132123/tools/bin/../lib/gcc/arm-none-eabi/12.3.1/../../../../arm-none-eabi/lib/thumb/v7e-m+fp/hard/libc_nano.a(libc_a-signalr.o)
 .ARM.attributes
                0x00000a9f       0x1c /home/kalsifer/st/stm32cubeide_1.16.1/plugins/com.st.stm32cube.ide.mcu.externaltools.gnu-tools-for-stm32.12.3.rel1.linux64_1.0.200.202406132123/tools/bin/../lib/gcc/arm-none-eabi/12.3.1/../../../../arm-none-eabi/lib/thumb/v7e-m+fp/hard/libc_nano.a(libc_a-memchr.o)
 .ARM.attributes
                0x00000abb       0x34 /home/kalsifer/st/stm32cubeide_1.16.1/plugins/com.st.stm32cube.ide.mcu.externaltools.gnu-tools-for-stm32.12.3.rel1.linux64_1.0.200.202406132123/tools/bin/../lib/gcc/arm-none-eabi/12.3.1/../../../../arm-none-eabi/lib/thumb/v7e-m+fp/hard/libc_nano.a(libc_a-makebuf.o)
 .ARM.attributes
                0x00000aef       0x34 /home/kalsifer/st/stm32cubeide_1.16.1/plugins/com.st.stm32cube.ide.mcu.externaltools.gnu-tools-for-stm32.12.3.rel1.linux64_1.0.200.202406132123/tools/bin/../lib/gcc/arm-none-eabi/12.3.1/../../../../arm-none-eabi/lib/thumb/v7e-m+fp/hard/libc_nano.a(libc_a-fstatr.o)
 .ARM.attributes
                0x00000b23       0x34 /home/kalsifer/st/stm32cubeide_1.16.1/plugins/com.st.stm32cube.ide.mcu.externaltools.gnu-tools-for-stm32.12.3.rel1.linux64_1.0.200.202406132123/tools/bin/../lib/gcc/arm-none-eabi/12.3.1/../../../../arm-none-eabi/lib/thumb/v7e-m+fp/hard/libc_nano.a(libc_a-isattyr.o)
 .ARM.attributes
                0x00000b57       0x22 /home/kalsifer/st/stm32cubeide_1.16.1/plugins/com.st.stm32cube.ide.mcu.externaltools.gnu-tools-for-stm32.12.3.rel1.linux64_1.0.200.202406132123/tools/bin/../lib/gcc/arm-none-eabi/12.3.1/thumb/v7e-m+fp/hard/libgcc.a(_aeabi_uldivmod.o)
 .ARM.attributes
                0x00000b79       0x34 /home/kalsifer/st/stm32cubeide_1.16.1/plugins/com.st.stm32cube.ide.mcu.externaltools.gnu-tools-for-stm32.12.3.rel1.linux64_1.0.200.202406132123/tools/bin/../lib/gcc/arm-none-eabi/12.3.1/thumb/v7e-m+fp/hard/libgcc.a(_udivmoddi4.o)
 .ARM.attributes
                0x00000bad       0x22 /home/kalsifer/st/stm32cubeide_1.16.1/plugins/com.st.stm32cube.ide.mcu.externaltools.gnu-tools-for-stm32.12.3.rel1.linux64_1.0.200.202406132123/tools/bin/../lib/gcc/arm-none-eabi/12.3.1/thumb/v7e-m+fp/hard/libgcc.a(_dvmd_tls.o)
 .ARM.attributes
                0x00000bcf       0x22 /home/kalsifer/st/stm32cubeide_1.16.1/plugins/com.st.stm32cube.ide.mcu.externaltools.gnu-tools-for-stm32.12.3.rel1.linux64_1.0.200.202406132123/tools/bin/../lib/gcc/arm-none-eabi/12.3.1/thumb/v7e-m+fp/hard/crtn.o
OUTPUT(dpcu.elf elf32-littlearm)
LOAD linker stubs
LOAD /home/kalsifer/st/stm32cubeide_1.16.1/plugins/com.st.stm32cube.ide.mcu.externaltools.gnu-tools-for-stm32.12.3.rel1.linux64_1.0.200.202406132123/tools/bin/../lib/gcc/arm-none-eabi/12.3.1/../../../../arm-none-eabi/lib/thumb/v7e-m+fp/hard/libc.a
LOAD /home/kalsifer/st/stm32cubeide_1.16.1/plugins/com.st.stm32cube.ide.mcu.externaltools.gnu-tools-for-stm32.12.3.rel1.linux64_1.0.200.202406132123/tools/bin/../lib/gcc/arm-none-eabi/12.3.1/../../../../arm-none-eabi/lib/thumb/v7e-m+fp/hard/libm.a
LOAD /home/kalsifer/st/stm32cubeide_1.16.1/plugins/com.st.stm32cube.ide.mcu.externaltools.gnu-tools-for-stm32.12.3.rel1.linux64_1.0.200.202406132123/tools/bin/../lib/gcc/arm-none-eabi/12.3.1/thumb/v7e-m+fp/hard/libgcc.a

.debug_info     0x00000000    0x11d12
 .debug_info    0x00000000      0xb5f ./Core/Src/dac.o
 .debug_info    0x00000b5f      0x75e ./Core/Src/gpio.o
 .debug_info    0x000012bd     0x10b5 ./Core/Src/main.o
 .debug_info    0x00002372      0xdee ./Core/Src/spi.o
 .debug_info    0x00003160      0x2da ./Core/Src/stm32g4xx_hal_msp.o
 .debug_info    0x0000343a      0x78a ./Core/Src/stm32g4xx_it.o
 .debug_info    0x00003bc4      0x6a3 ./Core/Src/syscalls.o
 .debug_info    0x00004267      0x168 ./Core/Src/sysmem.o
 .debug_info    0x000043cf      0x58e ./Core/Src/system_stm32g4xx.o
 .debug_info    0x0000495d      0xda3 ./Core/Src/usart.o
 .debug_info    0x00005700       0x30 ./Core/Startup/startup_stm32g474retx.o
 .debug_info    0x00005730      0xb95 ./Drivers/STM32G4xx_HAL_Driver/Src/stm32g4xx_hal.o
 .debug_info    0x000062c5      0xdf9 ./Drivers/STM32G4xx_HAL_Driver/Src/stm32g4xx_hal_cortex.o
 .debug_info    0x000070be      0xcbc ./Drivers/STM32G4xx_HAL_Driver/Src/stm32g4xx_hal_dac.o
 .debug_info    0x00007d7a      0x85f ./Drivers/STM32G4xx_HAL_Driver/Src/stm32g4xx_hal_dma.o
 .debug_info    0x000085d9      0x763 ./Drivers/STM32G4xx_HAL_Driver/Src/stm32g4xx_hal_gpio.o
 .debug_info    0x00008d3c      0x93f ./Drivers/STM32G4xx_HAL_Driver/Src/stm32g4xx_hal_pwr_ex.o
 .debug_info    0x0000967b      0xbe0 ./Drivers/STM32G4xx_HAL_Driver/Src/stm32g4xx_hal_rcc.o
 .debug_info    0x0000a25b      0xc45 ./Drivers/STM32G4xx_HAL_Driver/Src/stm32g4xx_hal_rcc_ex.o
 .debug_info    0x0000aea0     0x1677 ./Drivers/STM32G4xx_HAL_Driver/Src/stm32g4xx_hal_spi.o
 .debug_info    0x0000c517     0x481e ./Drivers/STM32G4xx_HAL_Driver/Src/stm32g4xx_hal_uart.o
 .debug_info    0x00010d35      0xfdd ./Drivers/STM32G4xx_HAL_Driver/Src/stm32g4xx_hal_uart_ex.o

.debug_abbrev   0x00000000     0x2a8d
 .debug_abbrev  0x00000000      0x1f6 ./Core/Src/dac.o
 .debug_abbrev  0x000001f6      0x15b ./Core/Src/gpio.o
 .debug_abbrev  0x00000351      0x23b ./Core/Src/main.o
 .debug_abbrev  0x0000058c      0x1fc ./Core/Src/spi.o
 .debug_abbrev  0x00000788       0xd9 ./Core/Src/stm32g4xx_hal_msp.o
 .debug_abbrev  0x00000861      0x184 ./Core/Src/stm32g4xx_it.o
 .debug_abbrev  0x000009e5      0x1b6 ./Core/Src/syscalls.o
 .debug_abbrev  0x00000b9b       0xbc ./Core/Src/sysmem.o
 .debug_abbrev  0x00000c57      0x11a ./Core/Src/system_stm32g4xx.o
 .debug_abbrev  0x00000d71      0x20d ./Core/Src/usart.o
 .debug_abbrev  0x00000f7e       0x24 ./Core/Startup/startup_stm32g474retx.o
 .debug_abbrev  0x00000fa2      0x271 ./Drivers/STM32G4xx_HAL_Driver/Src/stm32g4xx_hal.o
 .debug_abbrev  0x00001213      0x31c ./Drivers/STM32G4xx_HAL_Driver/Src/stm32g4xx_hal_cortex.o
 .debug_abbrev  0x0000152f      0x231 ./Drivers/STM32G4xx_HAL_Driver/Src/stm32g4xx_hal_dac.o
 .debug_abbrev  0x00001760      0x1e2 ./Drivers/STM32G4xx_HAL_Driver/Src/stm32g4xx_hal_dma.o
 .debug_abbrev  0x00001942      0x1cb ./Drivers/STM32G4xx_HAL_Driver/Src/stm32g4xx_hal_gpio.o
 .debug_abbrev  0x00001b0d      0x22c ./Drivers/STM32G4xx_HAL_Driver/Src/stm32g4xx_hal_pwr_ex.o
 .debug_abbrev  0x00001d39      0x2c9 ./Drivers/STM32G4xx_HAL_Driver/Src/stm32g4xx_hal_rcc.o
 .debug_abbrev  0x00002002      0x258 ./Drivers/STM32G4xx_HAL_Driver/Src/stm32g4xx_hal_rcc_ex.o
 .debug_abbrev  0x0000225a      0x25d ./Drivers/STM32G4xx_HAL_Driver/Src/stm32g4xx_hal_spi.o
 .debug_abbrev  0x000024b7      0x304 ./Drivers/STM32G4xx_HAL_Driver/Src/stm32g4xx_hal_uart.o
 .debug_abbrev  0x000027bb      0x2d2 ./Drivers/STM32G4xx_HAL_Driver/Src/stm32g4xx_hal_uart_ex.o

.debug_aranges  0x00000000      0xdf0
 .debug_aranges
                0x00000000       0x30 ./Core/Src/dac.o
 .debug_aranges
                0x00000030       0x20 ./Core/Src/gpio.o
 .debug_aranges
                0x00000050       0x30 ./Core/Src/main.o
 .debug_aranges
                0x00000080       0x30 ./Core/Src/spi.o
 .debug_aranges
                0x000000b0       0x20 ./Core/Src/stm32g4xx_hal_msp.o
 .debug_aranges
                0x000000d0       0x70 ./Core/Src/stm32g4xx_it.o
 .debug_aranges
                0x00000140       0xa8 ./Core/Src/syscalls.o
 .debug_aranges
                0x000001e8       0x20 ./Core/Src/sysmem.o
 .debug_aranges
                0x00000208       0x28 ./Core/Src/system_stm32g4xx.o
 .debug_aranges
                0x00000230       0x30 ./Core/Src/usart.o
 .debug_aranges
                0x00000260       0x28 ./Core/Startup/startup_stm32g474retx.o
 .debug_aranges
                0x00000288      0x148 ./Drivers/STM32G4xx_HAL_Driver/Src/stm32g4xx_hal.o
 .debug_aranges
                0x000003d0      0x128 ./Drivers/STM32G4xx_HAL_Driver/Src/stm32g4xx_hal_cortex.o
 .debug_aranges
                0x000004f8       0xc0 ./Drivers/STM32G4xx_HAL_Driver/Src/stm32g4xx_hal_dac.o
 .debug_aranges
                0x000005b8       0x90 ./Drivers/STM32G4xx_HAL_Driver/Src/stm32g4xx_hal_dma.o
 .debug_aranges
                0x00000648       0x58 ./Drivers/STM32G4xx_HAL_Driver/Src/stm32g4xx_hal_gpio.o
 .debug_aranges
                0x000006a0      0x140 ./Drivers/STM32G4xx_HAL_Driver/Src/stm32g4xx_hal_pwr_ex.o
 .debug_aranges
                0x000007e0       0x98 ./Drivers/STM32G4xx_HAL_Driver/Src/stm32g4xx_hal_rcc.o
 .debug_aranges
                0x00000878       0xb0 ./Drivers/STM32G4xx_HAL_Driver/Src/stm32g4xx_hal_rcc_ex.o
 .debug_aranges
                0x00000928      0x1d8 ./Drivers/STM32G4xx_HAL_Driver/Src/stm32g4xx_hal_spi.o
 .debug_aranges
                0x00000b00      0x248 ./Drivers/STM32G4xx_HAL_Driver/Src/stm32g4xx_hal_uart.o
 .debug_aranges
                0x00000d48       0xa8 ./Drivers/STM32G4xx_HAL_Driver/Src/stm32g4xx_hal_uart_ex.o

.debug_rnglists
                0x00000000      0xa9e
 .debug_rnglists
                0x00000000       0x1f ./Core/Src/dac.o
 .debug_rnglists
                0x0000001f       0x14 ./Core/Src/gpio.o
 .debug_rnglists
                0x00000033       0x21 ./Core/Src/main.o
 .debug_rnglists
                0x00000054       0x20 ./Core/Src/spi.o
 .debug_rnglists
                0x00000074       0x13 ./Core/Src/stm32g4xx_hal_msp.o
 .debug_rnglists
                0x00000087       0x4f ./Core/Src/stm32g4xx_it.o
 .debug_rnglists
                0x000000d6       0x79 ./Core/Src/syscalls.o
 .debug_rnglists
                0x0000014f       0x13 ./Core/Src/sysmem.o
 .debug_rnglists
                0x00000162       0x1a ./Core/Src/system_stm32g4xx.o
 .debug_rnglists
                0x0000017c       0x21 ./Core/Src/usart.o
 .debug_rnglists
                0x0000019d       0x19 ./Core/Startup/startup_stm32g474retx.o
 .debug_rnglists
                0x000001b6       0xf1 ./Drivers/STM32G4xx_HAL_Driver/Src/stm32g4xx_hal.o
 .debug_rnglists
                0x000002a7       0xda ./Drivers/STM32G4xx_HAL_Driver/Src/stm32g4xx_hal_cortex.o
 .debug_rnglists
                0x00000381       0x90 ./Drivers/STM32G4xx_HAL_Driver/Src/stm32g4xx_hal_dac.o
 .debug_rnglists
                0x00000411       0x71 ./Drivers/STM32G4xx_HAL_Driver/Src/stm32g4xx_hal_dma.o
 .debug_rnglists
                0x00000482       0x3f ./Drivers/STM32G4xx_HAL_Driver/Src/stm32g4xx_hal_gpio.o
 .debug_rnglists
                0x000004c1       0xf1 ./Drivers/STM32G4xx_HAL_Driver/Src/stm32g4xx_hal_pwr_ex.o
 .debug_rnglists
                0x000005b2       0x74 ./Drivers/STM32G4xx_HAL_Driver/Src/stm32g4xx_hal_rcc.o
 .debug_rnglists
                0x00000626       0x87 ./Drivers/STM32G4xx_HAL_Driver/Src/stm32g4xx_hal_rcc_ex.o
 .debug_rnglists
                0x000006ad      0x178 ./Drivers/STM32G4xx_HAL_Driver/Src/stm32g4xx_hal_spi.o
 .debug_rnglists
                0x00000825      0x1fa ./Drivers/STM32G4xx_HAL_Driver/Src/stm32g4xx_hal_uart.o
 .debug_rnglists
                0x00000a1f       0x7f ./Drivers/STM32G4xx_HAL_Driver/Src/stm32g4xx_hal_uart_ex.o

.debug_macro    0x00000000    0x26f50
 .debug_macro   0x00000000      0x1fc ./Core/Src/dac.o
 .debug_macro   0x000001fc      0xab4 ./Core/Src/dac.o
 .debug_macro   0x00000cb0      0x161 ./Core/Src/dac.o
 .debug_macro   0x00000e11       0x2e ./Core/Src/dac.o
 .debug_macro   0x00000e3f       0x28 ./Core/Src/dac.o
 .debug_macro   0x00000e67       0x22 ./Core/Src/dac.o
 .debug_macro   0x00000e89       0x8e ./Core/Src/dac.o
 .debug_macro   0x00000f17       0x51 ./Core/Src/dac.o
 .debug_macro   0x00000f68      0x103 ./Core/Src/dac.o
 .debug_macro   0x0000106b       0x6a ./Core/Src/dac.o
 .debug_macro   0x000010d5      0x1df ./Core/Src/dac.o
 .debug_macro   0x000012b4       0x1c ./Core/Src/dac.o
 .debug_macro   0x000012d0       0x22 ./Core/Src/dac.o
 .debug_macro   0x000012f2       0xfb ./Core/Src/dac.o
 .debug_macro   0x000013ed     0x1011 ./Core/Src/dac.o
 .debug_macro   0x000023fe      0x11f ./Core/Src/dac.o
 .debug_macro   0x0000251d    0x18b8c ./Core/Src/dac.o
 .debug_macro   0x0001b0a9       0x6d ./Core/Src/dac.o
 .debug_macro   0x0001b116     0x3558 ./Core/Src/dac.o
 .debug_macro   0x0001e66e      0x189 ./Core/Src/dac.o
 .debug_macro   0x0001e7f7       0x5c ./Core/Src/dac.o
 .debug_macro   0x0001e853     0x171f ./Core/Src/dac.o
 .debug_macro   0x0001ff72      0x600 ./Core/Src/dac.o
 .debug_macro   0x00020572      0x1b6 ./Core/Src/dac.o
 .debug_macro   0x00020728      0x34a ./Core/Src/dac.o
 .debug_macro   0x00020a72      0x53c ./Core/Src/dac.o
 .debug_macro   0x00020fae      0x18b ./Core/Src/dac.o
 .debug_macro   0x00021139       0x43 ./Core/Src/dac.o
 .debug_macro   0x0002117c      0x23d ./Core/Src/dac.o
 .debug_macro   0x000213b9      0x209 ./Core/Src/dac.o
 .debug_macro   0x000215c2      0x107 ./Core/Src/dac.o
 .debug_macro   0x000216c9      0x211 ./Core/Src/dac.o
 .debug_macro   0x000218da      0x45c ./Core/Src/dac.o
 .debug_macro   0x00021d36      0x11c ./Core/Src/dac.o
 .debug_macro   0x00021e52      0x122 ./Core/Src/dac.o
 .debug_macro   0x00021f74      0x3d1 ./Core/Src/dac.o
 .debug_macro   0x00022345      0x2fe ./Core/Src/dac.o
 .debug_macro   0x00022643      0x693 ./Core/Src/dac.o
 .debug_macro   0x00022cd6       0xa6 ./Core/Src/dac.o
 .debug_macro   0x00022d7c      0x358 ./Core/Src/dac.o
 .debug_macro   0x000230d4       0x8e ./Core/Src/dac.o
 .debug_macro   0x00023162      0x1fc ./Core/Src/gpio.o
 .debug_macro   0x0002335e      0x2f3 ./Core/Src/main.o
 .debug_macro   0x00023651       0x2a ./Core/Src/main.o
 .debug_macro   0x0002367b       0x61 ./Core/Src/main.o
 .debug_macro   0x000236dc       0x43 ./Core/Src/main.o
 .debug_macro   0x0002371f       0x34 ./Core/Src/main.o
 .debug_macro   0x00023753       0x16 ./Core/Src/main.o
 .debug_macro   0x00023769       0x35 ./Core/Src/main.o
 .debug_macro   0x0002379e       0x16 ./Core/Src/main.o
 .debug_macro   0x000237b4       0x43 ./Core/Src/main.o
 .debug_macro   0x000237f7       0x34 ./Core/Src/main.o
 .debug_macro   0x0002382b       0x10 ./Core/Src/main.o
 .debug_macro   0x0002383b       0x58 ./Core/Src/main.o
 .debug_macro   0x00023893       0x8e ./Core/Src/main.o
 .debug_macro   0x00023921       0x1c ./Core/Src/main.o
 .debug_macro   0x0002393d      0x177 ./Core/Src/main.o
 .debug_macro   0x00023ab4      0x369 ./Core/Src/main.o
 .debug_macro   0x00023e1d       0x16 ./Core/Src/main.o
 .debug_macro   0x00023e33       0x29 ./Core/Src/main.o
 .debug_macro   0x00023e5c       0x22 ./Core/Src/main.o
 .debug_macro   0x00023e7e      0x1fc ./Core/Src/spi.o
 .debug_macro   0x0002407a      0x1f2 ./Core/Src/stm32g4xx_hal_msp.o
 .debug_macro   0x0002426c      0x1fc ./Core/Src/stm32g4xx_it.o
 .debug_macro   0x00024468      0x274 ./Core/Src/syscalls.o
 .debug_macro   0x000246dc       0x5b ./Core/Src/syscalls.o
 .debug_macro   0x00024737       0x94 ./Core/Src/syscalls.o
 .debug_macro   0x000247cb       0x57 ./Core/Src/syscalls.o
 .debug_macro   0x00024822       0x10 ./Core/Src/syscalls.o
 .debug_macro   0x00024832       0x10 ./Core/Src/syscalls.o
 .debug_macro   0x00024842       0x10 ./Core/Src/syscalls.o
 .debug_macro   0x00024852       0x10 ./Core/Src/syscalls.o
 .debug_macro   0x00024862       0x1c ./Core/Src/syscalls.o
 .debug_macro   0x0002487e       0x52 ./Core/Src/syscalls.o
 .debug_macro   0x000248d0       0x22 ./Core/Src/syscalls.o
 .debug_macro   0x000248f2       0x10 ./Core/Src/syscalls.o
 .debug_macro   0x00024902       0x52 ./Core/Src/syscalls.o
 .debug_macro   0x00024954       0xcf ./Core/Src/syscalls.o
 .debug_macro   0x00024a23       0x1c ./Core/Src/syscalls.o
 .debug_macro   0x00024a3f       0x3d ./Core/Src/syscalls.o
 .debug_macro   0x00024a7c       0x35 ./Core/Src/syscalls.o
 .debug_macro   0x00024ab1      0x12c ./Core/Src/syscalls.o
 .debug_macro   0x00024bdd       0x10 ./Core/Src/syscalls.o
 .debug_macro   0x00024bed      0x242 ./Core/Src/syscalls.o
 .debug_macro   0x00024e2f       0x1c ./Core/Src/syscalls.o
 .debug_macro   0x00024e4b       0x10 ./Core/Src/syscalls.o
 .debug_macro   0x00024e5b       0x10 ./Core/Src/syscalls.o
 .debug_macro   0x00024e6b       0x16 ./Core/Src/syscalls.o
 .debug_macro   0x00024e81      0x146 ./Core/Src/syscalls.o
 .debug_macro   0x00024fc7      0x18a ./Core/Src/syscalls.o
 .debug_macro   0x00025151       0x16 ./Core/Src/syscalls.o
 .debug_macro   0x00025167       0xce ./Core/Src/syscalls.o
 .debug_macro   0x00025235       0xff ./Core/Src/sysmem.o
 .debug_macro   0x00025334      0x23c ./Core/Src/sysmem.o
 .debug_macro   0x00025570      0x1e3 ./Core/Src/system_stm32g4xx.o
 .debug_macro   0x00025753      0x1fc ./Core/Src/usart.o
 .debug_macro   0x0002594f      0x231 ./Drivers/STM32G4xx_HAL_Driver/Src/stm32g4xx_hal.o
 .debug_macro   0x00025b80      0x1e3 ./Drivers/STM32G4xx_HAL_Driver/Src/stm32g4xx_hal_cortex.o
 .debug_macro   0x00025d63      0x1f9 ./Drivers/STM32G4xx_HAL_Driver/Src/stm32g4xx_hal_dac.o
 .debug_macro   0x00025f5c      0x1e3 ./Drivers/STM32G4xx_HAL_Driver/Src/stm32g4xx_hal_dma.o
 .debug_macro   0x0002613f      0x1ea ./Drivers/STM32G4xx_HAL_Driver/Src/stm32g4xx_hal_gpio.o
 .debug_macro   0x00026329      0x20d ./Drivers/STM32G4xx_HAL_Driver/Src/stm32g4xx_hal_pwr_ex.o
 .debug_macro   0x00026536      0x225 ./Drivers/STM32G4xx_HAL_Driver/Src/stm32g4xx_hal_rcc.o
 .debug_macro   0x0002675b      0x20d ./Drivers/STM32G4xx_HAL_Driver/Src/stm32g4xx_hal_rcc_ex.o
 .debug_macro   0x00026968      0x1eb ./Drivers/STM32G4xx_HAL_Driver/Src/stm32g4xx_hal_spi.o
 .debug_macro   0x00026b53      0x20e ./Drivers/STM32G4xx_HAL_Driver/Src/stm32g4xx_hal_uart.o
 .debug_macro   0x00026d61      0x1ef ./Drivers/STM32G4xx_HAL_Driver/Src/stm32g4xx_hal_uart_ex.o

.debug_line     0x00000000    0x1202b
 .debug_line    0x00000000      0x778 ./Core/Src/dac.o
 .debug_line    0x00000778      0x723 ./Core/Src/gpio.o
 .debug_line    0x00000e9b      0x953 ./Core/Src/main.o
 .debug_line    0x000017ee      0x783 ./Core/Src/spi.o
 .debug_line    0x00001f71      0x709 ./Core/Src/stm32g4xx_hal_msp.o
 .debug_line    0x0000267a      0x7fa ./Core/Src/stm32g4xx_it.o
 .debug_line    0x00002e74      0x819 ./Core/Src/syscalls.o
 .debug_line    0x0000368d      0x4ea ./Core/Src/sysmem.o
 .debug_line    0x00003b77      0x774 ./Core/Src/system_stm32g4xx.o
 .debug_line    0x000042eb      0x7a5 ./Core/Src/usart.o
 .debug_line    0x00004a90       0x7b ./Core/Startup/startup_stm32g474retx.o
 .debug_line    0x00004b0b      0xb30 ./Drivers/STM32G4xx_HAL_Driver/Src/stm32g4xx_hal.o
 .debug_line    0x0000563b      0xcc3 ./Drivers/STM32G4xx_HAL_Driver/Src/stm32g4xx_hal_cortex.o
 .debug_line    0x000062fe      0xced ./Drivers/STM32G4xx_HAL_Driver/Src/stm32g4xx_hal_dac.o
 .debug_line    0x00006feb      0xe5a ./Drivers/STM32G4xx_HAL_Driver/Src/stm32g4xx_hal_dma.o
 .debug_line    0x00007e45      0xb49 ./Drivers/STM32G4xx_HAL_Driver/Src/stm32g4xx_hal_gpio.o
 .debug_line    0x0000898e      0xc9f ./Drivers/STM32G4xx_HAL_Driver/Src/stm32g4xx_hal_pwr_ex.o
 .debug_line    0x0000962d      0xefb ./Drivers/STM32G4xx_HAL_Driver/Src/stm32g4xx_hal_rcc.o
 .debug_line    0x0000a528     0x120c ./Drivers/STM32G4xx_HAL_Driver/Src/stm32g4xx_hal_rcc_ex.o
 .debug_line    0x0000b734     0x1fd4 ./Drivers/STM32G4xx_HAL_Driver/Src/stm32g4xx_hal_spi.o
 .debug_line    0x0000d708     0x3bcd ./Drivers/STM32G4xx_HAL_Driver/Src/stm32g4xx_hal_uart.o
 .debug_line    0x000112d5      0xd56 ./Drivers/STM32G4xx_HAL_Driver/Src/stm32g4xx_hal_uart_ex.o

.debug_str      0x00000000    0xf0657
 .debug_str     0x00000000    0xe6d5f ./Core/Src/dac.o
                              0xe706c (size before relaxing)
 .debug_str     0x000e6d5f      0x6b3 ./Core/Src/gpio.o
                              0xe70fa (size before relaxing)
 .debug_str     0x000e7412     0x3826 ./Core/Src/main.o
                              0xea5d0 (size before relaxing)
 .debug_str     0x000eac38       0x5f ./Core/Src/spi.o
                              0xe7643 (size before relaxing)
 .debug_str     0x000eac97       0x4d ./Core/Src/stm32g4xx_hal_msp.o
                              0xe69f6 (size before relaxing)
 .debug_str     0x000eace4      0x11a ./Core/Src/stm32g4xx_it.o
                              0xe6e67 (size before relaxing)
 .debug_str     0x000eadfe     0x25fa ./Core/Src/syscalls.o
                               0x98a6 (size before relaxing)
 .debug_str     0x000ed3f8       0x6b ./Core/Src/sysmem.o
                               0x60be (size before relaxing)
 .debug_str     0x000ed463       0xdb ./Core/Src/system_stm32g4xx.o
                              0xe682f (size before relaxing)
 .debug_str     0x000ed53e      0x287 ./Core/Src/usart.o
                              0xe7292 (size before relaxing)
 .debug_str     0x000ed7c5       0x44 ./Core/Startup/startup_stm32g474retx.o
                                 0x71 (size before relaxing)
 .debug_str     0x000ed809      0x5c6 ./Drivers/STM32G4xx_HAL_Driver/Src/stm32g4xx_hal.o