Archive member included to satisfy reference by file (symbol)

/home/kalsifer/.config/Code/User/globalStorage/bmd.stm32-for-vscode/@xpack-dev-tools/arm-none-eabi-gcc/12.3.1-1.2.1/.content/bin/../lib/gcc/arm-none-eabi/12.3.1/../../../../arm-none-eabi/lib/thumb/v7e-m+fp/hard/libc_nano.a(libc_a-atexit.o)
                              /home/kalsifer/.config/Code/User/globalStorage/bmd.stm32-for-vscode/@xpack-dev-tools/arm-none-eabi-gcc/12.3.1-1.2.1/.content/bin/../lib/gcc/arm-none-eabi/12.3.1/../../../../arm-none-eabi/lib/thumb/v7e-m+fp/hard/crt0.o (atexit)
/home/kalsifer/.config/Code/User/globalStorage/bmd.stm32-for-vscode/@xpack-dev-tools/arm-none-eabi-gcc/12.3.1-1.2.1/.content/bin/../lib/gcc/arm-none-eabi/12.3.1/../../../../arm-none-eabi/lib/thumb/v7e-m+fp/hard/libc_nano.a(libc_a-exit.o)
                              /home/kalsifer/.config/Code/User/globalStorage/bmd.stm32-for-vscode/@xpack-dev-tools/arm-none-eabi-gcc/12.3.1-1.2.1/.content/bin/../lib/gcc/arm-none-eabi/12.3.1/../../../../arm-none-eabi/lib/thumb/v7e-m+fp/hard/crt0.o (exit)
/home/kalsifer/.config/Code/User/globalStorage/bmd.stm32-for-vscode/@xpack-dev-tools/arm-none-eabi-gcc/12.3.1-1.2.1/.content/bin/../lib/gcc/arm-none-eabi/12.3.1/../../../../arm-none-eabi/lib/thumb/v7e-m+fp/hard/libc_nano.a(libc_a-findfp.o)
                              /home/kalsifer/.config/Code/User/globalStorage/bmd.stm32-for-vscode/@xpack-dev-tools/arm-none-eabi-gcc/12.3.1-1.2.1/.content/bin/../lib/gcc/arm-none-eabi/12.3.1/../../../../arm-none-eabi/lib/thumb/v7e-m+fp/hard/libc_nano.a(libc_a-exit.o) (__stdio_exit_handler)
/home/kalsifer/.config/Code/User/globalStorage/bmd.stm32-for-vscode/@xpack-dev-tools/arm-none-eabi-gcc/12.3.1-1.2.1/.content/bin/../lib/gcc/arm-none-eabi/12.3.1/../../../../arm-none-eabi/lib/thumb/v7e-m+fp/hard/libc_nano.a(libc_a-fwalk.o)
                              /home/kalsifer/.config/Code/User/globalStorage/bmd.stm32-for-vscode/@xpack-dev-tools/arm-none-eabi-gcc/12.3.1-1.2.1/.content/bin/../lib/gcc/arm-none-eabi/12.3.1/../../../../arm-none-eabi/lib/thumb/v7e-m+fp/hard/libc_nano.a(libc_a-findfp.o) (_fwalk_sglue)
/home/kalsifer/.config/Code/User/globalStorage/bmd.stm32-for-vscode/@xpack-dev-tools/arm-none-eabi-gcc/12.3.1-1.2.1/.content/bin/../lib/gcc/arm-none-eabi/12.3.1/../../../../arm-none-eabi/lib/thumb/v7e-m+fp/hard/libc_nano.a(libc_a-snprintf.o)
                              build/debug/Core/Src/main.o (snprintf)
/home/kalsifer/.config/Code/User/globalStorage/bmd.stm32-for-vscode/@xpack-dev-tools/arm-none-eabi-gcc/12.3.1-1.2.1/.content/bin/../lib/gcc/arm-none-eabi/12.3.1/../../../../arm-none-eabi/lib/thumb/v7e-m+fp/hard/libc_nano.a(libc_a-stdio.o)
                              /home/kalsifer/.config/Code/User/globalStorage/bmd.stm32-for-vscode/@xpack-dev-tools/arm-none-eabi-gcc/12.3.1-1.2.1/.content/bin/../lib/gcc/arm-none-eabi/12.3.1/../../../../arm-none-eabi/lib/thumb/v7e-m+fp/hard/libc_nano.a(libc_a-findfp.o) (__sread)
/home/kalsifer/.config/Code/User/globalStorage/bmd.stm32-for-vscode/@xpack-dev-tools/arm-none-eabi-gcc/12.3.1-1.2.1/.content/bin/../lib/gcc/arm-none-eabi/12.3.1/../../../../arm-none-eabi/lib/thumb/v7e-m+fp/hard/libc_nano.a(libc_a-memset.o)
                              /home/kalsifer/.config/Code/User/globalStorage/bmd.stm32-for-vscode/@xpack-dev-tools/arm-none-eabi-gcc/12.3.1-1.2.1/.content/bin/../lib/gcc/arm-none-eabi/12.3.1/../../../../arm-none-eabi/lib/thumb/v7e-m+fp/hard/crt0.o (memset)
/home/kalsifer/.config/Code/User/globalStorage/bmd.stm32-for-vscode/@xpack-dev-tools/arm-none-eabi-gcc/12.3.1-1.2.1/.content/bin/../lib/gcc/arm-none-eabi/12.3.1/../../../../arm-none-eabi/lib/thumb/v7e-m+fp/hard/libc_nano.a(libc_a-closer.o)
                              /home/kalsifer/.config/Code/User/globalStorage/bmd.stm32-for-vscode/@xpack-dev-tools/arm-none-eabi-gcc/12.3.1-1.2.1/.content/bin/../lib/gcc/arm-none-eabi/12.3.1/../../../../arm-none-eabi/lib/thumb/v7e-m+fp/hard/libc_nano.a(libc_a-stdio.o) (_close_r)
/home/kalsifer/.config/Code/User/globalStorage/bmd.stm32-for-vscode/@xpack-dev-tools/arm-none-eabi-gcc/12.3.1-1.2.1/.content/bin/../lib/gcc/arm-none-eabi/12.3.1/../../../../arm-none-eabi/lib/thumb/v7e-m+fp/hard/libc_nano.a(libc_a-reent.o)
                              /home/kalsifer/.config/Code/User/globalStorage/bmd.stm32-for-vscode/@xpack-dev-tools/arm-none-eabi-gcc/12.3.1-1.2.1/.content/bin/../lib/gcc/arm-none-eabi/12.3.1/../../../../arm-none-eabi/lib/thumb/v7e-m+fp/hard/libc_nano.a(libc_a-closer.o) (errno)
/home/kalsifer/.config/Code/User/globalStorage/bmd.stm32-for-vscode/@xpack-dev-tools/arm-none-eabi-gcc/12.3.1-1.2.1/.content/bin/../lib/gcc/arm-none-eabi/12.3.1/../../../../arm-none-eabi/lib/thumb/v7e-m+fp/hard/libc_nano.a(libc_a-impure.o)
                              /home/kalsifer/.config/Code/User/globalStorage/bmd.stm32-for-vscode/@xpack-dev-tools/arm-none-eabi-gcc/12.3.1-1.2.1/.content/bin/../lib/gcc/arm-none-eabi/12.3.1/../../../../arm-none-eabi/lib/thumb/v7e-m+fp/hard/libc_nano.a(libc_a-snprintf.o) (_impure_ptr)
[...]
Memory Configuration

Name             Origin             Length             Attributes
RAM              0x20000000         0x00020000         xrw
FLASH            0x08000000         0x00080000         xr
*default*        0x00000000         0xffffffff

Linker script and memory map

LOAD /home/kalsifer/.config/Code/User/globalStorage/bmd.stm32-for-vscode/@xpack-dev-tools/arm-none-eabi-gcc/12.3.1-1.2.1/.content/bin/../lib/gcc/arm-none-eabi/12.3.1/thumb/v7e-m+fp/hard/crti.o
LOAD /home/kalsifer/.config/Code/User/globalStorage/bmd.stm32-for-vscode/@xpack-dev-tools/arm-none-eabi-gcc/12.3.1-1.2.1/.content/bin/../lib/gcc/arm-none-eabi/12.3.1/thumb/v7e-m+fp/hard/crtbegin.o
LOAD /home/kalsifer/.config/Code/User/globalStorage/bmd.stm32-for-vscode/@xpack-dev-tools/arm-none-eabi-gcc/12.3.1-1.2.1/.content/bin/../lib/gcc/arm-none-eabi/12.3.1/../../../../arm-none-eabi/lib/thumb/v7e-m+fp/hard/crt0.o
LOAD build/debug/Core/Src/gpio.o
LOAD build/debug/Core/Src/main.o
LOAD build/debug/Core/Src/spi.o
LOAD build/debug/Core/Src/stm32g4xx_hal_msp.o
LOAD build/debug/Core/Src/stm32g4xx_it.o
LOAD build/debug/Core/Src/syscalls.o
LOAD build/debug/Core/Src/sysmem.o
LOAD build/debug/Core/Src/system_stm32g4xx.o
LOAD build/debug/Core/Src/usart.o
LOAD build/debug/Drivers/STM32G4xx_HAL_Driver/Src/stm32g4xx_hal.o
LOAD build/debug/Drivers/STM32G4xx_HAL_Driver/Src/stm32g4xx_hal_cortex.o
LOAD build/debug/Drivers/STM32G4xx_HAL_Driver/Src/stm32g4xx_hal_dma.o
LOAD build/debug/Drivers/STM32G4xx_HAL_Driver/Src/stm32g4xx_hal_dma_ex.o
LOAD build/debug/Drivers/STM32G4xx_HAL_Driver/Src/stm32g4xx_hal_exti.o
LOAD build/debug/Drivers/STM32G4xx_HAL_Driver/Src/stm32g4xx_hal_flash.o
LOAD build/debug/Drivers/STM32G4xx_HAL_Driver/Src/stm32g4xx_hal_flash_ex.o
LOAD build/debug/Drivers/STM32G4xx_HAL_Driver/Src/stm32g4xx_hal_flash_ramfunc.o
LOAD build/debug/Drivers/STM32G4xx_HAL_Driver/Src/stm32g4xx_hal_gpio.o
LOAD build/debug/Drivers/STM32G4xx_HAL_Driver/Src/stm32g4xx_hal_pwr.o
LOAD build/debug/Drivers/STM32G4xx_HAL_Driver/Src/stm32g4xx_hal_pwr_ex.o
LOAD build/debug/Drivers/STM32G4xx_HAL_Driver/Src/stm32g4xx_hal_rcc.o
LOAD build/debug/Drivers/STM32G4xx_HAL_Driver/Src/stm32g4xx_hal_rcc_ex.o
LOAD build/debug/Drivers/STM32G4xx_HAL_Driver/Src/stm32g4xx_hal_spi.o
LOAD build/debug/Drivers/STM32G4xx_HAL_Driver/Src/stm32g4xx_hal_spi_ex.o
LOAD build/debug/Drivers/STM32G4xx_HAL_Driver/Src/stm32g4xx_hal_tim.o
LOAD build/debug/Drivers/STM32G4xx_HAL_Driver/Src/stm32g4xx_hal_tim_ex.o
LOAD build/debug/Drivers/STM32G4xx_HAL_Driver/Src/stm32g4xx_hal_uart.o
LOAD build/debug/Drivers/STM32G4xx_HAL_Driver/Src/stm32g4xx_hal_uart_ex.o
LOAD build/debug/startup_stm32g474xx.o
LOAD /home/kalsifer/.config/Code/User/globalStorage/bmd.stm32-for-vscode/@xpack-dev-tools/arm-none-eabi-gcc/12.3.1-1.2.1/.content/bin/../lib/gcc/arm-none-eabi/12.3.1/../../../../arm-none-eabi/lib/thumb/v7e-m+fp/hard/libc_nano.a
LOAD /home/kalsifer/.config/Code/User/globalStorage/bmd.stm32-for-vscode/@xpack-dev-tools/arm-none-eabi-gcc/12.3.1-1.2.1/.content/bin/../lib/gcc/arm-none-eabi/12.3.1/../../../../arm-none-eabi/lib/thumb/v7e-m+fp/hard/libm.a
LOAD /home/kalsifer/.config/Code/User/globalStorage/bmd.stm32-for-vscode/@xpack-dev-tools/arm-none-eabi-gcc/12.3.1-1.2.1/.content/bin/../lib/gcc/arm-none-eabi/12.3.1/../../../../arm-none-eabi/lib/thumb/v7e-m+fp/hard/libnosys.a
START GROUP
LOAD /home/kalsifer/.config/Code/User/globalStorage/bmd.stm32-for-vscode/@xpack-dev-tools/arm-none-eabi-gcc/12.3.1-1.2.1/.content/bin/../lib/gcc/arm-none-eabi/12.3.1/thumb/v7e-m+fp/hard/libgcc.a
LOAD /home/kalsifer/.config/Code/User/globalStorage/bmd.stm32-for-vscode/@xpack-dev-tools/arm-none-eabi-gcc/12.3.1-1.2.1/.content/bin/../lib/gcc/arm-none-eabi/12.3.1/../../../../arm-none-eabi/lib/thumb/v7e-m+fp/hard/libc_nano.a
END GROUP
START GROUP
LOAD /home/kalsifer/.config/Code/User/globalStorage/bmd.stm32-for-vscode/@xpack-dev-tools/arm-none-eabi-gcc/12.3.1-1.2.1/.content/bin/../lib/gcc/arm-none-eabi/12.3.1/thumb/v7e-m+fp/hard/libgcc.a
LOAD /home/kalsifer/.config/Code/User/globalStorage/bmd.stm32-for-vscode/@xpack-dev-tools/arm-none-eabi-gcc/12.3.1-1.2.1/.content/bin/../lib/gcc/arm-none-eabi/12.3.1/../../../../arm-none-eabi/lib/thumb/v7e-m+fp/hard/libc_nano.a
END GROUP
LOAD /home/kalsifer/.config/Code/User/globalStorage/bmd.stm32-for-vscode/@xpack-dev-tools/arm-none-eabi-gcc/12.3.1-1.2.1/.content/bin/../lib/gcc/arm-none-eabi/12.3.1/thumb/v7e-m+fp/hard/crtend.o
LOAD /home/kalsifer/.config/Code/User/globalStorage/bmd.stm32-for-vscode/@xpack-dev-tools/arm-none-eabi-gcc/12.3.1-1.2.1/.content/bin/../lib/gcc/arm-none-eabi/12.3.1/thumb/v7e-m+fp/hard/crtn.o
                0x20020000                        _estack = (ORIGIN (RAM) + LENGTH (RAM))
                0x00000200                        _Min_Heap_Size = 0x200
                0x00000400                        _Min_Stack_Size = 0x400

.isr_vector     0x08000000      0x1d8
                0x08000000                        . = ALIGN (0x4)
 *(.isr_vector)
 .isr_vector    0x08000000      0x1d8 build/debug/startup_stm32g474xx.o
                0x08000000                g_pfnVectors
                0x080001d8                        . = ALIGN (0x4)

.text           0x080001e0     0x3464
                0x080001e0                        . = ALIGN (0x4)
 *(.text)
 .text          0x080001e0       0xa0 /home/kalsifer/.config/Code/User/globalStorage/bmd.stm32-for-vscode/@xpack-dev-tools/arm-none-eabi-gcc/12.3.1-1.2.1/.content/bin/../lib/gcc/arm-none-eabi/12.3.1/../../../../arm-none-eabi/lib/thumb/v7e-m+fp/hard/libc_nano.a(libc_a-memchr.o)
                0x080001e0                memchr
 .text          0x08000280       0x30 /home/kalsifer/.config/Code/User/globalStorage/bmd.stm32-for-vscode/@xpack-dev-tools/arm-none-eabi-gcc/12.3.1-1.2.1/.content/bin/../lib/gcc/arm-none-eabi/12.3.1/thumb/v7e-m+fp/hard/libgcc.a(_aeabi_uldivmod.o)
                0x08000280                __aeabi_uldivmod
 .text          0x080002b0        0x4 /home/kalsifer/.config/Code/User/globalStorage/bmd.stm32-for-vscode/@xpack-dev-tools/arm-none-eabi-gcc/12.3.1-1.2.1/.content/bin/../lib/gcc/arm-none-eabi/12.3.1/thumb/v7e-m+fp/hard/libgcc.a(_dvmd_tls.o)
                0x080002b0                __aeabi_ldiv0
                0x080002b0                __aeabi_idiv0
 *(.text*)
 .text.__do_global_dtors_aux
                0x080002b4       0x24 /home/kalsifer/.config/Code/User/globalStorage/bmd.stm32-for-vscode/@xpack-dev-tools/arm-none-eabi-gcc/12.3.1-1.2.1/.content/bin/../lib/gcc/arm-none-eabi/12.3.1/thumb/v7e-m+fp/hard/crtbegin.o
 .text.frame_dummy
                0x080002d8       0x1c /home/kalsifer/.config/Code/User/globalStorage/bmd.stm32-for-vscode/@xpack-dev-tools/arm-none-eabi-gcc/12.3.1-1.2.1/.content/bin/../lib/gcc/arm-none-eabi/12.3.1/thumb/v7e-m+fp/hard/crtbegin.o
 .text.MX_GPIO_Init
                0x080002f4       0x8c build/debug/Core/Src/gpio.o
                0x080002f4                MX_GPIO_Init
 .text.Error_Handler
                0x08000380        0x4 build/debug/Core/Src/main.o
                0x08000380                Error_Handler
 .text.SystemClock_Config
                0x08000384       0x70 build/debug/Core/Src/main.o
                0x08000384                SystemClock_Config
 .text.main     0x080003f4       0x88 build/debug/Core/Src/main.o
                0x080003f4                main
 .text.MX_SPI1_Init
                0x0800047c       0x4c build/debug/Core/Src/spi.o
                0x0800047c                MX_SPI1_Init
 .text.HAL_SPI_MspInit
                0x080004c8       0x64 build/debug/Core/Src/spi.o
                0x080004c8                HAL_SPI_MspInit
 .text.HAL_MspInit
                0x0800052c       0x38 build/debug/Core/Src/stm32g4xx_hal_msp.o
                0x0800052c                HAL_MspInit
 .text.NMI_Handler
                0x08000564        0x2 build/debug/Core/Src/stm32g4xx_it.o
                0x08000564                NMI_Handler
 .text.HardFault_Handler
                0x08000566        0x2 build/debug/Core/Src/stm32g4xx_it.o
                0x08000566                HardFault_Handler
 .text.MemManage_Handler
                0x08000568        0x2 build/debug/Core/Src/stm32g4xx_it.o
                0x08000568                MemManage_Handler
 .text.BusFault_Handler
                0x0800056a        0x2 build/debug/Core/Src/stm32g4xx_it.o
                0x0800056a                BusFault_Handler
 .text.UsageFault_Handler
                0x0800056c        0x2 build/debug/Core/Src/stm32g4xx_it.o
                0x0800056c                UsageFault_Handler
 .text.SVC_Handler
                0x0800056e        0x2 build/debug/Core/Src/stm32g4xx_it.o
                0x0800056e                SVC_Handler
 .text.DebugMon_Handler
                0x08000570        0x2 build/debug/Core/Src/stm32g4xx_it.o
                0x08000570                DebugMon_Handler
 .text.PendSV_Handler
                0x08000572        0x2 build/debug/Core/Src/stm32g4xx_it.o
                0x08000572                PendSV_Handler
 .text.SysTick_Handler
                0x08000574        0x8 build/debug/Core/Src/stm32g4xx_it.o
                0x08000574                SysTick_Handler
 .text.EXTI15_10_IRQHandler
                0x0800057c        0xc build/debug/Core/Src/stm32g4xx_it.o
                0x0800057c                EXTI15_10_IRQHandler
 .text._sbrk    0x08000588       0x48 build/debug/Core/Src/sysmem.o
                0x08000588                _sbrk
 .text.SystemInit
                0x080005d0       0x14 build/debug/Core/Src/system_stm32g4xx.o
                0x080005d0                SystemInit
 .text.MX_LPUART1_UART_Init
                0x080005e4       0x68 build/debug/Core/Src/usart.o
                0x080005e4                MX_LPUART1_UART_Init
 .text.HAL_UART_MspInit
                0x0800064c       0x84 build/debug/Core/Src/usart.o
                0x0800064c                HAL_UART_MspInit
 .text.HAL_InitTick
                0x080006d0       0x50 build/debug/Drivers/STM32G4xx_HAL_Driver/Src/stm32g4xx_hal.o
                0x080006d0                HAL_InitTick
 .text.HAL_Init
                0x08000720       0x1e build/debug/Drivers/STM32G4xx_HAL_Driver/Src/stm32g4xx_hal.o
                0x08000720                HAL_Init
 *fill*         0x0800073e        0x2 
 .text.HAL_IncTick
                0x08000740       0x18 build/debug/Drivers/STM32G4xx_HAL_Driver/Src/stm32g4xx_hal.o
                0x08000740                HAL_IncTick
 .text.HAL_GetTick
                0x08000758        0xc build/debug/Drivers/STM32G4xx_HAL_Driver/Src/stm32g4xx_hal.o
                0x08000758                HAL_GetTick
 .text.HAL_Delay
                0x08000764       0x28 build/debug/Drivers/STM32G4xx_HAL_Driver/Src/stm32g4xx_hal.o
                0x08000764                HAL_Delay
 .text.__NVIC_EnableIRQ
                0x0800078c       0x1c build/debug/Drivers/STM32G4xx_HAL_Driver/Src/stm32g4xx_hal_cortex.o
 .text.__NVIC_SetPriority
                0x080007a8       0x28 build/debug/Drivers/STM32G4xx_HAL_Driver/Src/stm32g4xx_hal_cortex.o
 .text.NVIC_EncodePriority
                0x080007d0       0x3e build/debug/Drivers/STM32G4xx_HAL_Driver/Src/stm32g4xx_hal_cortex.o
 *fill*         0x0800080e        0x2 
 .text.HAL_NVIC_SetPriorityGrouping
                0x08000810       0x24 build/debug/Drivers/STM32G4xx_HAL_Driver/Src/stm32g4xx_hal_cortex.o
                0x08000810                HAL_NVIC_SetPriorityGrouping
 .text.HAL_NVIC_SetPriority
                0x08000834       0x20 build/debug/Drivers/STM32G4xx_HAL_Driver/Src/stm32g4xx_hal_cortex.o
                0x08000834                HAL_NVIC_SetPriority
 .text.HAL_NVIC_EnableIRQ
                0x08000854        0x8 build/debug/Drivers/STM32G4xx_HAL_Driver/Src/stm32g4xx_hal_cortex.o
                0x08000854                HAL_NVIC_EnableIRQ
 .text.HAL_SYSTICK_Config
                0x0800085c       0x28 build/debug/Drivers/STM32G4xx_HAL_Driver/Src/stm32g4xx_hal_cortex.o
                0x0800085c                HAL_SYSTICK_Config
 .text.HAL_GPIO_Init
                0x08000884      0x1d4 build/debug/Drivers/STM32G4xx_HAL_Driver/Src/stm32g4xx_hal_gpio.o
                0x08000884                HAL_GPIO_Init
 .text.HAL_GPIO_EXTI_Callback
                0x08000a58        0x2 build/debug/Drivers/STM32G4xx_HAL_Driver/Src/stm32g4xx_hal_gpio.o
                0x08000a58                HAL_GPIO_EXTI_Callback
 *fill*         0x08000a5a        0x2 
 .text.HAL_GPIO_EXTI_IRQHandler
                0x08000a5c       0x1c build/debug/Drivers/STM32G4xx_HAL_Driver/Src/stm32g4xx_hal_gpio.o
                0x08000a5c                HAL_GPIO_EXTI_IRQHandler
 .text.HAL_PWREx_ControlVoltageScaling
                0x08000a78      0x10c build/debug/Drivers/STM32G4xx_HAL_Driver/Src/stm32g4xx_hal_pwr_ex.o
                0x08000a78                HAL_PWREx_ControlVoltageScaling
 .text.HAL_PWREx_DisableUCPDDeadBattery
                0x08000b84       0x10 build/debug/Drivers/STM32G4xx_HAL_Driver/Src/stm32g4xx_hal_pwr_ex.o
                0x08000b84                HAL_PWREx_DisableUCPDDeadBattery
 .text.RCC_GetSysClockFreqFromPLLSource
                0x08000b94       0x58 build/debug/Drivers/STM32G4xx_HAL_Driver/Src/stm32g4xx_hal_rcc.o
 .text.HAL_RCC_OscConfig
                0x08000bec      0x4e4 build/debug/Drivers/STM32G4xx_HAL_Driver/Src/stm32g4xx_hal_rcc.o
                0x08000bec                HAL_RCC_OscConfig
 .text.HAL_RCC_GetSysClockFreq
                0x080010d0       0x88 build/debug/Drivers/STM32G4xx_HAL_Driver/Src/stm32g4xx_hal_rcc.o
                0x080010d0                HAL_RCC_GetSysClockFreq
 .text.HAL_RCC_ClockConfig
                0x08001158      0x1f8 build/debug/Drivers/STM32G4xx_HAL_Driver/Src/stm32g4xx_hal_rcc.o
                0x08001158                HAL_RCC_ClockConfig
 .text.HAL_RCC_GetHCLKFreq
                0x08001350        0xc build/debug/Drivers/STM32G4xx_HAL_Driver/Src/stm32g4xx_hal_rcc.o
                0x08001350                HAL_RCC_GetHCLKFreq
 .text.HAL_RCC_GetPCLK1Freq
                0x0800135c       0x24 build/debug/Drivers/STM32G4xx_HAL_Driver/Src/stm32g4xx_hal_rcc.o
                0x0800135c                HAL_RCC_GetPCLK1Freq
 .text.HAL_RCC_GetPCLK2Freq
                0x08001380       0x24 build/debug/Drivers/STM32G4xx_HAL_Driver/Src/stm32g4xx_hal_rcc.o
                0x08001380                HAL_RCC_GetPCLK2Freq
 .text.HAL_RCCEx_PeriphCLKConfig
                0x080013a4      0x378 build/debug/Drivers/STM32G4xx_HAL_Driver/Src/stm32g4xx_hal_rcc_ex.o
                0x080013a4                HAL_RCCEx_PeriphCLKConfig
 .text.SPI_WaitFlagStateUntilTimeout
                0x0800171c       0xc8 build/debug/Drivers/STM32G4xx_HAL_Driver/Src/stm32g4xx_hal_spi.o
 .text.SPI_WaitFifoStateUntilTimeout
                0x080017e4       0xf0 build/debug/Drivers/STM32G4xx_HAL_Driver/Src/stm32g4xx_hal_spi.o
 .text.SPI_EndRxTxTransaction
                0x080018d4       0x62 build/debug/Drivers/STM32G4xx_HAL_Driver/Src/stm32g4xx_hal_spi.o
 .text.SPI_EndRxTransaction
                0x08001936       0x82 build/debug/Drivers/STM32G4xx_HAL_Driver/Src/stm32g4xx_hal_spi.o
 .text.HAL_SPI_Init
                0x080019b8       0xe8 build/debug/Drivers/STM32G4xx_HAL_Driver/Src/stm32g4xx_hal_spi.o
                0x080019b8                HAL_SPI_Init
 .text.HAL_SPI_Transmit
                0x08001aa0      0x1fe build/debug/Drivers/STM32G4xx_HAL_Driver/Src/stm32g4xx_hal_spi.o
                0x08001aa0                HAL_SPI_Transmit
 .text.HAL_SPI_TransmitReceive
                0x08001c9e      0x2ec build/debug/Drivers/STM32G4xx_HAL_Driver/Src/stm32g4xx_hal_spi.o
                0x08001c9e                HAL_SPI_TransmitReceive
 .text.HAL_SPI_Receive
                0x08001f8a      0x1a8 build/debug/Drivers/STM32G4xx_HAL_Driver/Src/stm32g4xx_hal_spi.o
                0x08001f8a                HAL_SPI_Receive
 .text.UART_EndRxTransfer
                0x08002132       0x56 build/debug/Drivers/STM32G4xx_HAL_Driver/Src/stm32g4xx_hal_uart.o
 .text.UART_SetConfig
                0x08002188      0x388 build/debug/Drivers/STM32G4xx_HAL_Driver/Src/stm32g4xx_hal_uart.o
                0x08002188                UART_SetConfig
 .text.UART_AdvFeatureConfig
                0x08002510       0xca build/debug/Drivers/STM32G4xx_HAL_Driver/Src/stm32g4xx_hal_uart.o
                0x08002510                UART_AdvFeatureConfig
 .text.UART_WaitOnFlagUntilTimeout
                0x080025da       0x9e build/debug/Drivers/STM32G4xx_HAL_Driver/Src/stm32g4xx_hal_uart.o
                0x080025da                UART_WaitOnFlagUntilTimeout
 .text.HAL_UART_Transmit
                0x08002678       0xd2 build/debug/Drivers/STM32G4xx_HAL_Driver/Src/stm32g4xx_hal_uart.o
                0x08002678                HAL_UART_Transmit
 .text.UART_CheckIdleState
                0x0800274a       0xca build/debug/Drivers/STM32G4xx_HAL_Driver/Src/stm32g4xx_hal_uart.o
                0x0800274a                UART_CheckIdleState
 .text.HAL_UART_Init
                0x08002814       0x66 build/debug/Drivers/STM32G4xx_HAL_Driver/Src/stm32g4xx_hal_uart.o
                0x08002814                HAL_UART_Init
 *fill*         0x0800287a        0x2 
 .text.UARTEx_SetNbDataToProcess
                0x0800287c       0x4c build/debug/Drivers/STM32G4xx_HAL_Driver/Src/stm32g4xx_hal_uart_ex.o
 .text.HAL_UARTEx_DisableFifoMode
                0x080028c8       0x3e build/debug/Drivers/STM32G4xx_HAL_Driver/Src/stm32g4xx_hal_uart_ex.o
                0x080028c8                HAL_UARTEx_DisableFifoMode
 .text.HAL_UARTEx_SetTxFifoThreshold
                0x08002906       0x4a build/debug/Drivers/STM32G4xx_HAL_Driver/Src/stm32g4xx_hal_uart_ex.o
                0x08002906                HAL_UARTEx_SetTxFifoThreshold
 .text.HAL_UARTEx_SetRxFifoThreshold
                0x08002950       0x4a build/debug/Drivers/STM32G4xx_HAL_Driver/Src/stm32g4xx_hal_uart_ex.o
                0x08002950                HAL_UARTEx_SetRxFifoThreshold
 *fill*         0x0800299a        0x2 
 .text.Reset_Handler
                0x0800299c       0x50 build/debug/startup_stm32g474xx.o
                0x0800299c                Reset_Handler
 .text.Default_Handler
                0x080029ec        0x2 build/debug/startup_stm32g474xx.o
                0x080029ec                RTC_Alarm_IRQHandler
                0x080029ec                EXTI2_IRQHandler
                0x080029ec                TIM8_TRG_COM_IRQHandler
                0x080029ec                TIM8_CC_IRQHandler
                0x080029ec                HRTIM1_Master_IRQHandler
                0x080029ec                SPI4_IRQHandler
                0x080029ec                FDCAN3_IT0_IRQHandler
                0x080029ec                TIM1_CC_IRQHandler
                0x080029ec                HRTIM1_FLT_IRQHandler
                0x080029ec                HRTIM1_TIMF_IRQHandler
                0x080029ec                USB_HP_IRQHandler
                0x080029ec                CORDIC_IRQHandler
                0x080029ec                HRTIM1_TIMD_IRQHandler
                0x080029ec                DMA2_Channel8_IRQHandler
                0x080029ec                EXTI3_IRQHandler
                0x080029ec                I2C3_ER_IRQHandler
                0x080029ec                EXTI0_IRQHandler
                0x080029ec                I2C2_EV_IRQHandler
                0x080029ec                FPU_IRQHandler
                0x080029ec                FDCAN1_IT1_IRQHandler
                0x080029ec                TIM1_UP_TIM16_IRQHandler
                0x080029ec                ADC1_2_IRQHandler
                0x080029ec                HRTIM1_TIME_IRQHandler
                0x080029ec                SPI1_IRQHandler
                0x080029ec                TIM6_DAC_IRQHandler
                0x080029ec                HRTIM1_TIMC_IRQHandler
                0x080029ec                TIM8_UP_IRQHandler
                0x080029ec                DMA2_Channel2_IRQHandler
                0x080029ec                DMA1_Channel4_IRQHandler
                0x080029ec                TIM20_TRG_COM_IRQHandler
                0x080029ec                USART3_IRQHandler
                0x080029ec                DMA1_Channel7_IRQHandler
                0x080029ec                UART5_IRQHandler
                0x080029ec                ADC3_IRQHandler
                0x080029ec                TIM4_IRQHandler
                0x080029ec                DMA2_Channel1_IRQHandler
                0x080029ec                QUADSPI_IRQHandler
                0x080029ec                I2C1_EV_IRQHandler
                0x080029ec                DMA1_Channel6_IRQHandler
                0x080029ec                UART4_IRQHandler
                0x080029ec                DMA2_Channel4_IRQHandler
                0x080029ec                TIM3_IRQHandler
                0x080029ec                RCC_IRQHandler
                0x080029ec                TIM20_UP_IRQHandler
                0x080029ec                DMA1_Channel1_IRQHandler
                0x080029ec                Default_Handler
                0x080029ec                DMA2_Channel7_IRQHandler
                0x080029ec                RTC_TAMP_LSECSS_IRQHandler
                0x080029ec                FMAC_IRQHandler
                0x080029ec                DMA1_Channel8_IRQHandler
                0x080029ec                HRTIM1_TIMA_IRQHandler
                0x080029ec                TIM7_DAC_IRQHandler
                0x080029ec                FDCAN3_IT1_IRQHandler
                0x080029ec                TIM5_IRQHandler
                0x080029ec                UCPD1_IRQHandler
                0x080029ec                I2C3_EV_IRQHandler
                0x080029ec                EXTI9_5_IRQHandler
                0x080029ec                RTC_WKUP_IRQHandler
                0x080029ec                PVD_PVM_IRQHandler
                0x080029ec                SPI2_IRQHandler
                0x080029ec                ADC5_IRQHandler
                0x080029ec                DMA2_Channel5_IRQHandler
                0x080029ec                CRS_IRQHandler
                0x080029ec                DMA1_Channel5_IRQHandler
                0x080029ec                USB_LP_IRQHandler
                0x080029ec                EXTI4_IRQHandler
                0x080029ec                RNG_IRQHandler
                0x080029ec                HRTIM1_TIMB_IRQHandler
                0x080029ec                TIM1_TRG_COM_TIM17_IRQHandler
                0x080029ec                FDCAN2_IT1_IRQHandler
                0x080029ec                DMA1_Channel3_IRQHandler
                0x080029ec                ADC4_IRQHandler
                0x080029ec                WWDG_IRQHandler
                0x080029ec                I2C4_EV_IRQHandler
                0x080029ec                FDCAN2_IT0_IRQHandler
                0x080029ec                LPUART1_IRQHandler
                0x080029ec                DMA2_Channel6_IRQHandler
                0x080029ec                FDCAN1_IT0_IRQHandler
                0x080029ec                TIM2_IRQHandler
                0x080029ec                COMP7_IRQHandler
                0x080029ec                COMP1_2_3_IRQHandler
                0x080029ec                EXTI1_IRQHandler
                0x080029ec                USART2_IRQHandler
                0x080029ec                COMP4_5_6_IRQHandler
                0x080029ec                TIM20_BRK_IRQHandler
                0x080029ec                I2C2_ER_IRQHandler
                0x080029ec                DMA1_Channel2_IRQHandler
                0x080029ec                TIM8_BRK_IRQHandler
                0x080029ec                FLASH_IRQHandler
                0x080029ec                TIM20_CC_IRQHandler
                0x080029ec                USART1_IRQHandler
                0x080029ec                SPI3_IRQHandler
                0x080029ec                I2C1_ER_IRQHandler
                0x080029ec                FMC_IRQHandler
                0x080029ec                LPTIM1_IRQHandler
                0x080029ec                DMAMUX_OVR_IRQHandler
                0x080029ec                I2C4_ER_IRQHandler
                0x080029ec                USBWakeUp_IRQHandler
                0x080029ec                SAI1_IRQHandler
                0x080029ec                DMA2_Channel3_IRQHandler
                0x080029ec                TIM1_BRK_TIM15_IRQHandler
 *fill*         0x080029ee        0x2 
 .text.snprintf
                0x080029f0       0x68 /home/kalsifer/.config/Code/User/globalStorage/bmd.stm32-for-vscode/@xpack-dev-tools/arm-none-eabi-gcc/12.3.1-1.2.1/.content/bin/../lib/gcc/arm-none-eabi/12.3.1/../../../../arm-none-eabi/lib/thumb/v7e-m+fp/hard/libc_nano.a(libc_a-snprintf.o)
                0x080029f0                snprintf
                0x080029f0                sniprintf
 .text.memset   0x08002a58       0x10 /home/kalsifer/.config/Code/User/globalStorage/bmd.stm32-for-vscode/@xpack-dev-tools/arm-none-eabi-gcc/12.3.1-1.2.1/.content/bin/../lib/gcc/arm-none-eabi/12.3.1/../../../../arm-none-eabi/lib/thumb/v7e-m+fp/hard/libc_nano.a(libc_a-memset.o)
                0x08002a58                memset
 .text.__errno  0x08002a68        0xc /home/kalsifer/.config/Code/User/globalStorage/bmd.stm32-for-vscode/@xpack-dev-tools/arm-none-eabi-gcc/12.3.1-1.2.1/.content/bin/../lib/gcc/arm-none-eabi/12.3.1/../../../../arm-none-eabi/lib/thumb/v7e-m+fp/hard/libc_nano.a(libc_a-errno.o)
                0x08002a68                __errno
 .text.__libc_init_array
                0x08002a74       0x48 /home/kalsifer/.config/Code/User/globalStorage/bmd.stm32-for-vscode/@xpack-dev-tools/arm-none-eabi-gcc/12.3.1-1.2.1/.content/bin/../lib/gcc/arm-none-eabi/12.3.1/../../../../arm-none-eabi/lib/thumb/v7e-m+fp/hard/libc_nano.a(libc_a-init.o)
                0x08002a74                __libc_init_array
 .text.__retarget_lock_acquire_recursive
                0x08002abc        0x2 /home/kalsifer/.config/Code/User/globalStorage/bmd.stm32-for-vscode/@xpack-dev-tools/arm-none-eabi-gcc/12.3.1-1.2.1/.content/bin/../lib/gcc/arm-none-eabi/12.3.1/../../../../arm-none-eabi/lib/thumb/v7e-m+fp/hard/libc_nano.a(libc_a-lock.o)
                0x08002abc                __retarget_lock_acquire_recursive
 .text.__retarget_lock_release_recursive
                0x08002abe        0x2 /home/kalsifer/.config/Code/User/globalStorage/bmd.stm32-for-vscode/@xpack-dev-tools/arm-none-eabi-gcc/12.3.1-1.2.1/.content/bin/../lib/gcc/arm-none-eabi/12.3.1/../../../../arm-none-eabi/lib/thumb/v7e-m+fp/hard/libc_nano.a(libc_a-lock.o)
                0x08002abe                __retarget_lock_release_recursive
 .text._free_r  0x08002ac0       0x94 /home/kalsifer/.config/Code/User/globalStorage/bmd.stm32-for-vscode/@xpack-dev-tools/arm-none-eabi-gcc/12.3.1-1.2.1/.content/bin/../lib/gcc/arm-none-eabi/12.3.1/../../../../arm-none-eabi/lib/thumb/v7e-m+fp/hard/libc_nano.a(libc_a-freer.o)
                0x08002ac0                _free_r
 .text.sbrk_aligned
                0x08002b54       0x44 /home/kalsifer/.config/Code/User/globalStorage/bmd.stm32-for-vscode/@xpack-dev-tools/arm-none-eabi-gcc/12.3.1-1.2.1/.content/bin/../lib/gcc/arm-none-eabi/12.3.1/../../../../arm-none-eabi/lib/thumb/v7e-m+fp/hard/libc_nano.a(libc_a-mallocr.o)
 .text._malloc_r
                0x08002b98      0x100 /home/kalsifer/.config/Code/User/globalStorage/bmd.stm32-for-vscode/@xpack-dev-tools/arm-none-eabi-gcc/12.3.1-1.2.1/.content/bin/../lib/gcc/arm-none-eabi/12.3.1/../../../../arm-none-eabi/lib/thumb/v7e-m+fp/hard/libc_nano.a(libc_a-mallocr.o)
                0x08002b98                _malloc_r
 .text.__malloc_lock
                0x08002c98        0xc /home/kalsifer/.config/Code/User/globalStorage/bmd.stm32-for-vscode/@xpack-dev-tools/arm-none-eabi-gcc/12.3.1-1.2.1/.content/bin/../lib/gcc/arm-none-eabi/12.3.1/../../../../arm-none-eabi/lib/thumb/v7e-m+fp/hard/libc_nano.a(libc_a-mlock.o)
                0x08002c98                __malloc_lock
 .text.__malloc_unlock
                0x08002ca4        0xc /home/kalsifer/.config/Code/User/globalStorage/bmd.stm32-for-vscode/@xpack-dev-tools/arm-none-eabi-gcc/12.3.1-1.2.1/.content/bin/../lib/gcc/arm-none-eabi/12.3.1/../../../../arm-none-eabi/lib/thumb/v7e-m+fp/hard/libc_nano.a(libc_a-mlock.o)
                0x08002ca4                __malloc_unlock
 .text.__ssputs_r
                0x08002cb0       0xb6 /home/kalsifer/.config/Code/User/globalStorage/bmd.stm32-for-vscode/@xpack-dev-tools/arm-none-eabi-gcc/12.3.1-1.2.1/.content/bin/../lib/gcc/arm-none-eabi/12.3.1/../../../../arm-none-eabi/lib/thumb/v7e-m+fp/hard/libc_nano.a(libc_a-nano-svfprintf.o)
                0x08002cb0                __ssputs_r
 *fill*         0x08002d66        0x2 
 .text._svfprintf_r
                0x08002d68      0x1f8 /home/kalsifer/.config/Code/User/globalStorage/bmd.stm32-for-vscode/@xpack-dev-tools/arm-none-eabi-gcc/12.3.1-1.2.1/.content/bin/../lib/gcc/arm-none-eabi/12.3.1/../../../../arm-none-eabi/lib/thumb/v7e-m+fp/hard/libc_nano.a(libc_a-nano-svfprintf.o)
                0x08002d68                _svfprintf_r
                0x08002d68                _svfiprintf_r
 .text._printf_common
                0x08002f60       0xda /home/kalsifer/.config/Code/User/globalStorage/bmd.stm32-for-vscode/@xpack-dev-tools/arm-none-eabi-gcc/12.3.1-1.2.1/.content/bin/../lib/gcc/arm-none-eabi/12.3.1/../../../../arm-none-eabi/lib/thumb/v7e-m+fp/hard/libc_nano.a(libc_a-nano-vfprintf_i.o)
                0x08002f60                _printf_common
 *fill*         0x0800303a        0x2 
 .text._printf_i
                0x0800303c      0x258 /home/kalsifer/.config/Code/User/globalStorage/bmd.stm32-for-vscode/@xpack-dev-tools/arm-none-eabi-gcc/12.3.1-1.2.1/.content/bin/../lib/gcc/arm-none-eabi/12.3.1/../../../../arm-none-eabi/lib/thumb/v7e-m+fp/hard/libc_nano.a(libc_a-nano-vfprintf_i.o)
                0x0800303c                _printf_i
 .text.memmove  0x08003294       0x34 /home/kalsifer/.config/Code/User/globalStorage/bmd.stm32-for-vscode/@xpack-dev-tools/arm-none-eabi-gcc/12.3.1-1.2.1/.content/bin/../lib/gcc/arm-none-eabi/12.3.1/../../../../arm-none-eabi/lib/thumb/v7e-m+fp/hard/libc_nano.a(libc_a-memmove.o)
                0x08003294                memmove
 .text._sbrk_r  0x080032c8       0x20 /home/kalsifer/.config/Code/User/globalStorage/bmd.stm32-for-vscode/@xpack-dev-tools/arm-none-eabi-gcc/12.3.1-1.2.1/.content/bin/../lib/gcc/arm-none-eabi/12.3.1/../../../../arm-none-eabi/lib/thumb/v7e-m+fp/hard/libc_nano.a(libc_a-sbrkr.o)
                0x080032c8                _sbrk_r
 .text.memcpy   0x080032e8       0x1c /home/kalsifer/.config/Code/User/globalStorage/bmd.stm32-for-vscode/@xpack-dev-tools/arm-none-eabi-gcc/12.3.1-1.2.1/.content/bin/../lib/gcc/arm-none-eabi/12.3.1/../../../../arm-none-eabi/lib/thumb/v7e-m+fp/hard/libc_nano.a(libc_a-memcpy-stub.o)
                0x080032e8                memcpy
 .text._realloc_r
                0x08003304       0x5c /home/kalsifer/.config/Code/User/globalStorage/bmd.stm32-for-vscode/@xpack-dev-tools/arm-none-eabi-gcc/12.3.1-1.2.1/.content/bin/../lib/gcc/arm-none-eabi/12.3.1/../../../../arm-none-eabi/lib/thumb/v7e-m+fp/hard/libc_nano.a(libc_a-reallocr.o)
                0x08003304                _realloc_r
 .text._malloc_usable_size_r
                0x08003360       0x10 /home/kalsifer/.config/Code/User/globalStorage/bmd.stm32-for-vscode/@xpack-dev-tools/arm-none-eabi-gcc/12.3.1-1.2.1/.content/bin/../lib/gcc/arm-none-eabi/12.3.1/../../../../arm-none-eabi/lib/thumb/v7e-m+fp/hard/libc_nano.a(libc_a-msizer.o)
                0x08003360                _malloc_usable_size_r
 .text.__udivmoddi4
                0x08003370      0x2bc /home/kalsifer/.config/Code/User/globalStorage/bmd.stm32-for-vscode/@xpack-dev-tools/arm-none-eabi-gcc/12.3.1-1.2.1/.content/bin/../lib/gcc/arm-none-eabi/12.3.1/thumb/v7e-m+fp/hard/libgcc.a(_udivmoddi4.o)
                0x08003370                __udivmoddi4
 *(.glue_7)
 .glue_7        0x0800362c        0x0 linker stubs
 *(.glue_7t)
 .glue_7t       0x0800362c        0x0 linker stubs
 *(.eh_frame)
 .eh_frame      0x0800362c        0x0 /home/kalsifer/.config/Code/User/globalStorage/bmd.stm32-for-vscode/@xpack-dev-tools/arm-none-eabi-gcc/12.3.1-1.2.1/.content/bin/../lib/gcc/arm-none-eabi/12.3.1/thumb/v7e-m+fp/hard/crtbegin.o
 *(.init)
 .init          0x0800362c        0x4 /home/kalsifer/.config/Code/User/globalStorage/bmd.stm32-for-vscode/@xpack-dev-tools/arm-none-eabi-gcc/12.3.1-1.2.1/.content/bin/../lib/gcc/arm-none-eabi/12.3.1/thumb/v7e-m+fp/hard/crti.o
                0x0800362c                _init
 .init          0x08003630        0x8 /home/kalsifer/.config/Code/User/globalStorage/bmd.stm32-for-vscode/@xpack-dev-tools/arm-none-eabi-gcc/12.3.1-1.2.1/.content/bin/../lib/gcc/arm-none-eabi/12.3.1/thumb/v7e-m+fp/hard/crtn.o
 *(.fini)
 .fini          0x08003638        0x4 /home/kalsifer/.config/Code/User/globalStorage/bmd.stm32-for-vscode/@xpack-dev-tools/arm-none-eabi-gcc/12.3.1-1.2.1/.content/bin/../lib/gcc/arm-none-eabi/12.3.1/thumb/v7e-m+fp/hard/crti.o
                0x08003638                _fini
 .fini          0x0800363c        0x8 /home/kalsifer/.config/Code/User/globalStorage/bmd.stm32-for-vscode/@xpack-dev-tools/arm-none-eabi-gcc/12.3.1-1.2.1/.content/bin/../lib/gcc/arm-none-eabi/12.3.1/thumb/v7e-m+fp/hard/crtn.o
                0x08003644                        . = ALIGN (0x4)
                0x08003644                        _etext = .

.vfp11_veneer   0x08003644        0x0
 .vfp11_veneer  0x08003644        0x0 linker stubs

.v4_bx          0x08003644        0x0
 .v4_bx         0x08003644        0x0 linker stubs

.iplt           0x08003644        0x0
 .iplt          0x08003644        0x0 /home/kalsifer/.config/Code/User/globalStorage/bmd.stm32-for-vscode/@xpack-dev-tools/arm-none-eabi-gcc/12.3.1-1.2.1/.content/bin/../lib/gcc/arm-none-eabi/12.3.1/thumb/v7e-m+fp/hard/crtbegin.o

.rodata         0x08003644       0x78
                0x08003644                        . = ALIGN (0x4)
 *(.rodata)
 *(.rodata*)
 .rodata.main.str1.4
                0x08003644        0x4 build/debug/Core/Src/main.o
 .rodata.APBPrescTable
                0x08003648        0x8 build/debug/Core/Src/system_stm32g4xx.o
                0x08003648                APBPrescTable
 .rodata.AHBPrescTable
                0x08003650       0x10 build/debug/Core/Src/system_stm32g4xx.o
                0x08003650                AHBPrescTable
 .rodata.UARTPrescTable
                0x08003660       0x18 build/debug/Drivers/STM32G4xx_HAL_Driver/Src/stm32g4xx_hal_uart.o
                0x08003660                UARTPrescTable
 .rodata.denominator.0
                0x08003678        0x8 build/debug/Drivers/STM32G4xx_HAL_Driver/Src/stm32g4xx_hal_uart_ex.o
 .rodata.numerator.1
                0x08003680        0x8 build/debug/Drivers/STM32G4xx_HAL_Driver/Src/stm32g4xx_hal_uart_ex.o
 .rodata._svfprintf_r.str1.1
                0x08003688       0x11 /home/kalsifer/.config/Code/User/globalStorage/bmd.stm32-for-vscode/@xpack-dev-tools/arm-none-eabi-gcc/12.3.1-1.2.1/.content/bin/../lib/gcc/arm-none-eabi/12.3.1/../../../../arm-none-eabi/lib/thumb/v7e-m+fp/hard/libc_nano.a(libc_a-nano-svfprintf.o)
 .rodata._printf_i.str1.1
                0x08003699       0x22 /home/kalsifer/.config/Code/User/globalStorage/bmd.stm32-for-vscode/@xpack-dev-tools/arm-none-eabi-gcc/12.3.1-1.2.1/.content/bin/../lib/gcc/arm-none-eabi/12.3.1/../../../../arm-none-eabi/lib/thumb/v7e-m+fp/hard/libc_nano.a(libc_a-nano-vfprintf_i.o)
                0x080036bc                        . = ALIGN (0x4)
 *fill*         0x080036bb        0x1 

.ARM.extab
 *(.ARM.extab* .gnu.linkonce.armextab.*)

.ARM            0x080036bc        0x8
                0x080036bc                        __exidx_start = .
 *(.ARM.exidx*)
 .ARM.exidx     0x080036bc        0x8 /home/kalsifer/.config/Code/User/globalStorage/bmd.stm32-for-vscode/@xpack-dev-tools/arm-none-eabi-gcc/12.3.1-1.2.1/.content/bin/../lib/gcc/arm-none-eabi/12.3.1/../../../../arm-none-eabi/lib/thumb/v7e-m+fp/hard/libc_nano.a(libc_a-memchr.o)
 .ARM.exidx.text.__udivmoddi4
                0x080036c4        0x0 /home/kalsifer/.config/Code/User/globalStorage/bmd.stm32-for-vscode/@xpack-dev-tools/arm-none-eabi-gcc/12.3.1-1.2.1/.content/bin/../lib/gcc/arm-none-eabi/12.3.1/thumb/v7e-m+fp/hard/libgcc.a(_udivmoddi4.o)
                                  0x8 (size before relaxing)
                0x080036c4                        __exidx_end = .

.rel.dyn        0x080036c4        0x0
 .rel.iplt      0x080036c4        0x0 /home/kalsifer/.config/Code/User/globalStorage/bmd.stm32-for-vscode/@xpack-dev-tools/arm-none-eabi-gcc/12.3.1-1.2.1/.content/bin/../lib/gcc/arm-none-eabi/12.3.1/thumb/v7e-m+fp/hard/crtbegin.o

.preinit_array  0x080036c4        0x0
                0x080036c4                        PROVIDE (__preinit_array_start = .)
 *(.preinit_array*)
                0x080036c4                        PROVIDE (__preinit_array_end = .)

.init_array     0x080036c4        0x4
                0x080036c4                        PROVIDE (__init_array_start = .)
 *(SORT_BY_NAME(.init_array.*))
 *(.init_array*)
 .init_array    0x080036c4        0x4 /home/kalsifer/.config/Code/User/globalStorage/bmd.stm32-for-vscode/@xpack-dev-tools/arm-none-eabi-gcc/12.3.1-1.2.1/.content/bin/../lib/gcc/arm-none-eabi/12.3.1/thumb/v7e-m+fp/hard/crtbegin.o
                0x080036c8                        PROVIDE (__init_array_end = .)

.fini_array     0x080036c8        0x4
                0x080036c8                        PROVIDE (__fini_array_start = .)
 *(SORT_BY_NAME(.fini_array.*))
 *(.fini_array*)
 .fini_array    0x080036c8        0x4 /home/kalsifer/.config/Code/User/globalStorage/bmd.stm32-for-vscode/@xpack-dev-tools/arm-none-eabi-gcc/12.3.1-1.2.1/.content/bin/../lib/gcc/arm-none-eabi/12.3.1/thumb/v7e-m+fp/hard/crtbegin.o
                0x080036cc                        PROVIDE (__fini_array_end = .)
                0x080036cc                        _sidata = LOADADDR (.data)

.data           0x20000000       0x5c load address 0x080036cc
                0x20000000                        . = ALIGN (0x4)
                0x20000000                        _sdata = .
 *(.data)
 *(.data*)
 .data.SystemCoreClock
                0x20000000        0x4 build/debug/Core/Src/system_stm32g4xx.o
                0x20000000                SystemCoreClock
 .data.uwTickFreq
                0x20000004        0x4 build/debug/Drivers/STM32G4xx_HAL_Driver/Src/stm32g4xx_hal.o
                0x20000004                uwTickFreq
 .data.uwTickPrio
                0x20000008        0x4 build/debug/Drivers/STM32G4xx_HAL_Driver/Src/stm32g4xx_hal.o
                0x20000008                uwTickPrio
 .data._impure_ptr
                0x2000000c        0x4 /home/kalsifer/.config/Code/User/globalStorage/bmd.stm32-for-vscode/@xpack-dev-tools/arm-none-eabi-gcc/12.3.1-1.2.1/.content/bin/../lib/gcc/arm-none-eabi/12.3.1/../../../../arm-none-eabi/lib/thumb/v7e-m+fp/hard/libc_nano.a(libc_a-impure.o)
                0x2000000c                _impure_ptr
 .data._impure_data
                0x20000010       0x4c /home/kalsifer/.config/Code/User/globalStorage/bmd.stm32-for-vscode/@xpack-dev-tools/arm-none-eabi-gcc/12.3.1-1.2.1/.content/bin/../lib/gcc/arm-none-eabi/12.3.1/../../../../arm-none-eabi/lib/thumb/v7e-m+fp/hard/libc_nano.a(libc_a-impure.o)
                0x20000010                _impure_data
                0x2000005c                        . = ALIGN (0x4)
                0x2000005c                        _edata = .

.igot.plt       0x2000005c        0x0 load address 0x08003728
 .igot.plt      0x2000005c        0x0 /home/kalsifer/.config/Code/User/globalStorage/bmd.stm32-for-vscode/@xpack-dev-tools/arm-none-eabi-gcc/12.3.1-1.2.1/.content/bin/../lib/gcc/arm-none-eabi/12.3.1/thumb/v7e-m+fp/hard/crtbegin.o
                0x2000005c                        . = ALIGN (0x4)

.bss            0x2000005c      0x268 load address 0x08003728
                0x2000005c                        _sbss = .
                0x2000005c                        __bss_start__ = _sbss
 *(.bss)
 *(.bss*)
 .bss.completed.1
                0x2000005c        0x1 /home/kalsifer/.config/Code/User/globalStorage/bmd.stm32-for-vscode/@xpack-dev-tools/arm-none-eabi-gcc/12.3.1-1.2.1/.content/bin/../lib/gcc/arm-none-eabi/12.3.1/thumb/v7e-m+fp/hard/crtbegin.o
 *fill*         0x2000005d        0x3 
 .bss.object.0  0x20000060       0x18 /home/kalsifer/.config/Code/User/globalStorage/bmd.stm32-for-vscode/@xpack-dev-tools/arm-none-eabi-gcc/12.3.1-1.2.1/.content/bin/../lib/gcc/arm-none-eabi/12.3.1/thumb/v7e-m+fp/hard/crtbegin.o
 .bss.tx_buffer
                0x20000078        0x1 build/debug/Core/Src/main.o
                0x20000078                tx_buffer
 .bss.rx_buffer
                0x20000079        0x1 build/debug/Core/Src/main.o
                0x20000079                rx_buffer
 *fill*         0x2000007a        0x2 
 .bss.hspi1     0x2000007c       0x64 build/debug/Core/Src/spi.o
                0x2000007c                hspi1
 .bss.__sbrk_heap_end
                0x200000e0        0x4 build/debug/Core/Src/sysmem.o
 .bss.hlpuart1  0x200000e4       0x94 build/debug/Core/Src/usart.o
                0x200000e4                hlpuart1
 .bss.uwTick    0x20000178        0x4 build/debug/Drivers/STM32G4xx_HAL_Driver/Src/stm32g4xx_hal.o
                0x20000178                uwTick
 .bss.__sf      0x2000017c      0x138 /home/kalsifer/.config/Code/User/globalStorage/bmd.stm32-for-vscode/@xpack-dev-tools/arm-none-eabi-gcc/12.3.1-1.2.1/.content/bin/../lib/gcc/arm-none-eabi/12.3.1/../../../../arm-none-eabi/lib/thumb/v7e-m+fp/hard/libc_nano.a(libc_a-findfp.o)
                0x2000017c                __sf
 .bss.errno     0x200002b4        0x4 /home/kalsifer/.config/Code/User/globalStorage/bmd.stm32-for-vscode/@xpack-dev-tools/arm-none-eabi-gcc/12.3.1-1.2.1/.content/bin/../lib/gcc/arm-none-eabi/12.3.1/../../../../arm-none-eabi/lib/thumb/v7e-m+fp/hard/libc_nano.a(libc_a-reent.o)
                0x200002b4                errno
 .bss.__lock___malloc_recursive_mutex
                0x200002b8        0x1 /home/kalsifer/.config/Code/User/globalStorage/bmd.stm32-for-vscode/@xpack-dev-tools/arm-none-eabi-gcc/12.3.1-1.2.1/.content/bin/../lib/gcc/arm-none-eabi/12.3.1/../../../../arm-none-eabi/lib/thumb/v7e-m+fp/hard/libc_nano.a(libc_a-lock.o)
                0x200002b8                __lock___malloc_recursive_mutex
 *fill*         0x200002b9        0x3 
 .bss.__malloc_sbrk_start
                0x200002bc        0x4 /home/kalsifer/.config/Code/User/globalStorage/bmd.stm32-for-vscode/@xpack-dev-tools/arm-none-eabi-gcc/12.3.1-1.2.1/.content/bin/../lib/gcc/arm-none-eabi/12.3.1/../../../../arm-none-eabi/lib/thumb/v7e-m+fp/hard/libc_nano.a(libc_a-mallocr.o)
                0x200002bc                __malloc_sbrk_start
 .bss.__malloc_free_list
                0x200002c0        0x4 /home/kalsifer/.config/Code/User/globalStorage/bmd.stm32-for-vscode/@xpack-dev-tools/arm-none-eabi-gcc/12.3.1-1.2.1/.content/bin/../lib/gcc/arm-none-eabi/12.3.1/../../../../arm-none-eabi/lib/thumb/v7e-m+fp/hard/libc_nano.a(libc_a-mallocr.o)
                0x200002c0                __malloc_free_list
 *(COMMON)
                0x200002c4                        . = ALIGN (0x4)
                0x200002c4                        _ebss = .
                0x200002c4                        __bss_end__ = _ebss

._user_heap_stack
                0x200002c4      0x604 load address 0x08003728
                0x200002c8                        . = ALIGN (0x8)
 *fill*         0x200002c4        0x4 
                [!provide]                        PROVIDE (end = .)
                0x200002c8                        PROVIDE (_end = .)
                0x200004c8                        . = (. + _Min_Heap_Size)
 *fill*         0x200002c8      0x200 
                0x200008c8                        . = (. + _Min_Stack_Size)
 *fill*         0x200004c8      0x400 
                0x200008c8                        . = ALIGN (0x8)

/DISCARD/
 libc.a(*)
 libm.a(*)
 libgcc.a(*)

.ARM.attributes
                0x00000000       0x30
 *(.ARM.attributes)
 .ARM.attributes
                0x00000000       0x22 /home/kalsifer/.config/Code/User/globalStorage/bmd.stm32-for-vscode/@xpack-dev-tools/arm-none-eabi-gcc/12.3.1-1.2.1/.content/bin/../lib/gcc/arm-none-eabi/12.3.1/thumb/v7e-m+fp/hard/crti.o
 .ARM.attributes
                0x00000022       0x34 /home/kalsifer/.config/Code/User/globalStorage/bmd.stm32-for-vscode/@xpack-dev-tools/arm-none-eabi-gcc/12.3.1-1.2.1/.content/bin/../lib/gcc/arm-none-eabi/12.3.1/thumb/v7e-m+fp/hard/crtbegin.o
 .ARM.attributes
                0x00000056       0x34 build/debug/Core/Src/gpio.o
 .ARM.attributes
                0x0000008a       0x34 build/debug/Core/Src/main.o
 .ARM.attributes
                0x000000be       0x34 build/debug/Core/Src/spi.o
 .ARM.attributes
                0x000000f2       0x34 build/debug/Core/Src/stm32g4xx_hal_msp.o
 .ARM.attributes
                0x00000126       0x34 build/debug/Core/Src/stm32g4xx_it.o
 .ARM.attributes
                0x0000015a       0x34 build/debug/Core/Src/sysmem.o
 .ARM.attributes
                0x0000018e       0x34 build/debug/Core/Src/system_stm32g4xx.o
 .ARM.attributes
                0x000001c2       0x34 build/debug/Core/Src/usart.o
 .ARM.attributes
                0x000001f6       0x34 build/debug/Drivers/STM32G4xx_HAL_Driver/Src/stm32g4xx_hal.o
 .ARM.attributes
                0x0000022a       0x34 build/debug/Drivers/STM32G4xx_HAL_Driver/Src/stm32g4xx_hal_cortex.o
 .ARM.attributes
                0x0000025e       0x34 build/debug/Drivers/STM32G4xx_HAL_Driver/Src/stm32g4xx_hal_gpio.o
 .ARM.attributes
                0x00000292       0x34 build/debug/Drivers/STM32G4xx_HAL_Driver/Src/stm32g4xx_hal_pwr_ex.o
 .ARM.attributes
                0x000002c6       0x34 build/debug/Drivers/STM32G4xx_HAL_Driver/Src/stm32g4xx_hal_rcc.o
 .ARM.attributes
                0x000002fa       0x34 build/debug/Drivers/STM32G4xx_HAL_Driver/Src/stm32g4xx_hal_rcc_ex.o
 .ARM.attributes
                0x0000032e       0x34 build/debug/Drivers/STM32G4xx_HAL_Driver/Src/stm32g4xx_hal_spi.o
 .ARM.attributes
                0x00000362       0x34 build/debug/Drivers/STM32G4xx_HAL_Driver/Src/stm32g4xx_hal_uart.o
 .ARM.attributes
                0x00000396       0x34 build/debug/Drivers/STM32G4xx_HAL_Driver/Src/stm32g4xx_hal_uart_ex.o
 .ARM.attributes
                0x000003ca       0x21 build/debug/startup_stm32g474xx.o
 .ARM.attributes
                0x000003eb       0x34 /home/kalsifer/.config/Code/User/globalStorage/bmd.stm32-for-vscode/@xpack-dev-tools/arm-none-eabi-gcc/12.3.1-1.2.1/.content/bin/../lib/gcc/arm-none-eabi/12.3.1/../../../../arm-none-eabi/lib/thumb/v7e-m+fp/hard/libc_nano.a(libc_a-findfp.o)
 .ARM.attributes
                0x0000041f       0x34 /home/kalsifer/.config/Code/User/globalStorage/bmd.stm32-for-vscode/@xpack-dev-tools/arm-none-eabi-gcc/12.3.1-1.2.1/.content/bin/../lib/gcc/arm-none-eabi/12.3.1/../../../../arm-none-eabi/lib/thumb/v7e-m+fp/hard/libc_nano.a(libc_a-snprintf.o)
 .ARM.attributes
                0x00000453       0x34 /home/kalsifer/.config/Code/User/globalStorage/bmd.stm32-for-vscode/@xpack-dev-tools/arm-none-eabi-gcc/12.3.1-1.2.1/.content/bin/../lib/gcc/arm-none-eabi/12.3.1/../../../../arm-none-eabi/lib/thumb/v7e-m+fp/hard/libc_nano.a(libc_a-memset.o)
 .ARM.attributes
                0x00000487       0x34 /home/kalsifer/.config/Code/User/globalStorage/bmd.stm32-for-vscode/@xpack-dev-tools/arm-none-eabi-gcc/12.3.1-1.2.1/.content/bin/../lib/gcc/arm-none-eabi/12.3.1/../../../../arm-none-eabi/lib/thumb/v7e-m+fp/hard/libc_nano.a(libc_a-reent.o)
 .ARM.attributes
                0x000004bb       0x34 /home/kalsifer/.config/Code/User/globalStorage/bmd.stm32-for-vscode/@xpack-dev-tools/arm-none-eabi-gcc/12.3.1-1.2.1/.content/bin/../lib/gcc/arm-none-eabi/12.3.1/../../../../arm-none-eabi/lib/thumb/v7e-m+fp/hard/libc_nano.a(libc_a-impure.o)
 .ARM.attributes
                0x000004ef       0x34 /home/kalsifer/.config/Code/User/globalStorage/bmd.stm32-for-vscode/@xpack-dev-tools/arm-none-eabi-gcc/12.3.1-1.2.1/.content/bin/../lib/gcc/arm-none-eabi/12.3.1/../../../../arm-none-eabi/lib/thumb/v7e-m+fp/hard/libc_nano.a(libc_a-errno.o)
 .ARM.attributes
                0x00000523       0x34 /home/kalsifer/.config/Code/User/globalStorage/bmd.stm32-for-vscode/@xpack-dev-tools/arm-none-eabi-gcc/12.3.1-1.2.1/.content/bin/../lib/gcc/arm-none-eabi/12.3.1/../../../../arm-none-eabi/lib/thumb/v7e-m+fp/hard/libc_nano.a(libc_a-init.o)
 .ARM.attributes
                0x00000557       0x34 /home/kalsifer/.config/Code/User/globalStorage/bmd.stm32-for-vscode/@xpack-dev-tools/arm-none-eabi-gcc/12.3.1-1.2.1/.content/bin/../lib/gcc/arm-none-eabi/12.3.1/../../../../arm-none-eabi/lib/thumb/v7e-m+fp/hard/libc_nano.a(libc_a-lock.o)
 .ARM.attributes
                0x0000058b       0x34 /home/kalsifer/.config/Code/User/globalStorage/bmd.stm32-for-vscode/@xpack-dev-tools/arm-none-eabi-gcc/12.3.1-1.2.1/.content/bin/../lib/gcc/arm-none-eabi/12.3.1/../../../../arm-none-eabi/lib/thumb/v7e-m+fp/hard/libc_nano.a(libc_a-freer.o)
 .ARM.attributes
                0x000005bf       0x34 /home/kalsifer/.config/Code/User/globalStorage/bmd.stm32-for-vscode/@xpack-dev-tools/arm-none-eabi-gcc/12.3.1-1.2.1/.content/bin/../lib/gcc/arm-none-eabi/12.3.1/../../../../arm-none-eabi/lib/thumb/v7e-m+fp/hard/libc_nano.a(libc_a-mallocr.o)
 .ARM.attributes
                0x000005f3       0x34 /home/kalsifer/.config/Code/User/globalStorage/bmd.stm32-for-vscode/@xpack-dev-tools/arm-none-eabi-gcc/12.3.1-1.2.1/.content/bin/../lib/gcc/arm-none-eabi/12.3.1/../../../../arm-none-eabi/lib/thumb/v7e-m+fp/hard/libc_nano.a(libc_a-mlock.o)
 .ARM.attributes
                0x00000627       0x34 /home/kalsifer/.config/Code/User/globalStorage/bmd.stm32-for-vscode/@xpack-dev-tools/arm-none-eabi-gcc/12.3.1-1.2.1/.content/bin/../lib/gcc/arm-none-eabi/12.3.1/../../../../arm-none-eabi/lib/thumb/v7e-m+fp/hard/libc_nano.a(libc_a-nano-svfprintf.o)
 .ARM.attributes
                0x0000065b       0x34 /home/kalsifer/.config/Code/User/globalStorage/bmd.stm32-for-vscode/@xpack-dev-tools/arm-none-eabi-gcc/12.3.1-1.2.1/.content/bin/../lib/gcc/arm-none-eabi/12.3.1/../../../../arm-none-eabi/lib/thumb/v7e-m+fp/hard/libc_nano.a(libc_a-nano-vfprintf_i.o)
 .ARM.attributes
                0x0000068f       0x34 /home/kalsifer/.config/Code/User/globalStorage/bmd.stm32-for-vscode/@xpack-dev-tools/arm-none-eabi-gcc/12.3.1-1.2.1/.content/bin/../lib/gcc/arm-none-eabi/12.3.1/../../../../arm-none-eabi/lib/thumb/v7e-m+fp/hard/libc_nano.a(libc_a-memmove.o)
 .ARM.attributes
                0x000006c3       0x34 /home/kalsifer/.config/Code/User/globalStorage/bmd.stm32-for-vscode/@xpack-dev-tools/arm-none-eabi-gcc/12.3.1-1.2.1/.content/bin/../lib/gcc/arm-none-eabi/12.3.1/../../../../arm-none-eabi/lib/thumb/v7e-m+fp/hard/libc_nano.a(libc_a-sbrkr.o)
 .ARM.attributes
                0x000006f7       0x1c /home/kalsifer/.config/Code/User/globalStorage/bmd.stm32-for-vscode/@xpack-dev-tools/arm-none-eabi-gcc/12.3.1-1.2.1/.content/bin/../lib/gcc/arm-none-eabi/12.3.1/../../../../arm-none-eabi/lib/thumb/v7e-m+fp/hard/libc_nano.a(libc_a-memchr.o)
 .ARM.attributes
                0x00000713       0x34 /home/kalsifer/.config/Code/User/globalStorage/bmd.stm32-for-vscode/@xpack-dev-tools/arm-none-eabi-gcc/12.3.1-1.2.1/.content/bin/../lib/gcc/arm-none-eabi/12.3.1/../../../../arm-none-eabi/lib/thumb/v7e-m+fp/hard/libc_nano.a(libc_a-memcpy-stub.o)
 .ARM.attributes
                0x00000747       0x34 /home/kalsifer/.config/Code/User/globalStorage/bmd.stm32-for-vscode/@xpack-dev-tools/arm-none-eabi-gcc/12.3.1-1.2.1/.content/bin/../lib/gcc/arm-none-eabi/12.3.1/../../../../arm-none-eabi/lib/thumb/v7e-m+fp/hard/libc_nano.a(libc_a-reallocr.o)
 .ARM.attributes
                0x0000077b       0x34 /home/kalsifer/.config/Code/User/globalStorage/bmd.stm32-for-vscode/@xpack-dev-tools/arm-none-eabi-gcc/12.3.1-1.2.1/.content/bin/../lib/gcc/arm-none-eabi/12.3.1/../../../../arm-none-eabi/lib/thumb/v7e-m+fp/hard/libc_nano.a(libc_a-msizer.o)
 .ARM.attributes
                0x000007af       0x22 /home/kalsifer/.config/Code/User/globalStorage/bmd.stm32-for-vscode/@xpack-dev-tools/arm-none-eabi-gcc/12.3.1-1.2.1/.content/bin/../lib/gcc/arm-none-eabi/12.3.1/thumb/v7e-m+fp/hard/libgcc.a(_aeabi_uldivmod.o)
 .ARM.attributes
                0x000007d1       0x34 /home/kalsifer/.config/Code/User/globalStorage/bmd.stm32-for-vscode/@xpack-dev-tools/arm-none-eabi-gcc/12.3.1-1.2.1/.content/bin/../lib/gcc/arm-none-eabi/12.3.1/thumb/v7e-m+fp/hard/libgcc.a(_udivmoddi4.o)
 .ARM.attributes
                0x00000805       0x22 /home/kalsifer/.config/Code/User/globalStorage/bmd.stm32-for-vscode/@xpack-dev-tools/arm-none-eabi-gcc/12.3.1-1.2.1/.content/bin/../lib/gcc/arm-none-eabi/12.3.1/thumb/v7e-m+fp/hard/libgcc.a(_dvmd_tls.o)
 .ARM.attributes
                0x00000827       0x22 /home/kalsifer/.config/Code/User/globalStorage/bmd.stm32-for-vscode/@xpack-dev-tools/arm-none-eabi-gcc/12.3.1-1.2.1/.content/bin/../lib/gcc/arm-none-eabi/12.3.1/thumb/v7e-m+fp/hard/crtn.o
OUTPUT(build/dpcu.elf elf32-littlearm)
LOAD linker stubs
LOAD /home/kalsifer/.config/Code/User/globalStorage/bmd.stm32-for-vscode/@xpack-dev-tools/arm-none-eabi-gcc/12.3.1-1.2.1/.content/bin/../lib/gcc/arm-none-eabi/12.3.1/../../../../arm-none-eabi/lib/thumb/v7e-m+fp/hard/libc.a
LOAD /home/kalsifer/.config/Code/User/globalStorage/bmd.stm32-for-vscode/@xpack-dev-tools/arm-none-eabi-gcc/12.3.1-1.2.1/.content/bin/../lib/gcc/arm-none-eabi/12.3.1/../../../../arm-none-eabi/lib/thumb/v7e-m+fp/hard/libm.a
LOAD /home/kalsifer/.config/Code/User/globalStorage/bmd.stm32-for-vscode/@xpack-dev-tools/arm-none-eabi-gcc/12.3.1-1.2.1/.content/bin/../lib/gcc/arm-none-eabi/12.3.1/thumb/v7e-m+fp/hard/libgcc.a

.comment        0x00000000       0x39
 .comment       0x00000000       0x39 /home/kalsifer/.config/Code/User/globalStorage/bmd.stm32-for-vscode/@xpack-dev-tools/arm-none-eabi-gcc/12.3.1-1.2.1/.content/bin/../lib/gcc/arm-none-eabi/12.3.1/thumb/v7e-m+fp/hard/crtbegin.o
                                 0x3a (size before relaxing)
 .comment       0x00000039       0x3a build/debug/Core/Src/gpio.o
 .comment       0x00000039       0x3a build/debug/Core/Src/main.o
 .comment       0x00000039       0x3a build/debug/Core/Src/spi.o
 .comment       0x00000039       0x3a build/debug/Core/Src/stm32g4xx_hal_msp.o
 .comment       0x00000039       0x3a build/debug/Core/Src/stm32g4xx_it.o
 .comment       0x00000039       0x3a build/debug/Core/Src/sysmem.o
 .comment       0x00000039       0x3a build/debug/Core/Src/system_stm32g4xx.o
 .comment       0x00000039       0x3a build/debug/Core/Src/usart.o
 .comment       0x00000039       0x3a build/debug/Drivers/STM32G4xx_HAL_Driver/Src/stm32g4xx_hal.o
 .comment       0x00000039       0x3a build/debug/Drivers/STM32G4xx_HAL_Driver/Src/stm32g4xx_hal_cortex.o
 .comment       0x00000039       0x3a build/debug/Drivers/STM32G4xx_HAL_Driver/Src/stm32g4xx_hal_gpio.o
 .comment       0x00000039       0x3a build/debug/Drivers/STM32G4xx_HAL_Driver/Src/stm32g4xx_hal_pwr_ex.o
 .comment       0x00000039       0x3a build/debug/Drivers/STM32G4xx_HAL_Driver/Src/stm32g4xx_hal_rcc.o
 .comment       0x00000039       0x3a build/debug/Drivers/STM32G4xx_HAL_Driver/Src/stm32g4xx_hal_rcc_ex.o
 .comment       0x00000039       0x3a build/debug/Drivers/STM32G4xx_HAL_Driver/Src/stm32g4xx_hal_spi.o
 .comment       0x00000039       0x3a build/debug/Drivers/STM32G4xx_HAL_Driver/Src/stm32g4xx_hal_uart.o
 .comment       0x00000039       0x3a build/debug/Drivers/STM32G4xx_HAL_Driver/Src/stm32g4xx_hal_uart_ex.o
 .comment       0x00000039       0x3a /home/kalsifer/.config/Code/User/globalStorage/bmd.stm32-for-vscode/@xpack-dev-tools/arm-none-eabi-gcc/12.3.1-1.2.1/.content/bin/../lib/gcc/arm-none-eabi/12.3.1/../../../../arm-none-eabi/lib/thumb/v7e-m+fp/hard/libc_nano.a(libc_a-findfp.o)
 .comment       0x00000039       0x3a /home/kalsifer/.config/Code/User/globalStorage/bmd.stm32-for-vscode/@xpack-dev-tools/arm-none-eabi-gcc/12.3.1-1.2.1/.content/bin/../lib/gcc/arm-none-eabi/12.3.1/../../../../arm-none-eabi/lib/thumb/v7e-m+fp/hard/libc_nano.a(libc_a-snprintf.o)
 .comment       0x00000039       0x3a /home/kalsifer/.config/Code/User/globalStorage/bmd.stm32-for-vscode/@xpack-dev-tools/arm-none-eabi-gcc/12.3.1-1.2.1/.content/bin/../lib/gcc/arm-none-eabi/12.3.1/../../../../arm-none-eabi/lib/thumb/v7e-m+fp/hard/libc_nano.a(libc_a-memset.o)
 .comment       0x00000039       0x3a /home/kalsifer/.config/Code/User/globalStorage/bmd.stm32-for-vscode/@xpack-dev-tools/arm-none-eabi-gcc/12.3.1-1.2.1/.content/bin/../lib/gcc/arm-none-eabi/12.3.1/../../../../arm-none-eabi/lib/thumb/v7e-m+fp/hard/libc_nano.a(libc_a-reent.o)
 .comment       0x00000039       0x3a /home/kalsifer/.config/Code/User/globalStorage/bmd.stm32-for-vscode/@xpack-dev-tools/arm-none-eabi-gcc/12.3.1-1.2.1/.content/bin/../lib/gcc/arm-none-eabi/12.3.1/../../../../arm-none-eabi/lib/thumb/v7e-m+fp/hard/libc_nano.a(libc_a-impure.o)
 .comment       0x00000039       0x3a /home/kalsifer/.config/Code/User/globalStorage/bmd.stm32-for-vscode/@xpack-dev-tools/arm-none-eabi-gcc/12.3.1-1.2.1/.content/bin/../lib/gcc/arm-none-eabi/12.3.1/../../../../arm-none-eabi/lib/thumb/v7e-m+fp/hard/libc_nano.a(libc_a-errno.o)
 .comment       0x00000039       0x3a /home/kalsifer/.config/Code/User/globalStorage/bmd.stm32-for-vscode/@xpack-dev-tools/arm-none-eabi-gcc/12.3.1-1.2.1/.content/bin/../lib/gcc/arm-none-eabi/12.3.1/../../../../arm-none-eabi/lib/thumb/v7e-m+fp/hard/libc_nano.a(libc_a-init.o)
 .comment       0x00000039       0x3a /home/kalsifer/.config/Code/User/globalStorage/bmd.stm32-for-vscode/@xpack-dev-tools/arm-none-eabi-gcc/12.3.1-1.2.1/.content/bin/../lib/gcc/arm-none-eabi/12.3.1/../../../../arm-none-eabi/lib/thumb/v7e-m+fp/hard/libc_nano.a(libc_a-lock.o)
 .comment       0x00000039       0x3a /home/kalsifer/.config/Code/User/globalStorage/bmd.stm32-for-vscode/@xpack-dev-tools/arm-none-eabi-gcc/12.3.1-1.2.1/.content/bin/../lib/gcc/arm-none-eabi/12.3.1/../../../../arm-none-eabi/lib/thumb/v7e-m+fp/hard/libc_nano.a(libc_a-freer.o)
 .comment       0x00000039       0x3a /home/kalsifer/.config/Code/User/globalStorage/bmd.stm32-for-vscode/@xpack-dev-tools/arm-none-eabi-gcc/12.3.1-1.2.1/.content/bin/../lib/gcc/arm-none-eabi/12.3.1/../../../../arm-none-eabi/lib/thumb/v7e-m+fp/hard/libc_nano.a(libc_a-mallocr.o)
 .comment       0x00000039       0x3a /home/kalsifer/.config/Code/User/globalStorage/bmd.stm32-for-vscode/@xpack-dev-tools/arm-none-eabi-gcc/12.3.1-1.2.1/.content/bin/../lib/gcc/arm-none-eabi/12.3.1/../../../../arm-none-eabi/lib/thumb/v7e-m+fp/hard/libc_nano.a(libc_a-mlock.o)
 .comment       0x00000039       0x3a /home/kalsifer/.config/Code/User/globalStorage/bmd.stm32-for-vscode/@xpack-dev-tools/arm-none-eabi-gcc/12.3.1-1.2.1/.content/bin/../lib/gcc/arm-none-eabi/12.3.1/../../../../arm-none-eabi/lib/thumb/v7e-m+fp/hard/libc_nano.a(libc_a-nano-svfprintf.o)
 .comment       0x00000039       0x3a /home/kalsifer/.config/Code/User/globalStorage/bmd.stm32-for-vscode/@xpack-dev-tools/arm-none-eabi-gcc/12.3.1-1.2.1/.content/bin/../lib/gcc/arm-none-eabi/12.3.1/../../../../arm-none-eabi/lib/thumb/v7e-m+fp/hard/libc_nano.a(libc_a-nano-vfprintf_i.o)
 .comment       0x00000039       0x3a /home/kalsifer/.config/Code/User/globalStorage/bmd.stm32-for-vscode/@xpack-dev-tools/arm-none-eabi-gcc/12.3.1-1.2.1/.content/bin/../lib/gcc/arm-none-eabi/12.3.1/../../../../arm-none-eabi/lib/thumb/v7e-m+fp/hard/libc_nano.a(libc_a-memmove.o)
 .comment       0x00000039       0x3a /home/kalsifer/.config/Code/User/globalStorage/bmd.stm32-for-vscode/@xpack-dev-tools/arm-none-eabi-gcc/12.3.1-1.2.1/.content/bin/../lib/gcc/arm-none-eabi/12.3.1/../../../../arm-none-eabi/lib/thumb/v7e-m+fp/hard/libc_nano.a(libc_a-sbrkr.o)
 .comment       0x00000039       0x3a /home/kalsifer/.config/Code/User/globalStorage/bmd.stm32-for-vscode/@xpack-dev-tools/arm-none-eabi-gcc/12.3.1-1.2.1/.content/bin/../lib/gcc/arm-none-eabi/12.3.1/../../../../arm-none-eabi/lib/thumb/v7e-m+fp/hard/libc_nano.a(libc_a-memcpy-stub.o)
 .comment       0x00000039       0x3a /home/kalsifer/.config/Code/User/globalStorage/bmd.stm32-for-vscode/@xpack-dev-tools/arm-none-eabi-gcc/12.3.1-1.2.1/.content/bin/../lib/gcc/arm-none-eabi/12.3.1/../../../../arm-none-eabi/lib/thumb/v7e-m+fp/hard/libc_nano.a(libc_a-reallocr.o)
 .comment       0x00000039       0x3a /home/kalsifer/.config/Code/User/globalStorage/bmd.stm32-for-vscode/@xpack-dev-tools/arm-none-eabi-gcc/12.3.1-1.2.1/.content/bin/../lib/gcc/arm-none-eabi/12.3.1/../../../../arm-none-eabi/lib/thumb/v7e-m+fp/hard/libc_nano.a(libc_a-msizer.o)
 .comment       0x00000039       0x3a /home/kalsifer/.config/Code/User/globalStorage/bmd.stm32-for-vscode/@xpack-dev-tools/arm-none-eabi-gcc/12.3.1-1.2.1/.content/bin/../lib/gcc/arm-none-eabi/12.3.1/thumb/v7e-m+fp/hard/libgcc.a(_udivmoddi4.o)

.debug_info     0x00000000    0x11bbd
 .debug_info    0x00000000      0x76b build/debug/Core/Src/gpio.o
 .debug_info    0x0000076b      0xf2b build/debug/Core/Src/main.o
 .debug_info    0x00001696      0xb45 build/debug/Core/Src/spi.o
 .debug_info    0x000021db      0x2e3 build/debug/Core/Src/stm32g4xx_hal_msp.o
 .debug_info    0x000024be      0x16c build/debug/Core/Src/stm32g4xx_it.o
 .debug_info    0x0000262a      0x171 build/debug/Core/Src/sysmem.o
 .debug_info    0x0000279b      0x5a3 build/debug/Core/Src/system_stm32g4xx.o
 .debug_info    0x00002d3e      0xeb3 build/debug/Core/Src/usart.o
 .debug_info    0x00003bf1      0xc4e build/debug/Drivers/STM32G4xx_HAL_Driver/Src/stm32g4xx_hal.o
 .debug_info    0x0000483f      0xfde build/debug/Drivers/STM32G4xx_HAL_Driver/Src/stm32g4xx_hal_cortex.o
 .debug_info    0x0000581d      0x795 build/debug/Drivers/STM32G4xx_HAL_Driver/Src/stm32g4xx_hal_gpio.o
 .debug_info    0x00005fb2      0x9bd build/debug/Drivers/STM32G4xx_HAL_Driver/Src/stm32g4xx_hal_pwr_ex.o
 .debug_info    0x0000696f      0xe39 build/debug/Drivers/STM32G4xx_HAL_Driver/Src/stm32g4xx_hal_rcc.o
 .debug_info    0x000077a8      0xe5a build/debug/Drivers/STM32G4xx_HAL_Driver/Src/stm32g4xx_hal_rcc_ex.o
 .debug_info    0x00008602     0x218c build/debug/Drivers/STM32G4xx_HAL_Driver/Src/stm32g4xx_hal_spi.o
 .debug_info    0x0000a78e     0x61bc build/debug/Drivers/STM32G4xx_HAL_Driver/Src/stm32g4xx_hal_uart.o
 .debug_info    0x0001094a     0x1243 build/debug/Drivers/STM32G4xx_HAL_Driver/Src/stm32g4xx_hal_uart_ex.o
 .debug_info    0x00011b8d       0x30 build/debug/startup_stm32g474xx.o

.debug_abbrev   0x00000000     0x2424
 .debug_abbrev  0x00000000      0x16b build/debug/Core/Src/gpio.o
 .debug_abbrev  0x0000016b      0x258 build/debug/Core/Src/main.o
 .debug_abbrev  0x000003c3      0x20d build/debug/Core/Src/spi.o
 .debug_abbrev  0x000005d0       0xd7 build/debug/Core/Src/stm32g4xx_hal_msp.o
 .debug_abbrev  0x000006a7       0xbb build/debug/Core/Src/stm32g4xx_it.o
 .debug_abbrev  0x00000762       0xea build/debug/Core/Src/sysmem.o
 .debug_abbrev  0x0000084c      0x11e build/debug/Core/Src/system_stm32g4xx.o
 .debug_abbrev  0x0000096a      0x223 build/debug/Core/Src/usart.o
 .debug_abbrev  0x00000b8d      0x27d build/debug/Drivers/STM32G4xx_HAL_Driver/Src/stm32g4xx_hal.o
 .debug_abbrev  0x00000e0a      0x390 build/debug/Drivers/STM32G4xx_HAL_Driver/Src/stm32g4xx_hal_cortex.o
 .debug_abbrev  0x0000119a      0x1f9 build/debug/Drivers/STM32G4xx_HAL_Driver/Src/stm32g4xx_hal_gpio.o
 .debug_abbrev  0x00001393      0x249 build/debug/Drivers/STM32G4xx_HAL_Driver/Src/stm32g4xx_hal_pwr_ex.o
 .debug_abbrev  0x000015dc      0x2ab build/debug/Drivers/STM32G4xx_HAL_Driver/Src/stm32g4xx_hal_rcc.o
 .debug_abbrev  0x00001887      0x27f build/debug/Drivers/STM32G4xx_HAL_Driver/Src/stm32g4xx_hal_rcc_ex.o
 .debug_abbrev  0x00001b06      0x289 build/debug/Drivers/STM32G4xx_HAL_Driver/Src/stm32g4xx_hal_spi.o
 .debug_abbrev  0x00001d8f      0x32e build/debug/Drivers/STM32G4xx_HAL_Driver/Src/stm32g4xx_hal_uart.o
 .debug_abbrev  0x000020bd      0x343 build/debug/Drivers/STM32G4xx_HAL_Driver/Src/stm32g4xx_hal_uart_ex.o
 .debug_abbrev  0x00002400       0x24 build/debug/startup_stm32g474xx.o

.debug_aranges  0x00000000      0xb78
 .debug_aranges
                0x00000000       0x20 build/debug/Core/Src/gpio.o
 .debug_aranges
                0x00000020       0x30 build/debug/Core/Src/main.o
 .debug_aranges
                0x00000050       0x30 build/debug/Core/Src/spi.o
 .debug_aranges
                0x00000080       0x20 build/debug/Core/Src/stm32g4xx_hal_msp.o
 .debug_aranges
                0x000000a0       0x68 build/debug/Core/Src/stm32g4xx_it.o
 .debug_aranges
                0x00000108       0x20 build/debug/Core/Src/sysmem.o
 .debug_aranges
                0x00000128       0x28 build/debug/Core/Src/system_stm32g4xx.o
 .debug_aranges
                0x00000150       0x30 build/debug/Core/Src/usart.o
 .debug_aranges
                0x00000180      0x148 build/debug/Drivers/STM32G4xx_HAL_Driver/Src/stm32g4xx_hal.o
 .debug_aranges
                0x000002c8       0xe0 build/debug/Drivers/STM32G4xx_HAL_Driver/Src/stm32g4xx_hal_cortex.o
 .debug_aranges
                0x000003a8       0x58 build/debug/Drivers/STM32G4xx_HAL_Driver/Src/stm32g4xx_hal_gpio.o
 .debug_aranges
                0x00000400      0x140 build/debug/Drivers/STM32G4xx_HAL_Driver/Src/stm32g4xx_hal_pwr_ex.o
 .debug_aranges
                0x00000540       0x98 build/debug/Drivers/STM32G4xx_HAL_Driver/Src/stm32g4xx_hal_rcc.o
 .debug_aranges
                0x000005d8       0xb0 build/debug/Drivers/STM32G4xx_HAL_Driver/Src/stm32g4xx_hal_rcc_ex.o
 .debug_aranges
                0x00000688      0x1d8 build/debug/Drivers/STM32G4xx_HAL_Driver/Src/stm32g4xx_hal_spi.o
 .debug_aranges
                0x00000860      0x248 build/debug/Drivers/STM32G4xx_HAL_Driver/Src/stm32g4xx_hal_uart.o
 .debug_aranges
                0x00000aa8       0xa8 build/debug/Drivers/STM32G4xx_HAL_Driver/Src/stm32g4xx_hal_uart_ex.o
 .debug_aranges
                0x00000b50       0x28 build/debug/startup_stm32g474xx.o

.debug_rnglists
                0x00000000      0x8b0
 .debug_rnglists
                0x00000000       0x14 build/debug/Core/Src/gpio.o
 .debug_rnglists
                0x00000014       0x20 build/debug/Core/Src/main.o
 .debug_rnglists
                0x00000034       0x1f build/debug/Core/Src/spi.o
 .debug_rnglists
                0x00000053       0x13 build/debug/Core/Src/stm32g4xx_hal_msp.o
 .debug_rnglists
                0x00000066       0x49 build/debug/Core/Src/stm32g4xx_it.o
 .debug_rnglists
                0x000000af       0x13 build/debug/Core/Src/sysmem.o
 .debug_rnglists
                0x000000c2       0x1a build/debug/Core/Src/system_stm32g4xx.o
 .debug_rnglists
                0x000000dc       0x20 build/debug/Core/Src/usart.o
 .debug_rnglists
                0x000000fc       0xf1 build/debug/Drivers/STM32G4xx_HAL_Driver/Src/stm32g4xx_hal.o
 .debug_rnglists
                0x000001ed       0xa3 build/debug/Drivers/STM32G4xx_HAL_Driver/Src/stm32g4xx_hal_cortex.o
 .debug_rnglists
                0x00000290       0x3f build/debug/Drivers/STM32G4xx_HAL_Driver/Src/stm32g4xx_hal_gpio.o
 .debug_rnglists
                0x000002cf       0xf1 build/debug/Drivers/STM32G4xx_HAL_Driver/Src/stm32g4xx_hal_pwr_ex.o
 .debug_rnglists
                0x000003c0       0x81 build/debug/Drivers/STM32G4xx_HAL_Driver/Src/stm32g4xx_hal_rcc.o
 .debug_rnglists
                0x00000441       0x92 build/debug/Drivers/STM32G4xx_HAL_Driver/Src/stm32g4xx_hal_rcc_ex.o
 .debug_rnglists
                0x000004d3      0x171 build/debug/Drivers/STM32G4xx_HAL_Driver/Src/stm32g4xx_hal_spi.o
 .debug_rnglists
                0x00000644      0x1cb build/debug/Drivers/STM32G4xx_HAL_Driver/Src/stm32g4xx_hal_uart.o
 .debug_rnglists
                0x0000080f       0x88 build/debug/Drivers/STM32G4xx_HAL_Driver/Src/stm32g4xx_hal_uart_ex.o
 .debug_rnglists
                0x00000897       0x19 build/debug/startup_stm32g474xx.o

.debug_line     0x00000000     0xf9be
 .debug_line    0x00000000      0x25c build/debug/Core/Src/gpio.o
 .debug_line    0x0000025c      0x565 build/debug/Core/Src/main.o
 .debug_line    0x000007c1      0x37e build/debug/Core/Src/spi.o
 .debug_line    0x00000b3f      0x22a build/debug/Core/Src/stm32g4xx_hal_msp.o
 .debug_line    0x00000d69      0x2fd build/debug/Core/Src/stm32g4xx_it.o
 .debug_line    0x00001066      0x2a0 build/debug/Core/Src/sysmem.o
 .debug_line    0x00001306      0x2d4 build/debug/Core/Src/system_stm32g4xx.o
 .debug_line    0x000015da      0x3fa build/debug/Core/Src/usart.o
 .debug_line    0x000019d4      0x75d build/debug/Drivers/STM32G4xx_HAL_Driver/Src/stm32g4xx_hal.o
 .debug_line    0x00002131      0x897 build/debug/Drivers/STM32G4xx_HAL_Driver/Src/stm32g4xx_hal_cortex.o
 .debug_line    0x000029c8      0x72a build/debug/Drivers/STM32G4xx_HAL_Driver/Src/stm32g4xx_hal_gpio.o
 .debug_line    0x000030f2      0xad5 build/debug/Drivers/STM32G4xx_HAL_Driver/Src/stm32g4xx_hal_pwr_ex.o
 .debug_line    0x00003bc7      0xe75 build/debug/Drivers/STM32G4xx_HAL_Driver/Src/stm32g4xx_hal_rcc.o
 .debug_line    0x00004a3c     0x12db build/debug/Drivers/STM32G4xx_HAL_Driver/Src/stm32g4xx_hal_rcc_ex.o
 .debug_line    0x00005d17     0x2a6a build/debug/Drivers/STM32G4xx_HAL_Driver/Src/stm32g4xx_hal_spi.o
 .debug_line    0x00008781     0x64a4 build/debug/Drivers/STM32G4xx_HAL_Driver/Src/stm32g4xx_hal_uart.o
 .debug_line    0x0000ec25      0xd22 build/debug/Drivers/STM32G4xx_HAL_Driver/Src/stm32g4xx_hal_uart_ex.o
 .debug_line    0x0000f947       0x77 build/debug/startup_stm32g474xx.o

.debug_str      0x00000000     0x3cd1
 .debug_str     0x00000000      0x979 build/debug/Core/Src/gpio.o
                                0x9c9 (size before relaxing)
 .debug_str     0x00000979      0x8de build/debug/Core/Src/main.o
                                0xb1a (size before relaxing)
 .debug_str     0x00001257       0x58 build/debug/Core/Src/spi.o
                                0x8e1 (size before relaxing)
 .debug_str     0x000012af       0x4a build/debug/Core/Src/stm32g4xx_hal_msp.o
                                0x30d (size before relaxing)
 .debug_str     0x000012f9       0xe2 build/debug/Core/Src/stm32g4xx_it.o
                                0x24c (size before relaxing)
 .debug_str     0x000013db       0x7a build/debug/Core/Src/sysmem.o
                                0x200 (size before relaxing)
 .debug_str     0x00001455       0xd8 build/debug/Core/Src/system_stm32g4xx.o
                                0x3a6 (size before relaxing)
 .debug_str     0x0000152d      0x284 build/debug/Core/Src/usart.o
                                0xbb4 (size before relaxing)
 .debug_str     0x000017b1      0x478 build/debug/Drivers/STM32G4xx_HAL_Driver/Src/stm32g4xx_hal.o
                                0xe1e (size before relaxing)
 .debug_str     0x00001c29      0x42e build/debug/Drivers/STM32G4xx_HAL_Driver/Src/stm32g4xx_hal_cortex.o
                                0xd3c (size before relaxing)
 .debug_str     0x00002057      0x131 build/debug/Drivers/STM32G4xx_HAL_Driver/Src/stm32g4xx_hal_gpio.o
                                0x51f (size before relaxing)
 .debug_str     0x00002188      0x4e8 build/debug/Drivers/STM32G4xx_HAL_Driver/Src/stm32g4xx_hal_pwr_ex.o
                                0x7c1 (size before relaxing)
 .debug_str     0x00002670      0x286 build/debug/Drivers/STM32G4xx_HAL_Driver/Src/stm32g4xx_hal_rcc.o
                                0x834 (size before relaxing)
 .debug_str     0x000028f6      0x372 build/debug/Drivers/STM32G4xx_HAL_Driver/Src/stm32g4xx_hal_rcc_ex.o
                                0xa44 (size before relaxing)
 .debug_str     0x00002c68      0x584 build/debug/Drivers/STM32G4xx_HAL_Driver/Src/stm32g4xx_hal_spi.o
                                0xcc5 (size before relaxing)
 .debug_str     0x000031ec      0x86d build/debug/Drivers/STM32G4xx_HAL_Driver/Src/stm32g4xx_hal_uart.o
                               0x1209 (size before relaxing)
 .debug_str     0x00003a59      0x246 build/debug/Drivers/STM32G4xx_HAL_Driver/Src/stm32g4xx_hal_uart_ex.o
                                0xb3d (size before relaxing)
 .debug_str     0x00003c9f       0x32 build/debug/startup_stm32g474xx.o
                                 0x59 (size before relaxing)

.debug_frame    0x00000000     0x1bd0
 .debug_frame   0x00000000       0x30 build/debug/Core/Src/gpio.o
 .debug_frame   0x00000030       0x58 build/debug/Core/Src/main.o
 .debug_frame   0x00000088       0x60 build/debug/Core/Src/spi.o
 .debug_frame   0x000000e8       0x2c build/debug/Core/Src/stm32g4xx_hal_msp.o
 .debug_frame   0x00000114       0xc0 build/debug/Core/Src/stm32g4xx_it.o
 .debug_frame   0x000001d4       0x28 build/debug/Core/Src/sysmem.o
 .debug_frame   0x000001fc       0x30 build/debug/Core/Src/system_stm32g4xx.o
 .debug_frame   0x0000022c       0x60 build/debug/Core/Src/usart.o
 .debug_frame   0x0000028c      0x2a4 build/debug/Drivers/STM32G4xx_HAL_Driver/Src/stm32g4xx_hal.o
 .debug_frame   0x00000530      0x1e4 build/debug/Drivers/STM32G4xx_HAL_Driver/Src/stm32g4xx_hal_cortex.o
 .debug_frame   0x00000714       0xd0 build/debug/Drivers/STM32G4xx_HAL_Driver/Src/stm32g4xx_hal_gpio.o
 .debug_frame   0x000007e4      0x268 build/debug/Drivers/STM32G4xx_HAL_Driver/Src/stm32g4xx_hal_pwr_ex.o
 .debug_frame   0x00000a4c      0x198 build/debug/Drivers/STM32G4xx_HAL_Driver/Src/stm32g4xx_hal_rcc.o
 .debug_frame   0x00000be4      0x1a0 build/debug/Drivers/STM32G4xx_HAL_Driver/Src/stm32g4xx_hal_rcc_ex.o
 .debug_frame   0x00000d84      0x5f8 build/debug/Drivers/STM32G4xx_HAL_Driver/Src/stm32g4xx_hal_spi.o
 .debug_frame   0x0000137c      0x67c build/debug/Drivers/STM32G4xx_HAL_Driver/Src/stm32g4xx_hal_uart.o
 .debug_frame   0x000019f8      0x1d8 build/debug/Drivers/STM32G4xx_HAL_Driver/Src/stm32g4xx_hal_uart_ex.o

.debug_loclists
                0x00000000     0x7614
 .debug_loclists
                0x00000000       0x5c build/debug/Core/Src/spi.o
 .debug_loclists
                0x0000005c       0x46 build/debug/Core/Src/sysmem.o
 .debug_loclists
                0x000000a2       0x65 build/debug/Core/Src/system_stm32g4xx.o
 .debug_loclists
                0x00000107       0x49 build/debug/Core/Src/usart.o
 .debug_loclists
                0x00000150      0x12f build/debug/Drivers/STM32G4xx_HAL_Driver/Src/stm32g4xx_hal.o
 .debug_loclists
                0x0000027f      0x431 build/debug/Drivers/STM32G4xx_HAL_Driver/Src/stm32g4xx_hal_cortex.o
 .debug_loclists
                0x000006b0      0x267 build/debug/Drivers/STM32G4xx_HAL_Driver/Src/stm32g4xx_hal_gpio.o
 .debug_loclists
                0x00000917      0x59a build/debug/Drivers/STM32G4xx_HAL_Driver/Src/stm32g4xx_hal_pwr_ex.o
 .debug_loclists
                0x00000eb1      0x568 build/debug/Drivers/STM32G4xx_HAL_Driver/Src/stm32g4xx_hal_rcc.o
 .debug_loclists
                0x00001419      0xf45 build/debug/Drivers/STM32G4xx_HAL_Driver/Src/stm32g4xx_hal_rcc_ex.o
 .debug_loclists
                0x0000235e     0x167d build/debug/Drivers/STM32G4xx_HAL_Driver/Src/stm32g4xx_hal_spi.o
 .debug_loclists
                0x000039db     0x34e3 build/debug/Drivers/STM32G4xx_HAL_Driver/Src/stm32g4xx_hal_uart.o
 .debug_loclists
                0x00006ebe      0x756 build/debug/Drivers/STM32G4xx_HAL_Driver/Src/stm32g4xx_hal_uart_ex.o

.debug_line_str
                0x00000000       0x3d
 .debug_line_str
                0x00000000       0x3d build/debug/startup_stm32g474xx.o

Cross Reference Table

Symbol                                            File
ADC1_2_IRQHandler                                 build/debug/startup_stm32g474xx.o
ADC3_IRQHandler                                   build/debug/startup_stm32g474xx.o
ADC4_IRQHandler                                   build/debug/startup_stm32g474xx.o
ADC5_IRQHandler                                   build/debug/startup_stm32g474xx.o
AHBPrescTable                                     build/debug/Core/Src/system_stm32g4xx.o
                                                  build/debug/Drivers/STM32G4xx_HAL_Driver/Src/stm32g4xx_hal_rcc.o
APBPrescTable                                     build/debug/Core/Src/system_stm32g4xx.o
                                                  build/debug/Drivers/STM32G4xx_HAL_Driver/Src/stm32g4xx_hal_rcc.o
BusFault_Handler                                  build/debug/Core/Src/stm32g4xx_it.o
COMP1_2_3_IRQHandler                              build/debug/startup_stm32g474xx.o
COMP4_5_6_IRQHandler                              build/debug/startup_stm32g474xx.o
COMP7_IRQHandler                                  build/debug/startup_stm32g474xx.o
CORDIC_IRQHandler                                 build/debug/startup_stm32g474xx.o
CRS_IRQHandler                                    build/debug/startup_stm32g474xx.o
DMA1_Channel1_IRQHandler                          build/debug/startup_stm32g474xx.o
DMA1_Channel2_IRQHandler                          build/debug/startup_stm32g474xx.o
DMA1_Channel3_IRQHandler                          build/debug/startup_stm32g474xx.o
DMA1_Channel4_IRQHandler                          build/debug/startup_stm32g474xx.o
DMA1_Channel5_IRQHandler                          build/debug/startup_stm32g474xx.o
DMA1_Channel6_IRQHandler                          build/debug/startup_stm32g474xx.o
DMA1_Channel7_IRQHandler                          build/debug/startup_stm32g474xx.o
DMA1_Channel8_IRQHandler                          build/debug/startup_stm32g474xx.o
DMA2_Channel1_IRQHandler                          build/debug/startup_stm32g474xx.o
DMA2_Channel2_IRQHandler                          build/debug/startup_stm32g474xx.o
DMA2_Channel3_IRQHandler                          build/debug/startup_stm32g474xx.o
DMA2_Channel4_IRQHandler                          build/debug/startup_stm32g474xx.o
DMA2_Channel5_IRQHandler                          build/debug/startup_stm32g474xx.o
DMA2_Channel6_IRQHandler                          build/debug/startup_stm32g474xx.o
DMA2_Channel7_IRQHandler                          build/debug/startup_stm32g474xx.o
DMA2_Channel8_IRQHandler                          build/debug/startup_stm32g474xx.o
DMAMUX_OVR_IRQHandler                             build/debug/startup_stm32g474xx.o
DebugMon_Handler                                  build/debug/Core/Src/stm32g4xx_it.o
Default_Handler                                   build/debug/startup_stm32g474xx.o
EXTI0_IRQHandler                                  build/debug/startup_stm32g474xx.o
EXTI15_10_IRQHandler                              build/debug/Core/Src/stm32g4xx_it.o
EXTI1_IRQHandler                                  build/debug/startup_stm32g474xx.o
EXTI2_IRQHandler                                  build/debug/startup_stm32g474xx.o
EXTI3_IRQHandler                                  build/debug/startup_stm32g474xx.o
EXTI4_IRQHandler                                  build/debug/startup_stm32g474xx.o
EXTI9_5_IRQHandler                                build/debug/startup_stm32g474xx.o
Error_Handler                                     build/debug/Core/Src/main.o
                                                  build/debug/Core/Src/usart.o
                                                  build/debug/Core/Src/spi.o
FDCAN1_IT0_IRQHandler                             build/debug/startup_stm32g474xx.o
FDCAN1_IT1_IRQHandler                             build/debug/startup_stm32g474xx.o
FDCAN2_IT0_IRQHandler                             build/debug/startup_stm32g474xx.o
FDCAN2_IT1_IRQHandler                             build/debug/startup_stm32g474xx.o
FDCAN3_IT0_IRQHandler                             build/debug/startup_stm32g474xx.o
FDCAN3_IT1_IRQHandler                             build/debug/startup_stm32g474xx.o
FLASH_FlushCaches                                 build/debug/Drivers/STM32G4xx_HAL_Driver/Src/stm32g4xx_hal_flash_ex.o
                                                  build/debug/Drivers/STM32G4xx_HAL_Driver/Src/stm32g4xx_hal_flash.o
FLASH_IRQHandler                                  build/debug/startup_stm32g474xx.o
FLASH_PageErase                                   build/debug/Drivers/STM32G4xx_HAL_Driver/Src/stm32g4xx_hal_flash_ex.o
                                                  build/debug/Drivers/STM32G4xx_HAL_Driver/Src/stm32g4xx_hal_flash.o
FLASH_WaitForLastOperation                        build/debug/Drivers/STM32G4xx_HAL_Driver/Src/stm32g4xx_hal_flash.o
                                                  build/debug/Drivers/STM32G4xx_HAL_Driver/Src/stm32g4xx_hal_flash_ex.o
FMAC_IRQHandler                                   build/debug/startup_stm32g474xx.o
FMC_IRQHandler                                    build/debug/startup_stm32g474xx.o
FPU_IRQHandler                                    build/debug/startup_stm32g474xx.o
HAL_DBGMCU_DisableDBGSleepMode                    build/debug/Drivers/STM32G4xx_HAL_Driver/Src/stm32g4xx_hal.o
HAL_DBGMCU_DisableDBGStandbyMode                  build/debug/Drivers/STM32G4xx_HAL_Driver/Src/stm32g4xx_hal.o
HAL_DBGMCU_DisableDBGStopMode                     build/debug/Drivers/STM32G4xx_HAL_Driver/Src/stm32g4xx_hal.o
HAL_DBGMCU_EnableDBGSleepMode                     build/debug/Drivers/STM32G4xx_HAL_Driver/Src/stm32g4xx_hal.o
HAL_DBGMCU_EnableDBGStandbyMode                   build/debug/Drivers/STM32G4xx_HAL_Driver/Src/stm32g4xx_hal.o
HAL_DBGMCU_EnableDBGStopMode                      build/debug/Drivers/STM32G4xx_HAL_Driver/Src/stm32g4xx_hal.o
HAL_DMAEx_ConfigMuxRequestGenerator               build/debug/Drivers/STM32G4xx_HAL_Driver/Src/stm32g4xx_hal_dma_ex.o
HAL_DMAEx_ConfigMuxSync                           build/debug/Drivers/STM32G4xx_HAL_Driver/Src/stm32g4xx_hal_dma_ex.o
HAL_DMAEx_DisableMuxRequestGenerator              build/debug/Drivers/STM32G4xx_HAL_Driver/Src/stm32g4xx_hal_dma_ex.o
HAL_DMAEx_EnableMuxRequestGenerator               build/debug/Drivers/STM32G4xx_HAL_Driver/Src/stm32g4xx_hal_dma_ex.o
HAL_DMAEx_MUX_IRQHandler                          build/debug/Drivers/STM32G4xx_HAL_Driver/Src/stm32g4xx_hal_dma_ex.o
HAL_DMA_Abort                                     build/debug/Drivers/STM32G4xx_HAL_Driver/Src/stm32g4xx_hal_dma.o
                                                  build/debug/Drivers/STM32G4xx_HAL_Driver/Src/stm32g4xx_hal_uart.o
                                                  build/debug/Drivers/STM32G4xx_HAL_Driver/Src/stm32g4xx_hal_spi.o
HAL_DMA_Abort_IT                                  build/debug/Drivers/STM32G4xx_HAL_Driver/Src/stm32g4xx_hal_dma.o
                                                  build/debug/Drivers/STM32G4xx_HAL_Driver/Src/stm32g4xx_hal_uart.o
                                                  build/debug/Drivers/STM32G4xx_HAL_Driver/Src/stm32g4xx_hal_spi.o
HAL_DMA_DeInit                                    build/debug/Drivers/STM32G4xx_HAL_Driver/Src/stm32g4xx_hal_dma.o
HAL_DMA_GetError                                  build/debug/Drivers/STM32G4xx_HAL_Driver/Src/stm32g4xx_hal_dma.o
                                                  build/debug/Drivers/STM32G4xx_HAL_Driver/Src/stm32g4xx_hal_uart.o
HAL_DMA_GetState                                  build/debug/Drivers/STM32G4xx_HAL_Driver/Src/stm32g4xx_hal_dma.o
HAL_DMA_IRQHandler                                build/debug/Drivers/STM32G4xx_HAL_Driver/Src/stm32g4xx_hal_dma.o
HAL_DMA_Init                                      build/debug/Drivers/STM32G4xx_HAL_Driver/Src/stm32g4xx_hal_dma.o
HAL_DMA_PollForTransfer                           build/debug/Drivers/STM32G4xx_HAL_Driver/Src/stm32g4xx_hal_dma.o
HAL_DMA_RegisterCallback                          build/debug/Drivers/STM32G4xx_HAL_Driver/Src/stm32g4xx_hal_dma.o
HAL_DMA_Start                                     build/debug/Drivers/STM32G4xx_HAL_Driver/Src/stm32g4xx_hal_dma.o
HAL_DMA_Start_IT                                  build/debug/Drivers/STM32G4xx_HAL_Driver/Src/stm32g4xx_hal_dma.o
                                                  build/debug/Drivers/STM32G4xx_HAL_Driver/Src/stm32g4xx_hal_uart.o
                                                  build/debug/Drivers/STM32G4xx_HAL_Driver/Src/stm32g4xx_hal_spi.o
HAL_DMA_UnRegisterCallback                        build/debug/Drivers/STM32G4xx_HAL_Driver/Src/stm32g4xx_hal_dma.o
HAL_DeInit                                        build/debug/Drivers/STM32G4xx_HAL_Driver/Src/stm32g4xx_hal.o
HAL_Delay                                         build/debug/Drivers/STM32G4xx_HAL_Driver/Src/stm32g4xx_hal.o
                                                  build/debug/Core/Src/main.o
HAL_EXTI_ClearConfigLine                          build/debug/Drivers/STM32G4xx_HAL_Driver/Src/stm32g4xx_hal_exti.o
HAL_EXTI_ClearPending                             build/debug/Drivers/STM32G4xx_HAL_Driver/Src/stm32g4xx_hal_exti.o
HAL_EXTI_GenerateSWI                              build/debug/Drivers/STM32G4xx_HAL_Driver/Src/stm32g4xx_hal_exti.o
HAL_EXTI_GetConfigLine                            build/debug/Drivers/STM32G4xx_HAL_Driver/Src/stm32g4xx_hal_exti.o
HAL_EXTI_GetHandle                                build/debug/Drivers/STM32G4xx_HAL_Driver/Src/stm32g4xx_hal_exti.o
HAL_EXTI_GetPending                               build/debug/Drivers/STM32G4xx_HAL_Driver/Src/stm32g4xx_hal_exti.o
HAL_EXTI_IRQHandler                               build/debug/Drivers/STM32G4xx_HAL_Driver/Src/stm32g4xx_hal_exti.o
HAL_EXTI_RegisterCallback                         build/debug/Drivers/STM32G4xx_HAL_Driver/Src/stm32g4xx_hal_exti.o
HAL_EXTI_SetConfigLine                            build/debug/Drivers/STM32G4xx_HAL_Driver/Src/stm32g4xx_hal_exti.o
HAL_FLASHEx_DisableDebugger                       build/debug/Drivers/STM32G4xx_HAL_Driver/Src/stm32g4xx_hal_flash_ex.o
HAL_FLASHEx_DisableRunPowerDown                   build/debug/Drivers/STM32G4xx_HAL_Driver/Src/stm32g4xx_hal_flash_ramfunc.o
HAL_FLASHEx_EnableDebugger                        build/debug/Drivers/STM32G4xx_HAL_Driver/Src/stm32g4xx_hal_flash_ex.o
HAL_FLASHEx_EnableRunPowerDown                    build/debug/Drivers/STM32G4xx_HAL_Driver/Src/stm32g4xx_hal_flash_ramfunc.o
HAL_FLASHEx_EnableSecMemProtection                build/debug/Drivers/STM32G4xx_HAL_Driver/Src/stm32g4xx_hal_flash_ex.o
HAL_FLASHEx_Erase                                 build/debug/Drivers/STM32G4xx_HAL_Driver/Src/stm32g4xx_hal_flash_ex.o
HAL_FLASHEx_Erase_IT                              build/debug/Drivers/STM32G4xx_HAL_Driver/Src/stm32g4xx_hal_flash_ex.o
HAL_FLASHEx_OBGetConfig                           build/debug/Drivers/STM32G4xx_HAL_Driver/Src/stm32g4xx_hal_flash_ex.o
HAL_FLASHEx_OBProgram                             build/debug/Drivers/STM32G4xx_HAL_Driver/Src/stm32g4xx_hal_flash_ex.o
HAL_FLASHEx_OB_DBankConfig                        build/debug/Drivers/STM32G4xx_HAL_Driver/Src/stm32g4xx_hal_flash_ramfunc.o
HAL_FLASH_EndOfOperationCallback                  build/debug/Drivers/STM32G4xx_HAL_Driver/Src/stm32g4xx_hal_flash.o
HAL_FLASH_GetError                                build/debug/Drivers/STM32G4xx_HAL_Driver/Src/stm32g4xx_hal_flash.o
HAL_FLASH_IRQHandler                              build/debug/Drivers/STM32G4xx_HAL_Driver/Src/stm32g4xx_hal_flash.o
HAL_FLASH_Lock                                    build/debug/Drivers/STM32G4xx_HAL_Driver/Src/stm32g4xx_hal_flash.o
HAL_FLASH_OB_Launch                               build/debug/Drivers/STM32G4xx_HAL_Driver/Src/stm32g4xx_hal_flash.o
HAL_FLASH_OB_Lock                                 build/debug/Drivers/STM32G4xx_HAL_Driver/Src/stm32g4xx_hal_flash.o
HAL_FLASH_OB_Unlock                               build/debug/Drivers/STM32G4xx_HAL_Driver/Src/stm32g4xx_hal_flash.o
HAL_FLASH_OperationErrorCallback                  build/debug/Drivers/STM32G4xx_HAL_Driver/Src/stm32g4xx_hal_flash.o
HAL_FLASH_Program                                 build/debug/Drivers/STM32G4xx_HAL_Driver/Src/stm32g4xx_hal_flash.o
HAL_FLASH_Program_IT                              build/debug/Drivers/STM32G4xx_HAL_Driver/Src/stm32g4xx_hal_flash.o
HAL_FLASH_Unlock                                  build/debug/Drivers/STM32G4xx_HAL_Driver/Src/stm32g4xx_hal_flash.o
HAL_GPIO_DeInit                                   build/debug/Drivers/STM32G4xx_HAL_Driver/Src/stm32g4xx_hal_gpio.o
                                                  build/debug/Core/Src/usart.o
                                                  build/debug/Core/Src/spi.o
HAL_GPIO_EXTI_Callback                            build/debug/Drivers/STM32G4xx_HAL_Driver/Src/stm32g4xx_hal_gpio.o
HAL_GPIO_EXTI_IRQHandler                          build/debug/Drivers/STM32G4xx_HAL_Driver/Src/stm32g4xx_hal_gpio.o
                                                  build/debug/Core/Src/stm32g4xx_it.o
HAL_GPIO_Init                                     build/debug/Drivers/STM32G4xx_HAL_Driver/Src/stm32g4xx_hal_gpio.o
                                                  build/debug/Drivers/STM32G4xx_HAL_Driver/Src/stm32g4xx_hal_rcc_ex.o
                                                  build/debug/Drivers/STM32G4xx_HAL_Driver/Src/stm32g4xx_hal_rcc.o
                                                  build/debug/Core/Src/usart.o
                                                  build/debug/Core/Src/spi.o
                                                  build/debug/Core/Src/gpio.o
HAL_GPIO_LockPin                                  build/debug/Drivers/STM32G4xx_HAL_Driver/Src/stm32g4xx_hal_gpio.o
HAL_GPIO_ReadPin                                  build/debug/Drivers/STM32G4xx_HAL_Driver/Src/stm32g4xx_hal_gpio.o
HAL_GPIO_TogglePin                                build/debug/Drivers/STM32G4xx_HAL_Driver/Src/stm32g4xx_hal_gpio.o
HAL_GPIO_WritePin                                 build/debug/Drivers/STM32G4xx_HAL_Driver/Src/stm32g4xx_hal_gpio.o
HAL_GetDEVID                                      build/debug/Drivers/STM32G4xx_HAL_Driver/Src/stm32g4xx_hal.o
HAL_GetHalVersion                                 build/debug/Drivers/STM32G4xx_HAL_Driver/Src/stm32g4xx_hal.o
HAL_GetREVID                                      build/debug/Drivers/STM32G4xx_HAL_Driver/Src/stm32g4xx_hal.o
HAL_GetTick                                       build/debug/Drivers/STM32G4xx_HAL_Driver/Src/stm32g4xx_hal.o
                                                  build/debug/Drivers/STM32G4xx_HAL_Driver/Src/stm32g4xx_hal_uart_ex.o
                                                  build/debug/Drivers/STM32G4xx_HAL_Driver/Src/stm32g4xx_hal_uart.o
                                                  build/debug/Drivers/STM32G4xx_HAL_Driver/Src/stm32g4xx_hal_spi.o
                                                  build/debug/Drivers/STM32G4xx_HAL_Driver/Src/stm32g4xx_hal_rcc_ex.o
                                                  build/debug/Drivers/STM32G4xx_HAL_Driver/Src/stm32g4xx_hal_rcc.o
                                                  build/debug/Drivers/STM32G4xx_HAL_Driver/Src/stm32g4xx_hal_flash.o
                                                  build/debug/Drivers/STM32G4xx_HAL_Driver/Src/stm32g4xx_hal_dma.o
HAL_GetTickFreq                                   build/debug/Drivers/STM32G4xx_HAL_Driver/Src/stm32g4xx_hal.o
HAL_GetTickPrio                                   build/debug/Drivers/STM32G4xx_HAL_Driver/Src/stm32g4xx_hal.o
HAL_GetUIDw0                                      build/debug/Drivers/STM32G4xx_HAL_Driver/Src/stm32g4xx_hal.o
HAL_GetUIDw1                                      build/debug/Drivers/STM32G4xx_HAL_Driver/Src/stm32g4xx_hal.o
HAL_GetUIDw2                                      build/debug/Drivers/STM32G4xx_HAL_Driver/Src/stm32g4xx_hal.o
HAL_HalfDuplex_EnableReceiver                     build/debug/Drivers/STM32G4xx_HAL_Driver/Src/stm32g4xx_hal_uart.o
HAL_HalfDuplex_EnableTransmitter                  build/debug/Drivers/STM32G4xx_HAL_Driver/Src/stm32g4xx_hal_uart.o
HAL_HalfDuplex_Init                               build/debug/Drivers/STM32G4xx_HAL_Driver/Src/stm32g4xx_hal_uart.o
HAL_IncTick                                       build/debug/Drivers/STM32G4xx_HAL_Driver/Src/stm32g4xx_hal.o
                                                  build/debug/Core/Src/stm32g4xx_it.o
HAL_Init                                          build/debug/Drivers/STM32G4xx_HAL_Driver/Src/stm32g4xx_hal.o
                                                  build/debug/Core/Src/main.o
HAL_InitTick                                      build/debug/Drivers/STM32G4xx_HAL_Driver/Src/stm32g4xx_hal.o
                                                  build/debug/Drivers/STM32G4xx_HAL_Driver/Src/stm32g4xx_hal_rcc.o
HAL_LIN_Init                                      build/debug/Drivers/STM32G4xx_HAL_Driver/Src/stm32g4xx_hal_uart.o
HAL_LIN_SendBreak                                 build/debug/Drivers/STM32G4xx_HAL_Driver/Src/stm32g4xx_hal_uart.o
HAL_MPU_ConfigRegion                              build/debug/Drivers/STM32G4xx_HAL_Driver/Src/stm32g4xx_hal_cortex.o
HAL_MPU_Disable                                   build/debug/Drivers/STM32G4xx_HAL_Driver/Src/stm32g4xx_hal_cortex.o
HAL_MPU_Enable                                    build/debug/Drivers/STM32G4xx_HAL_Driver/Src/stm32g4xx_hal_cortex.o
HAL_MspDeInit                                     build/debug/Drivers/STM32G4xx_HAL_Driver/Src/stm32g4xx_hal.o
HAL_MspInit                                       build/debug/Core/Src/stm32g4xx_hal_msp.o
HAL_MultiProcessorEx_AddressLength_Set            build/debug/Drivers/STM32G4xx_HAL_Driver/Src/stm32g4xx_hal_uart_ex.o
HAL_MultiProcessor_DisableMuteMode                build/debug/Drivers/STM32G4xx_HAL_Driver/Src/stm32g4xx_hal_uart.o
HAL_MultiProcessor_EnableMuteMode                 build/debug/Drivers/STM32G4xx_HAL_Driver/Src/stm32g4xx_hal_uart.o
HAL_MultiProcessor_EnterMuteMode                  build/debug/Drivers/STM32G4xx_HAL_Driver/Src/stm32g4xx_hal_uart.o
HAL_MultiProcessor_Init                           build/debug/Drivers/STM32G4xx_HAL_Driver/Src/stm32g4xx_hal_uart.o
HAL_NVIC_ClearPendingIRQ                          build/debug/Drivers/STM32G4xx_HAL_Driver/Src/stm32g4xx_hal_cortex.o
HAL_NVIC_DisableIRQ                               build/debug/Drivers/STM32G4xx_HAL_Driver/Src/stm32g4xx_hal_cortex.o
HAL_NVIC_EnableIRQ                                build/debug/Drivers/STM32G4xx_HAL_Driver/Src/stm32g4xx_hal_cortex.o
                                                  build/debug/Core/Src/gpio.o
HAL_NVIC_GetActive                                build/debug/Drivers/STM32G4xx_HAL_Driver/Src/stm32g4xx_hal_cortex.o
HAL_NVIC_GetPendingIRQ                            build/debug/Drivers/STM32G4xx_HAL_Driver/Src/stm32g4xx_hal_cortex.o
HAL_NVIC_GetPriority                              build/debug/Drivers/STM32G4xx_HAL_Driver/Src/stm32g4xx_hal_cortex.o
HAL_NVIC_GetPriorityGrouping                      build/debug/Drivers/STM32G4xx_HAL_Driver/Src/stm32g4xx_hal_cortex.o